Archive member included to satisfy reference by file (symbol)

f:/programy/stm_cube_ide/stm/stm32cubeide_1.8.0/stm32cubeide/plugins/com.st.stm32cube.ide.mcu.externaltools.gnu-tools-for-stm32.9-2020-q2-update.win32_2.0.0.202105311346/tools/bin/../lib/gcc/arm-none-eabi/9.3.1/../../../../arm-none-eabi/lib/thumb/v7e-m+fp/hard\libc_nano.a(lib_a-errno.o)
                              ./Core/Src/syscalls.o (__errno)
f:/programy/stm_cube_ide/stm/stm32cubeide_1.8.0/stm32cubeide/plugins/com.st.stm32cube.ide.mcu.externaltools.gnu-tools-for-stm32.9-2020-q2-update.win32_2.0.0.202105311346/tools/bin/../lib/gcc/arm-none-eabi/9.3.1/../../../../arm-none-eabi/lib/thumb/v7e-m+fp/hard\libc_nano.a(lib_a-exit.o)
                              f:/programy/stm_cube_ide/stm/stm32cubeide_1.8.0/stm32cubeide/plugins/com.st.stm32cube.ide.mcu.externaltools.gnu-tools-for-stm32.9-2020-q2-update.win32_2.0.0.202105311346/tools/bin/../lib/gcc/arm-none-eabi/9.3.1/../../../../arm-none-eabi/lib/thumb/v7e-m+fp/hard/crt0.o (exit)
f:/programy/stm_cube_ide/stm/stm32cubeide_1.8.0/stm32cubeide/plugins/com.st.stm32cube.ide.mcu.externaltools.gnu-tools-for-stm32.9-2020-q2-update.win32_2.0.0.202105311346/tools/bin/../lib/gcc/arm-none-eabi/9.3.1/../../../../arm-none-eabi/lib/thumb/v7e-m+fp/hard\libc_nano.a(lib_a-impure.o)
                              f:/programy/stm_cube_ide/stm/stm32cubeide_1.8.0/stm32cubeide/plugins/com.st.stm32cube.ide.mcu.externaltools.gnu-tools-for-stm32.9-2020-q2-update.win32_2.0.0.202105311346/tools/bin/../lib/gcc/arm-none-eabi/9.3.1/../../../../arm-none-eabi/lib/thumb/v7e-m+fp/hard\libc_nano.a(lib_a-exit.o) (_global_impure_ptr)
f:/programy/stm_cube_ide/stm/stm32cubeide_1.8.0/stm32cubeide/plugins/com.st.stm32cube.ide.mcu.externaltools.gnu-tools-for-stm32.9-2020-q2-update.win32_2.0.0.202105311346/tools/bin/../lib/gcc/arm-none-eabi/9.3.1/../../../../arm-none-eabi/lib/thumb/v7e-m+fp/hard\libc_nano.a(lib_a-init.o)
                              f:/programy/stm_cube_ide/stm/stm32cubeide_1.8.0/stm32cubeide/plugins/com.st.stm32cube.ide.mcu.externaltools.gnu-tools-for-stm32.9-2020-q2-update.win32_2.0.0.202105311346/tools/bin/../lib/gcc/arm-none-eabi/9.3.1/../../../../arm-none-eabi/lib/thumb/v7e-m+fp/hard/crt0.o (__libc_init_array)
f:/programy/stm_cube_ide/stm/stm32cubeide_1.8.0/stm32cubeide/plugins/com.st.stm32cube.ide.mcu.externaltools.gnu-tools-for-stm32.9-2020-q2-update.win32_2.0.0.202105311346/tools/bin/../lib/gcc/arm-none-eabi/9.3.1/../../../../arm-none-eabi/lib/thumb/v7e-m+fp/hard\libc_nano.a(lib_a-itoa.o)
                              ./Core/Src/main.o (itoa)
f:/programy/stm_cube_ide/stm/stm32cubeide_1.8.0/stm32cubeide/plugins/com.st.stm32cube.ide.mcu.externaltools.gnu-tools-for-stm32.9-2020-q2-update.win32_2.0.0.202105311346/tools/bin/../lib/gcc/arm-none-eabi/9.3.1/../../../../arm-none-eabi/lib/thumb/v7e-m+fp/hard\libc_nano.a(lib_a-malloc.o)
                              ./Core/Src/SSD1306.o (malloc)
f:/programy/stm_cube_ide/stm/stm32cubeide_1.8.0/stm32cubeide/plugins/com.st.stm32cube.ide.mcu.externaltools.gnu-tools-for-stm32.9-2020-q2-update.win32_2.0.0.202105311346/tools/bin/../lib/gcc/arm-none-eabi/9.3.1/../../../../arm-none-eabi/lib/thumb/v7e-m+fp/hard\libc_nano.a(lib_a-memcpy-stub.o)
                              ./Core/Src/main.o (memcpy)
f:/programy/stm_cube_ide/stm/stm32cubeide_1.8.0/stm32cubeide/plugins/com.st.stm32cube.ide.mcu.externaltools.gnu-tools-for-stm32.9-2020-q2-update.win32_2.0.0.202105311346/tools/bin/../lib/gcc/arm-none-eabi/9.3.1/../../../../arm-none-eabi/lib/thumb/v7e-m+fp/hard\libc_nano.a(lib_a-memset.o)
                              f:/programy/stm_cube_ide/stm/stm32cubeide_1.8.0/stm32cubeide/plugins/com.st.stm32cube.ide.mcu.externaltools.gnu-tools-for-stm32.9-2020-q2-update.win32_2.0.0.202105311346/tools/bin/../lib/gcc/arm-none-eabi/9.3.1/../../../../arm-none-eabi/lib/thumb/v7e-m+fp/hard/crt0.o (memset)
f:/programy/stm_cube_ide/stm/stm32cubeide_1.8.0/stm32cubeide/plugins/com.st.stm32cube.ide.mcu.externaltools.gnu-tools-for-stm32.9-2020-q2-update.win32_2.0.0.202105311346/tools/bin/../lib/gcc/arm-none-eabi/9.3.1/../../../../arm-none-eabi/lib/thumb/v7e-m+fp/hard\libc_nano.a(lib_a-nano-freer.o)
                              f:/programy/stm_cube_ide/stm/stm32cubeide_1.8.0/stm32cubeide/plugins/com.st.stm32cube.ide.mcu.externaltools.gnu-tools-for-stm32.9-2020-q2-update.win32_2.0.0.202105311346/tools/bin/../lib/gcc/arm-none-eabi/9.3.1/../../../../arm-none-eabi/lib/thumb/v7e-m+fp/hard\libc_nano.a(lib_a-malloc.o) (_free_r)
f:/programy/stm_cube_ide/stm/stm32cubeide_1.8.0/stm32cubeide/plugins/com.st.stm32cube.ide.mcu.externaltools.gnu-tools-for-stm32.9-2020-q2-update.win32_2.0.0.202105311346/tools/bin/../lib/gcc/arm-none-eabi/9.3.1/../../../../arm-none-eabi/lib/thumb/v7e-m+fp/hard\libc_nano.a(lib_a-nano-mallocr.o)
[...]
Memory Configuration

Name             Origin             Length             Attributes
RAM              0x0000000020000000 0x0000000000018000 xrw
FLASH            0x0000000008000000 0x0000000000080000 xr
*default*        0x0000000000000000 0xffffffffffffffff

Linker script and memory map

LOAD f:/programy/stm_cube_ide/stm/stm32cubeide_1.8.0/stm32cubeide/plugins/com.st.stm32cube.ide.mcu.externaltools.gnu-tools-for-stm32.9-2020-q2-update.win32_2.0.0.202105311346/tools/bin/../lib/gcc/arm-none-eabi/9.3.1/thumb/v7e-m+fp/hard/crti.o
LOAD f:/programy/stm_cube_ide/stm/stm32cubeide_1.8.0/stm32cubeide/plugins/com.st.stm32cube.ide.mcu.externaltools.gnu-tools-for-stm32.9-2020-q2-update.win32_2.0.0.202105311346/tools/bin/../lib/gcc/arm-none-eabi/9.3.1/thumb/v7e-m+fp/hard/crtbegin.o
LOAD f:/programy/stm_cube_ide/stm/stm32cubeide_1.8.0/stm32cubeide/plugins/com.st.stm32cube.ide.mcu.externaltools.gnu-tools-for-stm32.9-2020-q2-update.win32_2.0.0.202105311346/tools/bin/../lib/gcc/arm-none-eabi/9.3.1/../../../../arm-none-eabi/lib/thumb/v7e-m+fp/hard/crt0.o
LOAD ./Core/Src/GFX.o
LOAD ./Core/Src/SSD1306.o
LOAD ./Core/Src/dma.o
LOAD ./Core/Src/gpio.o
LOAD ./Core/Src/i2c.o
LOAD ./Core/Src/main.o
LOAD ./Core/Src/stm32f4xx_hal_msp.o
LOAD ./Core/Src/stm32f4xx_it.o
LOAD ./Core/Src/syscalls.o
LOAD ./Core/Src/sysmem.o
LOAD ./Core/Src/system_stm32f4xx.o
LOAD ./Core/Src/tim.o
LOAD ./Core/Src/usart.o
LOAD ./Core/Startup/startup_stm32f401retx.o
LOAD ./Drivers/STM32F4xx_HAL_Driver/Src/stm32f4xx_hal.o
LOAD ./Drivers/STM32F4xx_HAL_Driver/Src/stm32f4xx_hal_cortex.o
LOAD ./Drivers/STM32F4xx_HAL_Driver/Src/stm32f4xx_hal_dma.o
LOAD ./Drivers/STM32F4xx_HAL_Driver/Src/stm32f4xx_hal_dma_ex.o
LOAD ./Drivers/STM32F4xx_HAL_Driver/Src/stm32f4xx_hal_exti.o
LOAD ./Drivers/STM32F4xx_HAL_Driver/Src/stm32f4xx_hal_flash.o
LOAD ./Drivers/STM32F4xx_HAL_Driver/Src/stm32f4xx_hal_flash_ex.o
LOAD ./Drivers/STM32F4xx_HAL_Driver/Src/stm32f4xx_hal_flash_ramfunc.o
LOAD ./Drivers/STM32F4xx_HAL_Driver/Src/stm32f4xx_hal_gpio.o
LOAD ./Drivers/STM32F4xx_HAL_Driver/Src/stm32f4xx_hal_i2c.o
LOAD ./Drivers/STM32F4xx_HAL_Driver/Src/stm32f4xx_hal_i2c_ex.o
LOAD ./Drivers/STM32F4xx_HAL_Driver/Src/stm32f4xx_hal_pwr.o
LOAD ./Drivers/STM32F4xx_HAL_Driver/Src/stm32f4xx_hal_pwr_ex.o
LOAD ./Drivers/STM32F4xx_HAL_Driver/Src/stm32f4xx_hal_rcc.o
LOAD ./Drivers/STM32F4xx_HAL_Driver/Src/stm32f4xx_hal_rcc_ex.o
LOAD ./Drivers/STM32F4xx_HAL_Driver/Src/stm32f4xx_hal_tim.o
LOAD ./Drivers/STM32F4xx_HAL_Driver/Src/stm32f4xx_hal_tim_ex.o
LOAD ./Drivers/STM32F4xx_HAL_Driver/Src/stm32f4xx_hal_uart.o
START GROUP
LOAD f:/programy/stm_cube_ide/stm/stm32cubeide_1.8.0/stm32cubeide/plugins/com.st.stm32cube.ide.mcu.externaltools.gnu-tools-for-stm32.9-2020-q2-update.win32_2.0.0.202105311346/tools/bin/../lib/gcc/arm-none-eabi/9.3.1/../../../../arm-none-eabi/lib/thumb/v7e-m+fp/hard\libstdc++_nano.a
LOAD f:/programy/stm_cube_ide/stm/stm32cubeide_1.8.0/stm32cubeide/plugins/com.st.stm32cube.ide.mcu.externaltools.gnu-tools-for-stm32.9-2020-q2-update.win32_2.0.0.202105311346/tools/bin/../lib/gcc/arm-none-eabi/9.3.1/../../../../arm-none-eabi/lib/thumb/v7e-m+fp/hard\libsupc++_nano.a
END GROUP
LOAD f:/programy/stm_cube_ide/stm/stm32cubeide_1.8.0/stm32cubeide/plugins/com.st.stm32cube.ide.mcu.externaltools.gnu-tools-for-stm32.9-2020-q2-update.win32_2.0.0.202105311346/tools/bin/../lib/gcc/arm-none-eabi/9.3.1/../../../../arm-none-eabi/lib/thumb/v7e-m+fp/hard\libstdc++_nano.a
LOAD f:/programy/stm_cube_ide/stm/stm32cubeide_1.8.0/stm32cubeide/plugins/com.st.stm32cube.ide.mcu.externaltools.gnu-tools-for-stm32.9-2020-q2-update.win32_2.0.0.202105311346/tools/bin/../lib/gcc/arm-none-eabi/9.3.1/../../../../arm-none-eabi/lib/thumb/v7e-m+fp/hard\libm.a
LOAD f:/programy/stm_cube_ide/stm/stm32cubeide_1.8.0/stm32cubeide/plugins/com.st.stm32cube.ide.mcu.externaltools.gnu-tools-for-stm32.9-2020-q2-update.win32_2.0.0.202105311346/tools/bin/../lib/gcc/arm-none-eabi/9.3.1/../../../../arm-none-eabi/lib/thumb/v7e-m+fp/hard\libc_nano.a
START GROUP
LOAD f:/programy/stm_cube_ide/stm/stm32cubeide_1.8.0/stm32cubeide/plugins/com.st.stm32cube.ide.mcu.externaltools.gnu-tools-for-stm32.9-2020-q2-update.win32_2.0.0.202105311346/tools/bin/../lib/gcc/arm-none-eabi/9.3.1/thumb/v7e-m+fp/hard\libgcc.a
LOAD f:/programy/stm_cube_ide/stm/stm32cubeide_1.8.0/stm32cubeide/plugins/com.st.stm32cube.ide.mcu.externaltools.gnu-tools-for-stm32.9-2020-q2-update.win32_2.0.0.202105311346/tools/bin/../lib/gcc/arm-none-eabi/9.3.1/../../../../arm-none-eabi/lib/thumb/v7e-m+fp/hard\libc_nano.a
END GROUP
START GROUP
LOAD f:/programy/stm_cube_ide/stm/stm32cubeide_1.8.0/stm32cubeide/plugins/com.st.stm32cube.ide.mcu.externaltools.gnu-tools-for-stm32.9-2020-q2-update.win32_2.0.0.202105311346/tools/bin/../lib/gcc/arm-none-eabi/9.3.1/thumb/v7e-m+fp/hard\libgcc.a
LOAD f:/programy/stm_cube_ide/stm/stm32cubeide_1.8.0/stm32cubeide/plugins/com.st.stm32cube.ide.mcu.externaltools.gnu-tools-for-stm32.9-2020-q2-update.win32_2.0.0.202105311346/tools/bin/../lib/gcc/arm-none-eabi/9.3.1/../../../../arm-none-eabi/lib/thumb/v7e-m+fp/hard\libc_nano.a
LOAD f:/programy/stm_cube_ide/stm/stm32cubeide_1.8.0/stm32cubeide/plugins/com.st.stm32cube.ide.mcu.externaltools.gnu-tools-for-stm32.9-2020-q2-update.win32_2.0.0.202105311346/tools/bin/../lib/gcc/arm-none-eabi/9.3.1/../../../../arm-none-eabi/lib/thumb/v7e-m+fp/hard\libnosys.a
END GROUP
START GROUP
LOAD f:/programy/stm_cube_ide/stm/stm32cubeide_1.8.0/stm32cubeide/plugins/com.st.stm32cube.ide.mcu.externaltools.gnu-tools-for-stm32.9-2020-q2-update.win32_2.0.0.202105311346/tools/bin/../lib/gcc/arm-none-eabi/9.3.1/thumb/v7e-m+fp/hard\libgcc.a
LOAD f:/programy/stm_cube_ide/stm/stm32cubeide_1.8.0/stm32cubeide/plugins/com.st.stm32cube.ide.mcu.externaltools.gnu-tools-for-stm32.9-2020-q2-update.win32_2.0.0.202105311346/tools/bin/../lib/gcc/arm-none-eabi/9.3.1/../../../../arm-none-eabi/lib/thumb/v7e-m+fp/hard\libc_nano.a
LOAD f:/programy/stm_cube_ide/stm/stm32cubeide_1.8.0/stm32cubeide/plugins/com.st.stm32cube.ide.mcu.externaltools.gnu-tools-for-stm32.9-2020-q2-update.win32_2.0.0.202105311346/tools/bin/../lib/gcc/arm-none-eabi/9.3.1/../../../../arm-none-eabi/lib/thumb/v7e-m+fp/hard\libnosys.a
END GROUP
LOAD f:/programy/stm_cube_ide/stm/stm32cubeide_1.8.0/stm32cubeide/plugins/com.st.stm32cube.ide.mcu.externaltools.gnu-tools-for-stm32.9-2020-q2-update.win32_2.0.0.202105311346/tools/bin/../lib/gcc/arm-none-eabi/9.3.1/thumb/v7e-m+fp/hard/crtend.o
LOAD f:/programy/stm_cube_ide/stm/stm32cubeide_1.8.0/stm32cubeide/plugins/com.st.stm32cube.ide.mcu.externaltools.gnu-tools-for-stm32.9-2020-q2-update.win32_2.0.0.202105311346/tools/bin/../lib/gcc/arm-none-eabi/9.3.1/thumb/v7e-m+fp/hard/crtn.o
                0x0000000020018000                _estack = (ORIGIN (RAM) + LENGTH (RAM))
                0x0000000000000200                _Min_Heap_Size = 0x200
                0x0000000000000400                _Min_Stack_Size = 0x400

.isr_vector     0x0000000008000000      0x194
                0x0000000008000000                . = ALIGN (0x4)
 *(.isr_vector)
 .isr_vector    0x0000000008000000      0x194 ./Core/Startup/startup_stm32f401retx.o
                0x0000000008000000                g_pfnVectors
                0x0000000008000194                . = ALIGN (0x4)

.text           0x0000000008000198     0x8acc
                0x0000000008000198                . = ALIGN (0x4)
 *(.text)
 .text          0x0000000008000198       0x40 f:/programy/stm_cube_ide/stm/stm32cubeide_1.8.0/stm32cubeide/plugins/com.st.stm32cube.ide.mcu.externaltools.gnu-tools-for-stm32.9-2020-q2-update.win32_2.0.0.202105311346/tools/bin/../lib/gcc/arm-none-eabi/9.3.1/thumb/v7e-m+fp/hard/crtbegin.o
 .text          0x00000000080001d8      0x378 f:/programy/stm_cube_ide/stm/stm32cubeide_1.8.0/stm32cubeide/plugins/com.st.stm32cube.ide.mcu.externaltools.gnu-tools-for-stm32.9-2020-q2-update.win32_2.0.0.202105311346/tools/bin/../lib/gcc/arm-none-eabi/9.3.1/thumb/v7e-m+fp/hard\libgcc.a(_arm_addsubdf3.o)
                0x00000000080001d8                __aeabi_drsub
                0x00000000080001e0                __aeabi_dsub
                0x00000000080001e0                __subdf3
                0x00000000080001e4                __aeabi_dadd
                0x00000000080001e4                __adddf3
                0x000000000800045c                __floatunsidf
                0x000000000800045c                __aeabi_ui2d
                0x000000000800047c                __floatsidf
                0x000000000800047c                __aeabi_i2d
                0x00000000080004a0                __aeabi_f2d
                0x00000000080004a0                __extendsfdf2
                0x00000000080004e4                __floatundidf
                0x00000000080004e4                __aeabi_ul2d
                0x00000000080004f4                __floatdidf
                0x00000000080004f4                __aeabi_l2d
 .text          0x0000000008000550      0x424 f:/programy/stm_cube_ide/stm/stm32cubeide_1.8.0/stm32cubeide/plugins/com.st.stm32cube.ide.mcu.externaltools.gnu-tools-for-stm32.9-2020-q2-update.win32_2.0.0.202105311346/tools/bin/../lib/gcc/arm-none-eabi/9.3.1/thumb/v7e-m+fp/hard\libgcc.a(_arm_muldivdf3.o)
                0x0000000008000550                __aeabi_dmul
                0x0000000008000550                __muldf3
                0x00000000080007a4                __divdf3
                0x00000000080007a4                __aeabi_ddiv
 .text          0x0000000008000974      0x110 f:/programy/stm_cube_ide/stm/stm32cubeide_1.8.0/stm32cubeide/plugins/com.st.stm32cube.ide.mcu.externaltools.gnu-tools-for-stm32.9-2020-q2-update.win32_2.0.0.202105311346/tools/bin/../lib/gcc/arm-none-eabi/9.3.1/thumb/v7e-m+fp/hard\libgcc.a(_arm_cmpdf2.o)
                0x0000000008000974                __gtdf2
                0x0000000008000974                __gedf2
                0x000000000800097c                __ltdf2
                0x000000000800097c                __ledf2
                0x0000000008000984                __nedf2
                0x0000000008000984                __eqdf2
                0x0000000008000984                __cmpdf2
                0x0000000008000a00                __aeabi_cdrcmple
                0x0000000008000a10                __aeabi_cdcmpeq
                0x0000000008000a10                __aeabi_cdcmple
                0x0000000008000a20                __aeabi_dcmpeq
                0x0000000008000a34                __aeabi_dcmplt
                0x0000000008000a48                __aeabi_dcmple
                0x0000000008000a5c                __aeabi_dcmpge
                0x0000000008000a70                __aeabi_dcmpgt
 .text          0x0000000008000a84       0x40 f:/programy/stm_cube_ide/stm/stm32cubeide_1.8.0/stm32cubeide/plugins/com.st.stm32cube.ide.mcu.externaltools.gnu-tools-for-stm32.9-2020-q2-update.win32_2.0.0.202105311346/tools/bin/../lib/gcc/arm-none-eabi/9.3.1/thumb/v7e-m+fp/hard\libgcc.a(_arm_fixunsdfsi.o)
                0x0000000008000a84                __aeabi_d2uiz
                0x0000000008000a84                __fixunsdfsi
 .text          0x0000000008000ac4       0x30 f:/programy/stm_cube_ide/stm/stm32cubeide_1.8.0/stm32cubeide/plugins/com.st.stm32cube.ide.mcu.externaltools.gnu-tools-for-stm32.9-2020-q2-update.win32_2.0.0.202105311346/tools/bin/../lib/gcc/arm-none-eabi/9.3.1/thumb/v7e-m+fp/hard\libgcc.a(_aeabi_uldivmod.o)
                0x0000000008000ac4                __aeabi_uldivmod
 .text          0x0000000008000af4      0x2c4 f:/programy/stm_cube_ide/stm/stm32cubeide_1.8.0/stm32cubeide/plugins/com.st.stm32cube.ide.mcu.externaltools.gnu-tools-for-stm32.9-2020-q2-update.win32_2.0.0.202105311346/tools/bin/../lib/gcc/arm-none-eabi/9.3.1/thumb/v7e-m+fp/hard\libgcc.a(_udivmoddi4.o)
                0x0000000008000af4                __udivmoddi4
 .text          0x0000000008000db8        0x4 f:/programy/stm_cube_ide/stm/stm32cubeide_1.8.0/stm32cubeide/plugins/com.st.stm32cube.ide.mcu.externaltools.gnu-tools-for-stm32.9-2020-q2-update.win32_2.0.0.202105311346/tools/bin/../lib/gcc/arm-none-eabi/9.3.1/thumb/v7e-m+fp/hard\libgcc.a(_dvmd_tls.o)
                0x0000000008000db8                __aeabi_idiv0
                0x0000000008000db8                __aeabi_ldiv0
 *(.text*)
 .text.GFX_draw_char
                0x0000000008000dbc      0x234 ./Core/Src/GFX.o
                0x0000000008000dbc                GFX_draw_char
 .text.GFX_draw_string
                0x0000000008000ff0       0x72 ./Core/Src/GFX.o
                0x0000000008000ff0                GFX_draw_string
 .text.GFX_draw_fill_rect
                0x0000000008001062       0x5e ./Core/Src/GFX.o
                0x0000000008001062                GFX_draw_fill_rect
 .text.platform_write
                0x00000000080010c0       0x38 ./Core/Src/SSD1306.o
 .text.platform_write_dma
                0x00000000080010f8       0x34 ./Core/Src/SSD1306.o
 .text.SSD1306_send_com
                0x000000000800112c       0x1e ./Core/Src/SSD1306.o
 *fill*         0x000000000800114a        0x2 
 .text.SSD1306_init
                0x000000000800114c      0x118 ./Core/Src/SSD1306.o
                0x000000000800114c                SSD1306_init
 .text.SSD1306_draw_pixel
                0x0000000008001264      0x1b4 ./Core/Src/SSD1306.o
                0x0000000008001264                SSD1306_draw_pixel
 .text.SSD1306_display_clear
                0x0000000008001418       0x1c ./Core/Src/SSD1306.o
                0x0000000008001418                SSD1306_display_clear
 .text.SSD1306_draw_fast_hline
                0x0000000008001434       0xf0 ./Core/Src/SSD1306.o
                0x0000000008001434                SSD1306_draw_fast_hline
 .text.SSD1306_draw_fast_hline_internal
                0x0000000008001524      0x124 ./Core/Src/SSD1306.o
                0x0000000008001524                SSD1306_draw_fast_hline_internal
 .text.SSD1306_draw_fast_vline
                0x0000000008001648       0xf0 ./Core/Src/SSD1306.o
                0x0000000008001648                SSD1306_draw_fast_vline
 .text.SSD1306_draw_fast_vline_internal
                0x0000000008001738      0x1f4 ./Core/Src/SSD1306.o
                0x0000000008001738                SSD1306_draw_fast_vline_internal
 .text.SSD1306_display_repaint
                0x000000000800192c       0x4c ./Core/Src/SSD1306.o
                0x000000000800192c                SSD1306_display_repaint
 .text.SSD1306_set_rotation
                0x0000000008001978       0x20 ./Core/Src/SSD1306.o
                0x0000000008001978                SSD1306_set_rotation
 .text.SSD1306_get_rotation
                0x0000000008001998       0x18 ./Core/Src/SSD1306.o
                0x0000000008001998                SSD1306_get_rotation
 .text.MX_DMA_Init
                0x00000000080019b0       0x50 ./Core/Src/dma.o
                0x00000000080019b0                MX_DMA_Init
 .text.MX_GPIO_Init
                0x0000000008001a00      0x138 ./Core/Src/gpio.o
                0x0000000008001a00                MX_GPIO_Init
 .text.MX_I2C1_Init
                0x0000000008001b38       0x5c ./Core/Src/i2c.o
                0x0000000008001b38                MX_I2C1_Init
 .text.HAL_I2C_MspInit
                0x0000000008001b94      0x104 ./Core/Src/i2c.o
                0x0000000008001b94                HAL_I2C_MspInit
 .text.frameTransform
                0x0000000008001c98       0x44 ./Core/Src/main.o
                0x0000000008001c98                frameTransform
 .text.errorCheck
                0x0000000008001cdc       0x48 ./Core/Src/main.o
                0x0000000008001cdc                errorCheck
 .text.frameToName
                0x0000000008001d24       0xf0 ./Core/Src/main.o
                0x0000000008001d24                frameToName
 .text.calculatePID
                0x0000000008001e14      0x238 ./Core/Src/main.o
                0x0000000008001e14                calculatePID
 .text.initWork
                0x000000000800204c       0x34 ./Core/Src/main.o
                0x000000000800204c                initWork
 .text.HAL_UARTEx_RxEventCallback
                0x0000000008002080       0x44 ./Core/Src/main.o
                0x0000000008002080                HAL_UARTEx_RxEventCallback
 .text.firstScreenOled
                0x00000000080020c4      0x204 ./Core/Src/main.o
                0x00000000080020c4                firstScreenOled
 .text.engineControl
                0x00000000080022c8      0x24c ./Core/Src/main.o
                0x00000000080022c8                engineControl
 .text.main     0x0000000008002514       0xc4 ./Core/Src/main.o
                0x0000000008002514                main
 .text.SystemClock_Config
                0x00000000080025d8       0xd4 ./Core/Src/main.o
                0x00000000080025d8                SystemClock_Config
 .text.Error_Handler
                0x00000000080026ac        0xa ./Core/Src/main.o
                0x00000000080026ac                Error_Handler
 *fill*         0x00000000080026b6        0x2 
 .text.HAL_MspInit
                0x00000000080026b8       0x50 ./Core/Src/stm32f4xx_hal_msp.o
                0x00000000080026b8                HAL_MspInit
 .text.NMI_Handler
                0x0000000008002708        0x6 ./Core/Src/stm32f4xx_it.o
                0x0000000008002708                NMI_Handler
 .text.HardFault_Handler
                0x000000000800270e        0x6 ./Core/Src/stm32f4xx_it.o
                0x000000000800270e                HardFault_Handler
 .text.MemManage_Handler
                0x0000000008002714        0x6 ./Core/Src/stm32f4xx_it.o
                0x0000000008002714                MemManage_Handler
 .text.BusFault_Handler
                0x000000000800271a        0x6 ./Core/Src/stm32f4xx_it.o
                0x000000000800271a                BusFault_Handler
 .text.UsageFault_Handler
                0x0000000008002720        0x6 ./Core/Src/stm32f4xx_it.o
                0x0000000008002720                UsageFault_Handler
 .text.SVC_Handler
                0x0000000008002726        0xe ./Core/Src/stm32f4xx_it.o
                0x0000000008002726                SVC_Handler
 .text.DebugMon_Handler
                0x0000000008002734        0xe ./Core/Src/stm32f4xx_it.o
                0x0000000008002734                DebugMon_Handler
 .text.PendSV_Handler
                0x0000000008002742        0xe ./Core/Src/stm32f4xx_it.o
                0x0000000008002742                PendSV_Handler
 .text.SysTick_Handler
                0x0000000008002750        0xc ./Core/Src/stm32f4xx_it.o
                0x0000000008002750                SysTick_Handler
 .text.DMA1_Stream5_IRQHandler
                0x000000000800275c       0x14 ./Core/Src/stm32f4xx_it.o
                0x000000000800275c                DMA1_Stream5_IRQHandler
 .text.TIM3_IRQHandler
                0x0000000008002770       0x14 ./Core/Src/stm32f4xx_it.o
                0x0000000008002770                TIM3_IRQHandler
 .text.TIM4_IRQHandler
                0x0000000008002784       0x14 ./Core/Src/stm32f4xx_it.o
                0x0000000008002784                TIM4_IRQHandler
 .text.I2C1_EV_IRQHandler
                0x0000000008002798       0x14 ./Core/Src/stm32f4xx_it.o
                0x0000000008002798                I2C1_EV_IRQHandler
 .text.USART2_IRQHandler
                0x00000000080027ac       0x14 ./Core/Src/stm32f4xx_it.o
                0x00000000080027ac                USART2_IRQHandler
 .text.DMA1_Stream7_IRQHandler
                0x00000000080027c0       0x14 ./Core/Src/stm32f4xx_it.o
                0x00000000080027c0                DMA1_Stream7_IRQHandler
 .text._sbrk    0x00000000080027d4       0x6c ./Core/Src/sysmem.o
                0x00000000080027d4                _sbrk
 .text.SystemInit
                0x0000000008002840       0x24 ./Core/Src/system_stm32f4xx.o
                0x0000000008002840                SystemInit
 .text.MX_TIM2_Init
                0x0000000008002864       0xe0 ./Core/Src/tim.o
                0x0000000008002864                MX_TIM2_Init
 .text.MX_TIM3_Init
                0x0000000008002944       0xa8 ./Core/Src/tim.o
                0x0000000008002944                MX_TIM3_Init
 .text.MX_TIM4_Init
                0x00000000080029ec       0xac ./Core/Src/tim.o
                0x00000000080029ec                MX_TIM4_Init
 .text.HAL_TIM_PWM_MspInit
                0x0000000008002a98       0x40 ./Core/Src/tim.o
                0x0000000008002a98                HAL_TIM_PWM_MspInit
 .text.HAL_TIM_Encoder_MspInit
                0x0000000008002ad8      0x11c ./Core/Src/tim.o
                0x0000000008002ad8                HAL_TIM_Encoder_MspInit
 .text.HAL_TIM_MspPostInit
                0x0000000008002bf4       0xb0 ./Core/Src/tim.o
                0x0000000008002bf4                HAL_TIM_MspPostInit
 .text.MX_USART2_UART_Init
                0x0000000008002ca4       0x54 ./Core/Src/usart.o
                0x0000000008002ca4                MX_USART2_UART_Init
 .text.HAL_UART_MspInit
                0x0000000008002cf8      0x104 ./Core/Src/usart.o
                0x0000000008002cf8                HAL_UART_MspInit
 .text.Reset_Handler
                0x0000000008002dfc       0x50 ./Core/Startup/startup_stm32f401retx.o
                0x0000000008002dfc                Reset_Handler
 .text.Default_Handler
                0x0000000008002e4c        0x2 ./Core/Startup/startup_stm32f401retx.o
                0x0000000008002e4c                RTC_Alarm_IRQHandler
                0x0000000008002e4c                EXTI2_IRQHandler
                0x0000000008002e4c                SPI4_IRQHandler
                0x0000000008002e4c                TIM1_CC_IRQHandler
                0x0000000008002e4c                DMA2_Stream5_IRQHandler
                0x0000000008002e4c                PVD_IRQHandler
                0x0000000008002e4c                SDIO_IRQHandler
                0x0000000008002e4c                TAMP_STAMP_IRQHandler
                0x0000000008002e4c                EXTI3_IRQHandler
                0x0000000008002e4c                TIM1_UP_TIM10_IRQHandler
                0x0000000008002e4c                I2C3_ER_IRQHandler
                0x0000000008002e4c                EXTI0_IRQHandler
                0x0000000008002e4c                I2C2_EV_IRQHandler
                0x0000000008002e4c                DMA1_Stream2_IRQHandler
                0x0000000008002e4c                FPU_IRQHandler
                0x0000000008002e4c                DMA2_Stream2_IRQHandler
                0x0000000008002e4c                SPI1_IRQHandler
                0x0000000008002e4c                TIM1_BRK_TIM9_IRQHandler
                0x0000000008002e4c                DMA2_Stream3_IRQHandler
                0x0000000008002e4c                USART6_IRQHandler
                0x0000000008002e4c                DMA2_Stream0_IRQHandler
                0x0000000008002e4c                DMA1_Stream6_IRQHandler
                0x0000000008002e4c                DMA1_Stream1_IRQHandler
                0x0000000008002e4c                RCC_IRQHandler
                0x0000000008002e4c                Default_Handler
                0x0000000008002e4c                EXTI15_10_IRQHandler
                0x0000000008002e4c                ADC_IRQHandler
                0x0000000008002e4c                TIM5_IRQHandler
                0x0000000008002e4c                DMA2_Stream7_IRQHandler
                0x0000000008002e4c                I2C3_EV_IRQHandler
                0x0000000008002e4c                EXTI9_5_IRQHandler
                0x0000000008002e4c                RTC_WKUP_IRQHandler
                0x0000000008002e4c                SPI2_IRQHandler
                0x0000000008002e4c                DMA1_Stream0_IRQHandler
                0x0000000008002e4c                EXTI4_IRQHandler
                0x0000000008002e4c                WWDG_IRQHandler
                0x0000000008002e4c                TIM2_IRQHandler
                0x0000000008002e4c                OTG_FS_WKUP_IRQHandler
                0x0000000008002e4c                TIM1_TRG_COM_TIM11_IRQHandler
                0x0000000008002e4c                EXTI1_IRQHandler
                0x0000000008002e4c                I2C2_ER_IRQHandler
                0x0000000008002e4c                DMA2_Stream1_IRQHandler
                0x0000000008002e4c                FLASH_IRQHandler
                0x0000000008002e4c                DMA2_Stream4_IRQHandler
                0x0000000008002e4c                USART1_IRQHandler
                0x0000000008002e4c                OTG_FS_IRQHandler
                0x0000000008002e4c                SPI3_IRQHandler
                0x0000000008002e4c                DMA1_Stream4_IRQHandler
                0x0000000008002e4c                I2C1_ER_IRQHandler
                0x0000000008002e4c                DMA2_Stream6_IRQHandler
                0x0000000008002e4c                DMA1_Stream3_IRQHandler
 *fill*         0x0000000008002e4e        0x2 
 .text.HAL_Init
                0x0000000008002e50       0x44 ./Drivers/STM32F4xx_HAL_Driver/Src/stm32f4xx_hal.o
                0x0000000008002e50                HAL_Init
 .text.HAL_InitTick
                0x0000000008002e94       0x60 ./Drivers/STM32F4xx_HAL_Driver/Src/stm32f4xx_hal.o
                0x0000000008002e94                HAL_InitTick
 .text.HAL_IncTick
                0x0000000008002ef4       0x28 ./Drivers/STM32F4xx_HAL_Driver/Src/stm32f4xx_hal.o
                0x0000000008002ef4                HAL_IncTick
 .text.HAL_GetTick
                0x0000000008002f1c       0x18 ./Drivers/STM32F4xx_HAL_Driver/Src/stm32f4xx_hal.o
                0x0000000008002f1c                HAL_GetTick
 .text.HAL_Delay
                0x0000000008002f34       0x48 ./Drivers/STM32F4xx_HAL_Driver/Src/stm32f4xx_hal.o
                0x0000000008002f34                HAL_Delay
 .text.__NVIC_SetPriorityGrouping
                0x0000000008002f7c       0x48 ./Drivers/STM32F4xx_HAL_Driver/Src/stm32f4xx_hal_cortex.o
 .text.__NVIC_GetPriorityGrouping
                0x0000000008002fc4       0x1c ./Drivers/STM32F4xx_HAL_Driver/Src/stm32f4xx_hal_cortex.o
 .text.__NVIC_EnableIRQ
                0x0000000008002fe0       0x3c ./Drivers/STM32F4xx_HAL_Driver/Src/stm32f4xx_hal_cortex.o
 .text.__NVIC_SetPriority
                0x000000000800301c       0x54 ./Drivers/STM32F4xx_HAL_Driver/Src/stm32f4xx_hal_cortex.o
 .text.NVIC_EncodePriority
                0x0000000008003070       0x66 ./Drivers/STM32F4xx_HAL_Driver/Src/stm32f4xx_hal_cortex.o
 *fill*         0x00000000080030d6        0x2 
 .text.SysTick_Config
                0x00000000080030d8       0x44 ./Drivers/STM32F4xx_HAL_Driver/Src/stm32f4xx_hal_cortex.o
 .text.HAL_NVIC_SetPriorityGrouping
                0x000000000800311c       0x16 ./Drivers/STM32F4xx_HAL_Driver/Src/stm32f4xx_hal_cortex.o
                0x000000000800311c                HAL_NVIC_SetPriorityGrouping
 .text.HAL_NVIC_SetPriority
                0x0000000008003132       0x38 ./Drivers/STM32F4xx_HAL_Driver/Src/stm32f4xx_hal_cortex.o
                0x0000000008003132                HAL_NVIC_SetPriority
 .text.HAL_NVIC_EnableIRQ
                0x000000000800316a       0x1c ./Drivers/STM32F4xx_HAL_Driver/Src/stm32f4xx_hal_cortex.o
                0x000000000800316a                HAL_NVIC_EnableIRQ
 .text.HAL_SYSTICK_Config
                0x0000000008003186       0x18 ./Drivers/STM32F4xx_HAL_Driver/Src/stm32f4xx_hal_cortex.o
                0x0000000008003186                HAL_SYSTICK_Config
 *fill*         0x000000000800319e        0x2 
 .text.HAL_DMA_Init
                0x00000000080031a0      0x15c ./Drivers/STM32F4xx_HAL_Driver/Src/stm32f4xx_hal_dma.o
                0x00000000080031a0                HAL_DMA_Init
 .text.HAL_DMA_Start_IT
                0x00000000080032fc       0xb0 ./Drivers/STM32F4xx_HAL_Driver/Src/stm32f4xx_hal_dma.o
                0x00000000080032fc                HAL_DMA_Start_IT
 .text.HAL_DMA_Abort
                0x00000000080033ac       0xe0 ./Drivers/STM32F4xx_HAL_Driver/Src/stm32f4xx_hal_dma.o
                0x00000000080033ac                HAL_DMA_Abort
 .text.HAL_DMA_Abort_IT
                0x000000000800348c       0x44 ./Drivers/STM32F4xx_HAL_Driver/Src/stm32f4xx_hal_dma.o
                0x000000000800348c                HAL_DMA_Abort_IT
 .text.HAL_DMA_IRQHandler
                0x00000000080034d0      0x314 ./Drivers/STM32F4xx_HAL_Driver/Src/stm32f4xx_hal_dma.o
                0x00000000080034d0                HAL_DMA_IRQHandler
 .text.HAL_DMA_GetState
                0x00000000080037e4       0x1c ./Drivers/STM32F4xx_HAL_Driver/Src/stm32f4xx_hal_dma.o
                0x00000000080037e4                HAL_DMA_GetState
 .text.HAL_DMA_GetError
                0x0000000008003800       0x18 ./Drivers/STM32F4xx_HAL_Driver/Src/stm32f4xx_hal_dma.o
                0x0000000008003800                HAL_DMA_GetError
 .text.DMA_SetConfig
                0x0000000008003818       0x5c ./Drivers/STM32F4xx_HAL_Driver/Src/stm32f4xx_hal_dma.o
 .text.DMA_CalcBaseAndBitshift
                0x0000000008003874       0x6c ./Drivers/STM32F4xx_HAL_Driver/Src/stm32f4xx_hal_dma.o
 .text.DMA_CheckFifoParam
                0x00000000080038e0       0xf8 ./Drivers/STM32F4xx_HAL_Driver/Src/stm32f4xx_hal_dma.o
 .text.HAL_GPIO_Init
                0x00000000080039d8      0x308 ./Drivers/STM32F4xx_HAL_Driver/Src/stm32f4xx_hal_gpio.o
                0x00000000080039d8                HAL_GPIO_Init
 .text.HAL_GPIO_WritePin
                0x0000000008003ce0       0x32 ./Drivers/STM32F4xx_HAL_Driver/Src/stm32f4xx_hal_gpio.o
                0x0000000008003ce0                HAL_GPIO_WritePin
 .text.HAL_GPIO_TogglePin
                0x0000000008003d12       0x34 ./Drivers/STM32F4xx_HAL_Driver/Src/stm32f4xx_hal_gpio.o
                0x0000000008003d12                HAL_GPIO_TogglePin
 *fill*         0x0000000008003d46        0x2 
 .text.HAL_I2C_Init
                0x0000000008003d48      0x288 ./Drivers/STM32F4xx_HAL_Driver/Src/stm32f4xx_hal_i2c.o
                0x0000000008003d48                HAL_I2C_Init
 .text.HAL_I2C_Mem_Write
                0x0000000008003fd0      0x1f4 ./Drivers/STM32F4xx_HAL_Driver/Src/stm32f4xx_hal_i2c.o
                0x0000000008003fd0                HAL_I2C_Mem_Write
 .text.HAL_I2C_Mem_Write_DMA
                0x00000000080041c4      0x2c4 ./Drivers/STM32F4xx_HAL_Driver/Src/stm32f4xx_hal_i2c.o
                0x00000000080041c4                HAL_I2C_Mem_Write_DMA
 .text.HAL_I2C_EV_IRQHandler
                0x0000000008004488      0x2e2 ./Drivers/STM32F4xx_HAL_Driver/Src/stm32f4xx_hal_i2c.o
                0x0000000008004488                HAL_I2C_EV_IRQHandler
 .text.HAL_I2C_MasterTxCpltCallback
                0x000000000800476a       0x14 ./Drivers/STM32F4xx_HAL_Driver/Src/stm32f4xx_hal_i2c.o
                0x000000000800476a                HAL_I2C_MasterTxCpltCallback
 .text.HAL_I2C_MasterRxCpltCallback
                0x000000000800477e       0x14 ./Drivers/STM32F4xx_HAL_Driver/Src/stm32f4xx_hal_i2c.o
                0x000000000800477e                HAL_I2C_MasterRxCpltCallback
 .text.HAL_I2C_SlaveTxCpltCallback
                0x0000000008004792       0x14 ./Drivers/STM32F4xx_HAL_Driver/Src/stm32f4xx_hal_i2c.o
                0x0000000008004792                HAL_I2C_SlaveTxCpltCallback
 .text.HAL_I2C_SlaveRxCpltCallback
                0x00000000080047a6       0x14 ./Drivers/STM32F4xx_HAL_Driver/Src/stm32f4xx_hal_i2c.o
                0x00000000080047a6                HAL_I2C_SlaveRxCpltCallback
 .text.HAL_I2C_AddrCallback
                0x00000000080047ba       0x1c ./Drivers/STM32F4xx_HAL_Driver/Src/stm32f4xx_hal_i2c.o
                0x00000000080047ba                HAL_I2C_AddrCallback
 .text.HAL_I2C_ListenCpltCallback
                0x00000000080047d6       0x14 ./Drivers/STM32F4xx_HAL_Driver/Src/stm32f4xx_hal_i2c.o
                0x00000000080047d6                HAL_I2C_ListenCpltCallback
 .text.HAL_I2C_MemTxCpltCallback
                0x00000000080047ea       0x14 ./Drivers/STM32F4xx_HAL_Driver/Src/stm32f4xx_hal_i2c.o
                0x00000000080047ea                HAL_I2C_MemTxCpltCallback
 .text.HAL_I2C_MemRxCpltCallback
                0x00000000080047fe       0x14 ./Drivers/STM32F4xx_HAL_Driver/Src/stm32f4xx_hal_i2c.o
                0x00000000080047fe                HAL_I2C_MemRxCpltCallback
 .text.HAL_I2C_ErrorCallback
                0x0000000008004812       0x14 ./Drivers/STM32F4xx_HAL_Driver/Src/stm32f4xx_hal_i2c.o
                0x0000000008004812                HAL_I2C_ErrorCallback
 .text.HAL_I2C_AbortCpltCallback
                0x0000000008004826       0x14 ./Drivers/STM32F4xx_HAL_Driver/Src/stm32f4xx_hal_i2c.o
                0x0000000008004826                HAL_I2C_AbortCpltCallback
 .text.I2C_MasterTransmit_TXE
                0x000000000800483a      0x138 ./Drivers/STM32F4xx_HAL_Driver/Src/stm32f4xx_hal_i2c.o
 .text.I2C_MasterTransmit_BTF
                0x0000000008004972       0xec ./Drivers/STM32F4xx_HAL_Driver/Src/stm32f4xx_hal_i2c.o
 .text.I2C_MemoryTransmit_TXE_BTF
                0x0000000008004a5e      0x128 ./Drivers/STM32F4xx_HAL_Driver/Src/stm32f4xx_hal_i2c.o
 .text.I2C_MasterReceive_RXNE
                0x0000000008004b86      0x162 ./Drivers/STM32F4xx_HAL_Driver/Src/stm32f4xx_hal_i2c.o
 .text.I2C_MasterReceive_BTF
                0x0000000008004ce8      0x1d4 ./Drivers/STM32F4xx_HAL_Driver/Src/stm32f4xx_hal_i2c.o
 .text.I2C_Master_SB
                0x0000000008004ebc      0x10c ./Drivers/STM32F4xx_HAL_Driver/Src/stm32f4xx_hal_i2c.o
 .text.I2C_Master_ADD10
                0x0000000008004fc8       0x54 ./Drivers/STM32F4xx_HAL_Driver/Src/stm32f4xx_hal_i2c.o
 .text.I2C_Master_ADDR
                0x000000000800501c      0x322 ./Drivers/STM32F4xx_HAL_Driver/Src/stm32f4xx_hal_i2c.o
 .text.I2C_SlaveTransmit_TXE
                0x000000000800533e       0x7a ./Drivers/STM32F4xx_HAL_Driver/Src/stm32f4xx_hal_i2c.o
 .text.I2C_SlaveTransmit_BTF
                0x00000000080053b8       0x42 ./Drivers/STM32F4xx_HAL_Driver/Src/stm32f4xx_hal_i2c.o
 .text.I2C_SlaveReceive_RXNE
                0x00000000080053fa       0x7c ./Drivers/STM32F4xx_HAL_Driver/Src/stm32f4xx_hal_i2c.o
 .text.I2C_SlaveReceive_BTF
                0x0000000008005476       0x44 ./Drivers/STM32F4xx_HAL_Driver/Src/stm32f4xx_hal_i2c.o
 .text.I2C_Slave_ADDR
                0x00000000080054ba       0x94 ./Drivers/STM32F4xx_HAL_Driver/Src/stm32f4xx_hal_i2c.o
 *fill*         0x000000000800554e        0x2 
 .text.I2C_Slave_STOPF
                0x0000000008005550      0x260 ./Drivers/STM32F4xx_HAL_Driver/Src/stm32f4xx_hal_i2c.o
 .text.I2C_ITError
                0x00000000080057b0      0x264 ./Drivers/STM32F4xx_HAL_Driver/Src/stm32f4xx_hal_i2c.o
 .text.I2C_RequestMemoryWrite
                0x0000000008005a14      0x12c ./Drivers/STM32F4xx_HAL_Driver/Src/stm32f4xx_hal_i2c.o
 .text.I2C_DMAXferCplt
                0x0000000008005b40      0x1aa ./Drivers/STM32F4xx_HAL_Driver/Src/stm32f4xx_hal_i2c.o
 .text.I2C_DMAError
                0x0000000008005cea       0x7a ./Drivers/STM32F4xx_HAL_Driver/Src/stm32f4xx_hal_i2c.o
 .text.I2C_DMAAbort
                0x0000000008005d64      0x150 ./Drivers/STM32F4xx_HAL_Driver/Src/stm32f4xx_hal_i2c.o
 .text.I2C_WaitOnFlagUntilTimeout
                0x0000000008005eb4       0xae ./Drivers/STM32F4xx_HAL_Driver/Src/stm32f4xx_hal_i2c.o
 .text.I2C_WaitOnMasterAddressFlagUntilTimeout
                0x0000000008005f62       0xfe ./Drivers/STM32F4xx_HAL_Driver/Src/stm32f4xx_hal_i2c.o
 .text.I2C_WaitOnTXEFlagUntilTimeout
                0x0000000008006060       0x82 ./Drivers/STM32F4xx_HAL_Driver/Src/stm32f4xx_hal_i2c.o
 .text.I2C_WaitOnBTFFlagUntilTimeout
                0x00000000080060e2       0x82 ./Drivers/STM32F4xx_HAL_Driver/Src/stm32f4xx_hal_i2c.o
 .text.I2C_WaitOnSTOPRequestThroughIT
                0x0000000008006164       0x64 ./Drivers/STM32F4xx_HAL_Driver/Src/stm32f4xx_hal_i2c.o
 .text.I2C_IsAcknowledgeFailed
                0x00000000080061c8       0x5e ./Drivers/STM32F4xx_HAL_Driver/Src/stm32f4xx_hal_i2c.o
 .text.I2C_ConvertOtherXferOptions
                0x0000000008006226       0x36 ./Drivers/STM32F4xx_HAL_Driver/Src/stm32f4xx_hal_i2c.o
 .text.HAL_RCC_OscConfig
                0x000000000800625c      0x4f0 ./Drivers/STM32F4xx_HAL_Driver/Src/stm32f4xx_hal_rcc.o
                0x000000000800625c                HAL_RCC_OscConfig
 .text.HAL_RCC_ClockConfig
                0x000000000800674c      0x1cc ./Drivers/STM32F4xx_HAL_Driver/Src/stm32f4xx_hal_rcc.o
                0x000000000800674c                HAL_RCC_ClockConfig
 .text.HAL_RCC_GetSysClockFreq
                0x0000000008006918      0x1c4 ./Drivers/STM32F4xx_HAL_Driver/Src/stm32f4xx_hal_rcc.o
                0x0000000008006918                HAL_RCC_GetSysClockFreq
 .text.HAL_RCC_GetHCLKFreq
                0x0000000008006adc       0x18 ./Drivers/STM32F4xx_HAL_Driver/Src/stm32f4xx_hal_rcc.o
                0x0000000008006adc                HAL_RCC_GetHCLKFreq
 .text.HAL_RCC_GetPCLK1Freq
                0x0000000008006af4       0x28 ./Drivers/STM32F4xx_HAL_Driver/Src/stm32f4xx_hal_rcc.o
                0x0000000008006af4                HAL_RCC_GetPCLK1Freq
 .text.HAL_RCC_GetPCLK2Freq
                0x0000000008006b1c       0x28 ./Drivers/STM32F4xx_HAL_Driver/Src/stm32f4xx_hal_rcc.o
                0x0000000008006b1c                HAL_RCC_GetPCLK2Freq
 .text.HAL_TIM_PWM_Init
                0x0000000008006b44       0x9e ./Drivers/STM32F4xx_HAL_Driver/Src/stm32f4xx_hal_tim.o
                0x0000000008006b44                HAL_TIM_PWM_Init
 *fill*         0x0000000008006be2        0x2 
 .text.HAL_TIM_PWM_Start
                0x0000000008006be4      0x160 ./Drivers/STM32F4xx_HAL_Driver/Src/stm32f4xx_hal_tim.o
                0x0000000008006be4                HAL_TIM_PWM_Start
 .text.HAL_TIM_Encoder_Init
                0x0000000008006d44      0x14c ./Drivers/STM32F4xx_HAL_Driver/Src/stm32f4xx_hal_tim.o
                0x0000000008006d44                HAL_TIM_Encoder_Init
 .text.HAL_TIM_Encoder_Start
                0x0000000008006e90      0x11c ./Drivers/STM32F4xx_HAL_Driver/Src/stm32f4xx_hal_tim.o
                0x0000000008006e90                HAL_TIM_Encoder_Start
 .text.HAL_TIM_IRQHandler
                0x0000000008006fac      0x210 ./Drivers/STM32F4xx_HAL_Driver/Src/stm32f4xx_hal_tim.o
                0x0000000008006fac                HAL_TIM_IRQHandler
 .text.HAL_TIM_PWM_ConfigChannel
                0x00000000080071bc      0x184 ./Drivers/STM32F4xx_HAL_Driver/Src/stm32f4xx_hal_tim.o
                0x00000000080071bc                HAL_TIM_PWM_ConfigChannel
 .text.HAL_TIM_PeriodElapsedCallback
                0x0000000008007340       0x14 ./Drivers/STM32F4xx_HAL_Driver/Src/stm32f4xx_hal_tim.o
                0x0000000008007340                HAL_TIM_PeriodElapsedCallback
 .text.HAL_TIM_OC_DelayElapsedCallback
                0x0000000008007354       0x14 ./Drivers/STM32F4xx_HAL_Driver/Src/stm32f4xx_hal_tim.o
                0x0000000008007354                HAL_TIM_OC_DelayElapsedCallback
 .text.HAL_TIM_IC_CaptureCallback
                0x0000000008007368       0x14 ./Drivers/STM32F4xx_HAL_Driver/Src/stm32f4xx_hal_tim.o
                0x0000000008007368                HAL_TIM_IC_CaptureCallback
 .text.HAL_TIM_PWM_PulseFinishedCallback
                0x000000000800737c       0x14 ./Drivers/STM32F4xx_HAL_Driver/Src/stm32f4xx_hal_tim.o
                0x000000000800737c                HAL_TIM_PWM_PulseFinishedCallback
 .text.HAL_TIM_TriggerCallback
                0x0000000008007390       0x14 ./Drivers/STM32F4xx_HAL_Driver/Src/stm32f4xx_hal_tim.o
                0x0000000008007390                HAL_TIM_TriggerCallback
 .text.TIM_Base_SetConfig
                0x00000000080073a4      0x100 ./Drivers/STM32F4xx_HAL_Driver/Src/stm32f4xx_hal_tim.o
                0x00000000080073a4                TIM_Base_SetConfig
 .text.TIM_OC1_SetConfig
                0x00000000080074a4       0xcc ./Drivers/STM32F4xx_HAL_Driver/Src/stm32f4xx_hal_tim.o
 .text.TIM_OC2_SetConfig
                0x0000000008007570       0xd8 ./Drivers/STM32F4xx_HAL_Driver/Src/stm32f4xx_hal_tim.o
                0x0000000008007570                TIM_OC2_SetConfig
 .text.TIM_OC3_SetConfig
                0x0000000008007648       0xd4 ./Drivers/STM32F4xx_HAL_Driver/Src/stm32f4xx_hal_tim.o
 .text.TIM_OC4_SetConfig
                0x000000000800771c       0xa0 ./Drivers/STM32F4xx_HAL_Driver/Src/stm32f4xx_hal_tim.o
 .text.TIM_CCxChannelCmd
                0x00000000080077bc       0x4a ./Drivers/STM32F4xx_HAL_Driver/Src/stm32f4xx_hal_tim.o
                0x00000000080077bc                TIM_CCxChannelCmd
 *fill*         0x0000000008007806        0x2 
 .text.HAL_TIMEx_MasterConfigSynchronization
                0x0000000008007808       0xdc ./Drivers/STM32F4xx_HAL_Driver/Src/stm32f4xx_hal_tim_ex.o
                0x0000000008007808                HAL_TIMEx_MasterConfigSynchronization
 .text.HAL_TIMEx_CommutCallback
                0x00000000080078e4       0x14 ./Drivers/STM32F4xx_HAL_Driver/Src/stm32f4xx_hal_tim_ex.o
                0x00000000080078e4                HAL_TIMEx_CommutCallback
 .text.HAL_TIMEx_BreakCallback
                0x00000000080078f8       0x14 ./Drivers/STM32F4xx_HAL_Driver/Src/stm32f4xx_hal_tim_ex.o
                0x00000000080078f8                HAL_TIMEx_BreakCallback
 .text.HAL_UART_Init
                0x000000000800790c       0x9a ./Drivers/STM32F4xx_HAL_Driver/Src/stm32f4xx_hal_uart.o
                0x000000000800790c                HAL_UART_Init
 .text.HAL_UARTEx_ReceiveToIdle_DMA
                0x00000000080079a6       0xca ./Drivers/STM32F4xx_HAL_Driver/Src/stm32f4xx_hal_uart.o
                0x00000000080079a6                HAL_UARTEx_ReceiveToIdle_DMA
 .text.HAL_UART_IRQHandler
                0x0000000008007a70      0x51c ./Drivers/STM32F4xx_HAL_Driver/Src/stm32f4xx_hal_uart.o
                0x0000000008007a70                HAL_UART_IRQHandler
 .text.HAL_UART_TxCpltCallback
                0x0000000008007f8c       0x14 ./Drivers/STM32F4xx_HAL_Driver/Src/stm32f4xx_hal_uart.o
                0x0000000008007f8c                HAL_UART_TxCpltCallback
 .text.HAL_UART_RxCpltCallback
                0x0000000008007fa0       0x14 ./Drivers/STM32F4xx_HAL_Driver/Src/stm32f4xx_hal_uart.o
                0x0000000008007fa0                HAL_UART_RxCpltCallback
 .text.HAL_UART_RxHalfCpltCallback
                0x0000000008007fb4       0x14 ./Drivers/STM32F4xx_HAL_Driver/Src/stm32f4xx_hal_uart.o
                0x0000000008007fb4                HAL_UART_RxHalfCpltCallback
 .text.HAL_UART_ErrorCallback
                0x0000000008007fc8       0x14 ./Drivers/STM32F4xx_HAL_Driver/Src/stm32f4xx_hal_uart.o
                0x0000000008007fc8                HAL_UART_ErrorCallback
 .text.UART_DMAReceiveCplt
                0x0000000008007fdc      0x126 ./Drivers/STM32F4xx_HAL_Driver/Src/stm32f4xx_hal_uart.o
 .text.UART_DMARxHalfCplt
                0x0000000008008102       0x36 ./Drivers/STM32F4xx_HAL_Driver/Src/stm32f4xx_hal_uart.o
 .text.UART_DMAError
                0x0000000008008138       0x94 ./Drivers/STM32F4xx_HAL_Driver/Src/stm32f4xx_hal_uart.o
 .text.UART_Start_Receive_DMA
                0x00000000080081cc      0x134 ./Drivers/STM32F4xx_HAL_Driver/Src/stm32f4xx_hal_uart.o
                0x00000000080081cc                UART_Start_Receive_DMA
 .text.UART_EndTxTransfer
                0x0000000008008300       0x50 ./Drivers/STM32F4xx_HAL_Driver/Src/stm32f4xx_hal_uart.o
 .text.UART_EndRxTransfer
                0x0000000008008350       0xc6 ./Drivers/STM32F4xx_HAL_Driver/Src/stm32f4xx_hal_uart.o
 .text.UART_DMAAbortOnError
                0x0000000008008416       0x28 ./Drivers/STM32F4xx_HAL_Driver/Src/stm32f4xx_hal_uart.o
 .text.UART_Transmit_IT
                0x000000000800843e       0xa0 ./Drivers/STM32F4xx_HAL_Driver/Src/stm32f4xx_hal_uart.o
 .text.UART_EndTransmit_IT
                0x00000000080084de       0x30 ./Drivers/STM32F4xx_HAL_Driver/Src/stm32f4xx_hal_uart.o
 .text.UART_Receive_IT
                0x000000000800850e      0x176 ./Drivers/STM32F4xx_HAL_Driver/Src/stm32f4xx_hal_uart.o
 .text.UART_SetConfig
                0x0000000008008684      0x390 ./Drivers/STM32F4xx_HAL_Driver/Src/stm32f4xx_hal_uart.o
 .text.__errno  0x0000000008008a14        0xc f:/programy/stm_cube_ide/stm/stm32cubeide_1.8.0/stm32cubeide/plugins/com.st.stm32cube.ide.mcu.externaltools.gnu-tools-for-stm32.9-2020-q2-update.win32_2.0.0.202105311346/tools/bin/../lib/gcc/arm-none-eabi/9.3.1/../../../../arm-none-eabi/lib/thumb/v7e-m+fp/hard\libc_nano.a(lib_a-errno.o)
                0x0000000008008a14                __errno
 .text.__libc_init_array
                0x0000000008008a20       0x48 f:/programy/stm_cube_ide/stm/stm32cubeide_1.8.0/stm32cubeide/plugins/com.st.stm32cube.ide.mcu.externaltools.gnu-tools-for-stm32.9-2020-q2-update.win32_2.0.0.202105311346/tools/bin/../lib/gcc/arm-none-eabi/9.3.1/../../../../arm-none-eabi/lib/thumb/v7e-m+fp/hard\libc_nano.a(lib_a-init.o)
                0x0000000008008a20                __libc_init_array
 .text.__itoa   0x0000000008008a68       0x30 f:/programy/stm_cube_ide/stm/stm32cubeide_1.8.0/stm32cubeide/plugins/com.st.stm32cube.ide.mcu.externaltools.gnu-tools-for-stm32.9-2020-q2-update.win32_2.0.0.202105311346/tools/bin/../lib/gcc/arm-none-eabi/9.3.1/../../../../arm-none-eabi/lib/thumb/v7e-m+fp/hard\libc_nano.a(lib_a-itoa.o)
                0x0000000008008a68                __itoa
 .text.itoa     0x0000000008008a98        0x4 f:/programy/stm_cube_ide/stm/stm32cubeide_1.8.0/stm32cubeide/plugins/com.st.stm32cube.ide.mcu.externaltools.gnu-tools-for-stm32.9-2020-q2-update.win32_2.0.0.202105311346/tools/bin/../lib/gcc/arm-none-eabi/9.3.1/../../../../arm-none-eabi/lib/thumb/v7e-m+fp/hard\libc_nano.a(lib_a-itoa.o)
                0x0000000008008a98                itoa
 .text.malloc   0x0000000008008a9c       0x10 f:/programy/stm_cube_ide/stm/stm32cubeide_1.8.0/stm32cubeide/plugins/com.st.stm32cube.ide.mcu.externaltools.gnu-tools-for-stm32.9-2020-q2-update.win32_2.0.0.202105311346/tools/bin/../lib/gcc/arm-none-eabi/9.3.1/../../../../arm-none-eabi/lib/thumb/v7e-m+fp/hard\libc_nano.a(lib_a-malloc.o)
                0x0000000008008a9c                malloc
 .text.memcpy   0x0000000008008aac       0x1c f:/programy/stm_cube_ide/stm/stm32cubeide_1.8.0/stm32cubeide/plugins/com.st.stm32cube.ide.mcu.externaltools.gnu-tools-for-stm32.9-2020-q2-update.win32_2.0.0.202105311346/tools/bin/../lib/gcc/arm-none-eabi/9.3.1/../../../../arm-none-eabi/lib/thumb/v7e-m+fp/hard\libc_nano.a(lib_a-memcpy-stub.o)
                0x0000000008008aac                memcpy
 .text.memset   0x0000000008008ac8       0x10 f:/programy/stm_cube_ide/stm/stm32cubeide_1.8.0/stm32cubeide/plugins/com.st.stm32cube.ide.mcu.externaltools.gnu-tools-for-stm32.9-2020-q2-update.win32_2.0.0.202105311346/tools/bin/../lib/gcc/arm-none-eabi/9.3.1/../../../../arm-none-eabi/lib/thumb/v7e-m+fp/hard\libc_nano.a(lib_a-memset.o)
                0x0000000008008ac8                memset
 .text._malloc_r
                0x0000000008008ad8       0xb4 f:/programy/stm_cube_ide/stm/stm32cubeide_1.8.0/stm32cubeide/plugins/com.st.stm32cube.ide.mcu.externaltools.gnu-tools-for-stm32.9-2020-q2-update.win32_2.0.0.202105311346/tools/bin/../lib/gcc/arm-none-eabi/9.3.1/../../../../arm-none-eabi/lib/thumb/v7e-m+fp/hard\libc_nano.a(lib_a-nano-mallocr.o)
                0x0000000008008ad8                _malloc_r
 .text._sbrk_r  0x0000000008008b8c       0x20 f:/programy/stm_cube_ide/stm/stm32cubeide_1.8.0/stm32cubeide/plugins/com.st.stm32cube.ide.mcu.externaltools.gnu-tools-for-stm32.9-2020-q2-update.win32_2.0.0.202105311346/tools/bin/../lib/gcc/arm-none-eabi/9.3.1/../../../../arm-none-eabi/lib/thumb/v7e-m+fp/hard\libc_nano.a(lib_a-sbrkr.o)
                0x0000000008008b8c                _sbrk_r
 .text.__utoa   0x0000000008008bac       0x84 f:/programy/stm_cube_ide/stm/stm32cubeide_1.8.0/stm32cubeide/plugins/com.st.stm32cube.ide.mcu.externaltools.gnu-tools-for-stm32.9-2020-q2-update.win32_2.0.0.202105311346/tools/bin/../lib/gcc/arm-none-eabi/9.3.1/../../../../arm-none-eabi/lib/thumb/v7e-m+fp/hard\libc_nano.a(lib_a-utoa.o)
                0x0000000008008bac                __utoa
 .text.__malloc_lock
                0x0000000008008c30        0xc f:/programy/stm_cube_ide/stm/stm32cubeide_1.8.0/stm32cubeide/plugins/com.st.stm32cube.ide.mcu.externaltools.gnu-tools-for-stm32.9-2020-q2-update.win32_2.0.0.202105311346/tools/bin/../lib/gcc/arm-none-eabi/9.3.1/../../../../arm-none-eabi/lib/thumb/v7e-m+fp/hard\libc_nano.a(lib_a-mlock.o)
                0x0000000008008c30                __malloc_lock
 .text.__malloc_unlock
                0x0000000008008c3c        0xc f:/programy/stm_cube_ide/stm/stm32cubeide_1.8.0/stm32cubeide/plugins/com.st.stm32cube.ide.mcu.externaltools.gnu-tools-for-stm32.9-2020-q2-update.win32_2.0.0.202105311346/tools/bin/../lib/gcc/arm-none-eabi/9.3.1/../../../../arm-none-eabi/lib/thumb/v7e-m+fp/hard\libc_nano.a(lib_a-mlock.o)
                0x0000000008008c3c                __malloc_unlock
 .text.__retarget_lock_acquire_recursive
                0x0000000008008c48        0x2 f:/programy/stm_cube_ide/stm/stm32cubeide_1.8.0/stm32cubeide/plugins/com.st.stm32cube.ide.mcu.externaltools.gnu-tools-for-stm32.9-2020-q2-update.win32_2.0.0.202105311346/tools/bin/../lib/gcc/arm-none-eabi/9.3.1/../../../../arm-none-eabi/lib/thumb/v7e-m+fp/hard\libc_nano.a(lib_a-lock.o)
                0x0000000008008c48                __retarget_lock_acquire_recursive
 .text.__retarget_lock_release_recursive
                0x0000000008008c4a        0x2 f:/programy/stm_cube_ide/stm/stm32cubeide_1.8.0/stm32cubeide/plugins/com.st.stm32cube.ide.mcu.externaltools.gnu-tools-for-stm32.9-2020-q2-update.win32_2.0.0.202105311346/tools/bin/../lib/gcc/arm-none-eabi/9.3.1/../../../../arm-none-eabi/lib/thumb/v7e-m+fp/hard\libc_nano.a(lib_a-lock.o)
                0x0000000008008c4a                __retarget_lock_release_recursive
 *(.glue_7)
 .glue_7        0x0000000008008c4c        0x0 linker stubs
 *(.glue_7t)
 .glue_7t       0x0000000008008c4c        0x0 linker stubs
 *(.eh_frame)
 .eh_frame      0x0000000008008c4c        0x0 f:/programy/stm_cube_ide/stm/stm32cubeide_1.8.0/stm32cubeide/plugins/com.st.stm32cube.ide.mcu.externaltools.gnu-tools-for-stm32.9-2020-q2-update.win32_2.0.0.202105311346/tools/bin/../lib/gcc/arm-none-eabi/9.3.1/thumb/v7e-m+fp/hard/crtbegin.o
 *(.init)
 .init          0x0000000008008c4c        0x4 f:/programy/stm_cube_ide/stm/stm32cubeide_1.8.0/stm32cubeide/plugins/com.st.stm32cube.ide.mcu.externaltools.gnu-tools-for-stm32.9-2020-q2-update.win32_2.0.0.202105311346/tools/bin/../lib/gcc/arm-none-eabi/9.3.1/thumb/v7e-m+fp/hard/crti.o
                0x0000000008008c4c                _init
 .init          0x0000000008008c50        0x8 f:/programy/stm_cube_ide/stm/stm32cubeide_1.8.0/stm32cubeide/plugins/com.st.stm32cube.ide.mcu.externaltools.gnu-tools-for-stm32.9-2020-q2-update.win32_2.0.0.202105311346/tools/bin/../lib/gcc/arm-none-eabi/9.3.1/thumb/v7e-m+fp/hard/crtn.o
 *(.fini)
 .fini          0x0000000008008c58        0x4 f:/programy/stm_cube_ide/stm/stm32cubeide_1.8.0/stm32cubeide/plugins/com.st.stm32cube.ide.mcu.externaltools.gnu-tools-for-stm32.9-2020-q2-update.win32_2.0.0.202105311346/tools/bin/../lib/gcc/arm-none-eabi/9.3.1/thumb/v7e-m+fp/hard/crti.o
                0x0000000008008c58                _fini
 .fini          0x0000000008008c5c        0x8 f:/programy/stm_cube_ide/stm/stm32cubeide_1.8.0/stm32cubeide/plugins/com.st.stm32cube.ide.mcu.externaltools.gnu-tools-for-stm32.9-2020-q2-update.win32_2.0.0.202105311346/tools/bin/../lib/gcc/arm-none-eabi/9.3.1/thumb/v7e-m+fp/hard/crtn.o
                0x0000000008008c64                . = ALIGN (0x4)
                0x0000000008008c64                _etext = .

.vfp11_veneer   0x0000000008008c64        0x0
 .vfp11_veneer  0x0000000008008c64        0x0 linker stubs

.v4_bx          0x0000000008008c64        0x0
 .v4_bx         0x0000000008008c64        0x0 linker stubs

.iplt           0x0000000008008c64        0x0
 .iplt          0x0000000008008c64        0x0 f:/programy/stm_cube_ide/stm/stm32cubeide_1.8.0/stm32cubeide/plugins/com.st.stm32cube.ide.mcu.externaltools.gnu-tools-for-stm32.9-2020-q2-update.win32_2.0.0.202105311346/tools/bin/../lib/gcc/arm-none-eabi/9.3.1/thumb/v7e-m+fp/hard/crtbegin.o

.rodata         0x0000000008008c64      0x558
                0x0000000008008c64                . = ALIGN (0x4)
 *(.rodata)
 *(.rodata*)
 .rodata.font   0x0000000008008c64      0x500 ./Core/Src/GFX.o
 .rodata.premask.9267
                0x0000000008009164        0x8 ./Core/Src/SSD1306.o
 .rodata.postmask.9278
                0x000000000800916c        0x8 ./Core/Src/SSD1306.o
 .rodata.AHBPrescTable
                0x0000000008009174       0x10 ./Core/Src/system_stm32f4xx.o
                0x0000000008009174                AHBPrescTable
 .rodata.APBPrescTable
                0x0000000008009184        0x8 ./Core/Src/system_stm32f4xx.o
                0x0000000008009184                APBPrescTable
 .rodata.flagBitshiftOffset.8391
                0x000000000800918c        0x8 ./Drivers/STM32F4xx_HAL_Driver/Src/stm32f4xx_hal_dma.o
 .rodata.__utoa.str1.1
                0x0000000008009194       0x25 f:/programy/stm_cube_ide/stm/stm32cubeide_1.8.0/stm32cubeide/plugins/com.st.stm32cube.ide.mcu.externaltools.gnu-tools-for-stm32.9-2020-q2-update.win32_2.0.0.202105311346/tools/bin/../lib/gcc/arm-none-eabi/9.3.1/../../../../arm-none-eabi/lib/thumb/v7e-m+fp/hard\libc_nano.a(lib_a-utoa.o)
                0x00000000080091bc                . = ALIGN (0x4)
 *fill*         0x00000000080091b9        0x3 

.ARM.extab      0x00000000080091bc        0x0
                0x00000000080091bc                . = ALIGN (0x4)
 *(.ARM.extab* .gnu.linkonce.armextab.*)
                0x00000000080091bc                . = ALIGN (0x4)

.ARM            0x00000000080091bc        0x8
                0x00000000080091bc                . = ALIGN (0x4)
                0x00000000080091bc                __exidx_start = .
 *(.ARM.exidx*)
 .ARM.exidx     0x00000000080091bc        0x8 f:/programy/stm_cube_ide/stm/stm32cubeide_1.8.0/stm32cubeide/plugins/com.st.stm32cube.ide.mcu.externaltools.gnu-tools-for-stm32.9-2020-q2-update.win32_2.0.0.202105311346/tools/bin/../lib/gcc/arm-none-eabi/9.3.1/thumb/v7e-m+fp/hard\libgcc.a(_udivmoddi4.o)
                0x00000000080091c4                __exidx_end = .
                0x00000000080091c4                . = ALIGN (0x4)

.rel.dyn        0x00000000080091c4        0x0
 .rel.iplt      0x00000000080091c4        0x0 f:/programy/stm_cube_ide/stm/stm32cubeide_1.8.0/stm32cubeide/plugins/com.st.stm32cube.ide.mcu.externaltools.gnu-tools-for-stm32.9-2020-q2-update.win32_2.0.0.202105311346/tools/bin/../lib/gcc/arm-none-eabi/9.3.1/thumb/v7e-m+fp/hard/crtbegin.o

.preinit_array  0x00000000080091c4        0x0
                0x00000000080091c4                . = ALIGN (0x4)
                0x00000000080091c4                PROVIDE (__preinit_array_start = .)
 *(.preinit_array*)
                0x00000000080091c4                PROVIDE (__preinit_array_end = .)
                0x00000000080091c4                . = ALIGN (0x4)

.init_array     0x00000000080091c4        0x4
                0x00000000080091c4                . = ALIGN (0x4)
                0x00000000080091c4                PROVIDE (__init_array_start = .)
 *(SORT_BY_NAME(.init_array.*))
 *(.init_array*)
 .init_array    0x00000000080091c4        0x4 f:/programy/stm_cube_ide/stm/stm32cubeide_1.8.0/stm32cubeide/plugins/com.st.stm32cube.ide.mcu.externaltools.gnu-tools-for-stm32.9-2020-q2-update.win32_2.0.0.202105311346/tools/bin/../lib/gcc/arm-none-eabi/9.3.1/thumb/v7e-m+fp/hard/crtbegin.o
                0x00000000080091c8                PROVIDE (__init_array_end = .)
                0x00000000080091c8                . = ALIGN (0x4)

.fini_array     0x00000000080091c8        0x4
                0x00000000080091c8                . = ALIGN (0x4)
                [!provide]                        PROVIDE (__fini_array_start = .)
 *(SORT_BY_NAME(.fini_array.*))
 *(.fini_array*)
 .fini_array    0x00000000080091c8        0x4 f:/programy/stm_cube_ide/stm/stm32cubeide_1.8.0/stm32cubeide/plugins/com.st.stm32cube.ide.mcu.externaltools.gnu-tools-for-stm32.9-2020-q2-update.win32_2.0.0.202105311346/tools/bin/../lib/gcc/arm-none-eabi/9.3.1/thumb/v7e-m+fp/hard/crtbegin.o
                [!provide]                        PROVIDE (__fini_array_end = .)
                0x00000000080091cc                . = ALIGN (0x4)
                0x00000000080091cc                _sidata = LOADADDR (.data)

.data           0x0000000020000000      0x12c load address 0x00000000080091cc
                0x0000000020000000                . = ALIGN (0x4)
                0x0000000020000000                _sdata = .
 *(.data)
 *(.data*)
 .data.PWM      0x0000000020000000        0x4 ./Core/Src/main.o
                0x0000000020000000                PWM
 .data.blank    0x0000000020000004       0x14 ./Core/Src/main.o
                0x0000000020000004                blank
 .data.stopMessage
                0x0000000020000018       0x13 ./Core/Src/main.o
                0x0000000020000018                stopMessage
 *fill*         0x000000002000002b        0x1 
 .data.messageManualRight
                0x000000002000002c       0x19 ./Core/Src/main.o
                0x000000002000002c                messageManualRight
 *fill*         0x0000000020000045        0x3 
 .data.messageManualLeft
                0x0000000020000048       0x18 ./Core/Src/main.o
                0x0000000020000048                messageManualLeft
 .data.messageStart
                0x0000000020000060       0x13 ./Core/Src/main.o
                0x0000000020000060                messageStart
 *fill*         0x0000000020000073        0x1 
 .data.EncDownMessage
                0x0000000020000074        0xa ./Core/Src/main.o
                0x0000000020000074                EncDownMessage
 *fill*         0x000000002000007e        0x2 
 .data.EncUpMessage
                0x0000000020000080        0xa ./Core/Src/main.o
                0x0000000020000080                EncUpMessage
 *fill*         0x000000002000008a        0x2 
 .data.PWMMessage
                0x000000002000008c        0x7 ./Core/Src/main.o
                0x000000002000008c                PWMMessage
 *fill*         0x0000000020000093        0x1 
 .data.MODEMessage
                0x0000000020000094        0x7 ./Core/Src/main.o
                0x0000000020000094                MODEMessage
 *fill*         0x000000002000009b        0x1 
 .data.communicationFrame
                0x000000002000009c        0xd ./Core/Src/main.o
                0x000000002000009c                communicationFrame
 *fill*         0x00000000200000a9        0x7 
 .data._max     0x00000000200000b0        0x8 ./Core/Src/main.o
                0x00000000200000b0                _max
 .data.setTime  0x00000000200000b8        0x4 ./Core/Src/main.o
                0x00000000200000b8                setTime
 .data.SystemCoreClock
                0x00000000200000bc        0x4 ./Core/Src/system_stm32f4xx.o
                0x00000000200000bc                SystemCoreClock
 .data.uwTickPrio
                0x00000000200000c0        0x4 ./Drivers/STM32F4xx_HAL_Driver/Src/stm32f4xx_hal.o
                0x00000000200000c0                uwTickPrio
 .data.uwTickFreq
                0x00000000200000c4        0x1 ./Drivers/STM32F4xx_HAL_Driver/Src/stm32f4xx_hal.o
                0x00000000200000c4                uwTickFreq
 *fill*         0x00000000200000c5        0x3 
 .data._impure_ptr
                0x00000000200000c8        0x4 f:/programy/stm_cube_ide/stm/stm32cubeide_1.8.0/stm32cubeide/plugins/com.st.stm32cube.ide.mcu.externaltools.gnu-tools-for-stm32.9-2020-q2-update.win32_2.0.0.202105311346/tools/bin/../lib/gcc/arm-none-eabi/9.3.1/../../../../arm-none-eabi/lib/thumb/v7e-m+fp/hard\libc_nano.a(lib_a-impure.o)
                0x00000000200000c8                _impure_ptr
 .data.impure_data
                0x00000000200000cc       0x60 f:/programy/stm_cube_ide/stm/stm32cubeide_1.8.0/stm32cubeide/plugins/com.st.stm32cube.ide.mcu.externaltools.gnu-tools-for-stm32.9-2020-q2-update.win32_2.0.0.202105311346/tools/bin/../lib/gcc/arm-none-eabi/9.3.1/../../../../arm-none-eabi/lib/thumb/v7e-m+fp/hard\libc_nano.a(lib_a-impure.o)
 *(.RamFunc)
 *(.RamFunc*)
                0x000000002000012c                . = ALIGN (0x4)
                0x000000002000012c                _edata = .

.igot.plt       0x000000002000012c        0x0 load address 0x00000000080092f8
 .igot.plt      0x000000002000012c        0x0 f:/programy/stm_cube_ide/stm/stm32cubeide_1.8.0/stm32cubeide/plugins/com.st.stm32cube.ide.mcu.externaltools.gnu-tools-for-stm32.9-2020-q2-update.win32_2.0.0.202105311346/tools/bin/../lib/gcc/arm-none-eabi/9.3.1/thumb/v7e-m+fp/hard/crtbegin.o
                0x000000002000012c                . = ALIGN (0x4)

.bss            0x0000000020000130      0x390 load address 0x00000000080092f8
                0x0000000020000130                _sbss = .
                0x0000000020000130                __bss_start__ = _sbss
 *(.bss)
 .bss           0x0000000020000130       0x1c f:/programy/stm_cube_ide/stm/stm32cubeide_1.8.0/stm32cubeide/plugins/com.st.stm32cube.ide.mcu.externaltools.gnu-tools-for-stm32.9-2020-q2-update.win32_2.0.0.202105311346/tools/bin/../lib/gcc/arm-none-eabi/9.3.1/thumb/v7e-m+fp/hard/crtbegin.o
 *(.bss*)
 .bss.buffer    0x000000002000014c        0x4 ./Core/Src/SSD1306.o
 .bss.rotation  0x0000000020000150        0x1 ./Core/Src/SSD1306.o
 .bss.encoderUp
                0x0000000020000151        0x1 ./Core/Src/main.o
                0x0000000020000151                encoderUp
 .bss.encoderDown
                0x0000000020000152        0x1 ./Core/Src/main.o
                0x0000000020000152                encoderDown
 .bss.counter   0x0000000020000153        0x1 ./Core/Src/main.o
                0x0000000020000153                counter
 .bss.kierunek  0x0000000020000154        0x1 ./Core/Src/main.o
                0x0000000020000154                kierunek
 *fill*         0x0000000020000155        0x3 
 .bss.encoderCounterUp
                0x0000000020000158        0x4 ./Core/Src/main.o
                0x0000000020000158                encoderCounterUp
 .bss.encoderCounterDown
                0x000000002000015c        0x4 ./Core/Src/main.o
                0x000000002000015c                encoderCounterDown
 .bss._min      0x0000000020000160        0x8 ./Core/Src/main.o
                0x0000000020000160                _min
 .bss._pre_error
                0x0000000020000168        0x8 ./Core/Src/main.o
                0x0000000020000168                _pre_error
 .bss._integral
                0x0000000020000170        0x8 ./Core/Src/main.o
                0x0000000020000170                _integral
 .bss.derivative
                0x0000000020000178        0x8 ./Core/Src/main.o
                0x0000000020000178                derivative
 .bss.lasttime  0x0000000020000180        0x4 ./Core/Src/main.o
                0x0000000020000180                lasttime
 .bss.__sbrk_heap_end
                0x0000000020000184        0x4 ./Core/Src/sysmem.o
 .bss.__malloc_free_list
                0x0000000020000188        0x4 f:/programy/stm_cube_ide/stm/stm32cubeide_1.8.0/stm32cubeide/plugins/com.st.stm32cube.ide.mcu.externaltools.gnu-tools-for-stm32.9-2020-q2-update.win32_2.0.0.202105311346/tools/bin/../lib/gcc/arm-none-eabi/9.3.1/../../../../arm-none-eabi/lib/thumb/v7e-m+fp/hard\libc_nano.a(lib_a-nano-mallocr.o)
                0x0000000020000188                __malloc_free_list
 .bss.__malloc_sbrk_start
                0x000000002000018c        0x4 f:/programy/stm_cube_ide/stm/stm32cubeide_1.8.0/stm32cubeide/plugins/com.st.stm32cube.ide.mcu.externaltools.gnu-tools-for-stm32.9-2020-q2-update.win32_2.0.0.202105311346/tools/bin/../lib/gcc/arm-none-eabi/9.3.1/../../../../arm-none-eabi/lib/thumb/v7e-m+fp/hard\libc_nano.a(lib_a-nano-mallocr.o)
                0x000000002000018c                __malloc_sbrk_start
 *(COMMON)
 COMMON         0x0000000020000190       0xb4 ./Core/Src/i2c.o
                0x0000000020000190                hdma_i2c1_tx
                0x00000000200001f0                hi2c1
 *fill*         0x0000000020000244        0x4 
 COMMON         0x0000000020000248      0x18b ./Core/Src/main.o
                0x0000000020000248                D
                0x0000000020000250                Dout
                0x0000000020000258                oledFrame
                0x0000000020000268                hdma_usart2_rx
                0x00000000200002c8                now
                0x00000000200002cc                data1
                0x00000000200002d0                data2
                0x00000000200002d4                output
                0x00000000200002d8                Iout
                0x00000000200002e0                rightButton
                0x00000000200002e8                Doutput
                0x00000000200002f0                Pout
                0x00000000200002f8                timechange
                0x00000000200002fc                outPWM
                0x0000000020000300                itoaBuffer
                0x0000000020000314                sendFrame
                0x0000000020000321                STOP
                0x0000000020000328                error
                0x0000000020000330                leftButton
                0x0000000020000334                RxBuf
                0x0000000020000344                MainBuf
                0x0000000020000351                I
                0x0000000020000354                huart2
                0x0000000020000398                bufer
                0x00000000200003c8                Derror
                0x00000000200003d0                manual
                0x00000000200003d1                P
                0x00000000200003d2                START
 *fill*         0x00000000200003d3        0x1 
 COMMON         0x00000000200003d4       0xd8 ./Core/Src/tim.o
                0x00000000200003d4                htim4
                0x000000002000041c                htim3
                0x0000000020000464                htim2
 COMMON         0x00000000200004ac        0x4 ./Drivers/STM32F4xx_HAL_Driver/Src/stm32f4xx_hal.o
                0x00000000200004ac                uwTick
 COMMON         0x00000000200004b0        0x4 f:/programy/stm_cube_ide/stm/stm32cubeide_1.8.0/stm32cubeide/plugins/com.st.stm32cube.ide.mcu.externaltools.gnu-tools-for-stm32.9-2020-q2-update.win32_2.0.0.202105311346/tools/bin/../lib/gcc/arm-none-eabi/9.3.1/../../../../arm-none-eabi/lib/thumb/v7e-m+fp/hard\libc_nano.a(lib_a-reent.o)
                0x00000000200004b0                errno
 COMMON         0x00000000200004b4        0x9 f:/programy/stm_cube_ide/stm/stm32cubeide_1.8.0/stm32cubeide/plugins/com.st.stm32cube.ide.mcu.externaltools.gnu-tools-for-stm32.9-2020-q2-update.win32_2.0.0.202105311346/tools/bin/../lib/gcc/arm-none-eabi/9.3.1/../../../../arm-none-eabi/lib/thumb/v7e-m+fp/hard\libc_nano.a(lib_a-lock.o)
                0x00000000200004b4                __lock___atexit_recursive_mutex
                0x00000000200004b5                __lock___arc4random_mutex
                0x00000000200004b6                __lock___env_recursive_mutex
                0x00000000200004b7                __lock___sinit_recursive_mutex
                0x00000000200004b8                __lock___malloc_recursive_mutex
                0x00000000200004b9                __lock___at_quick_exit_mutex
                0x00000000200004ba                __lock___dd_hash_mutex
                0x00000000200004bb                __lock___tz_mutex
                0x00000000200004bc                __lock___sfp_recursive_mutex
                0x00000000200004c0                . = ALIGN (0x4)
 *fill*         0x00000000200004bd        0x3 
                0x00000000200004c0                _ebss = .
                0x00000000200004c0                __bss_end__ = _ebss

._user_heap_stack
                0x00000000200004c0      0x600 load address 0x00000000080092f8
                0x00000000200004c0                . = ALIGN (0x8)
                [!provide]                        PROVIDE (end = .)
                0x00000000200004c0                PROVIDE (_end = .)
                0x00000000200006c0                . = (. + _Min_Heap_Size)
 *fill*         0x00000000200004c0      0x200 
                0x0000000020000ac0                . = (. + _Min_Stack_Size)
 *fill*         0x00000000200006c0      0x400 
                0x0000000020000ac0                . = ALIGN (0x8)

/DISCARD/
 libc.a(*)
 libm.a(*)
 libgcc.a(*)

.ARM.attributes
                0x0000000000000000       0x30
 *(.ARM.attributes)
 .ARM.attributes
                0x0000000000000000       0x1e f:/programy/stm_cube_ide/stm/stm32cubeide_1.8.0/stm32cubeide/plugins/com.st.stm32cube.ide.mcu.externaltools.gnu-tools-for-stm32.9-2020-q2-update.win32_2.0.0.202105311346/tools/bin/../lib/gcc/arm-none-eabi/9.3.1/thumb/v7e-m+fp/hard/crti.o
 .ARM.attributes
                0x000000000000001e       0x34 f:/programy/stm_cube_ide/stm/stm32cubeide_1.8.0/stm32cubeide/plugins/com.st.stm32cube.ide.mcu.externaltools.gnu-tools-for-stm32.9-2020-q2-update.win32_2.0.0.202105311346/tools/bin/../lib/gcc/arm-none-eabi/9.3.1/thumb/v7e-m+fp/hard/crtbegin.o
 .ARM.attributes
                0x0000000000000052       0x34 ./Core/Src/GFX.o
 .ARM.attributes
                0x0000000000000086       0x34 ./Core/Src/SSD1306.o
 .ARM.attributes
                0x00000000000000ba       0x34 ./Core/Src/dma.o
 .ARM.attributes
                0x00000000000000ee       0x34 ./Core/Src/gpio.o
 .ARM.attributes
                0x0000000000000122       0x34 ./Core/Src/i2c.o
 .ARM.attributes
                0x0000000000000156       0x34 ./Core/Src/main.o
 .ARM.attributes
                0x000000000000018a       0x34 ./Core/Src/stm32f4xx_hal_msp.o
 .ARM.attributes
                0x00000000000001be       0x34 ./Core/Src/stm32f4xx_it.o
 .ARM.attributes
                0x00000000000001f2       0x34 ./Core/Src/sysmem.o
 .ARM.attributes
                0x0000000000000226       0x34 ./Core/Src/system_stm32f4xx.o
 .ARM.attributes
                0x000000000000025a       0x34 ./Core/Src/tim.o
 .ARM.attributes
                0x000000000000028e       0x34 ./Core/Src/usart.o
 .ARM.attributes
                0x00000000000002c2       0x21 ./Core/Startup/startup_stm32f401retx.o
 .ARM.attributes
                0x00000000000002e3       0x34 ./Drivers/STM32F4xx_HAL_Driver/Src/stm32f4xx_hal.o
 .ARM.attributes
                0x0000000000000317       0x34 ./Drivers/STM32F4xx_HAL_Driver/Src/stm32f4xx_hal_cortex.o
 .ARM.attributes
                0x000000000000034b       0x34 ./Drivers/STM32F4xx_HAL_Driver/Src/stm32f4xx_hal_dma.o
 .ARM.attributes
                0x000000000000037f       0x34 ./Drivers/STM32F4xx_HAL_Driver/Src/stm32f4xx_hal_gpio.o
 .ARM.attributes
                0x00000000000003b3       0x34 ./Drivers/STM32F4xx_HAL_Driver/Src/stm32f4xx_hal_i2c.o
 .ARM.attributes
                0x00000000000003e7       0x34 ./Drivers/STM32F4xx_HAL_Driver/Src/stm32f4xx_hal_rcc.o
 .ARM.attributes
                0x000000000000041b       0x34 ./Drivers/STM32F4xx_HAL_Driver/Src/stm32f4xx_hal_tim.o
 .ARM.attributes
                0x000000000000044f       0x34 ./Drivers/STM32F4xx_HAL_Driver/Src/stm32f4xx_hal_tim_ex.o
 .ARM.attributes
                0x0000000000000483       0x34 ./Drivers/STM32F4xx_HAL_Driver/Src/stm32f4xx_hal_uart.o
 .ARM.attributes
                0x00000000000004b7       0x34 f:/programy/stm_cube_ide/stm/stm32cubeide_1.8.0/stm32cubeide/plugins/com.st.stm32cube.ide.mcu.externaltools.gnu-tools-for-stm32.9-2020-q2-update.win32_2.0.0.202105311346/tools/bin/../lib/gcc/arm-none-eabi/9.3.1/../../../../arm-none-eabi/lib/thumb/v7e-m+fp/hard\libc_nano.a(lib_a-errno.o)
 .ARM.attributes
                0x00000000000004eb       0x32 f:/programy/stm_cube_ide/stm/stm32cubeide_1.8.0/stm32cubeide/plugins/com.st.stm32cube.ide.mcu.externaltools.gnu-tools-for-stm32.9-2020-q2-update.win32_2.0.0.202105311346/tools/bin/../lib/gcc/arm-none-eabi/9.3.1/../../../../arm-none-eabi/lib/thumb/v7e-m+fp/hard\libc_nano.a(lib_a-impure.o)
 .ARM.attributes
                0x000000000000051d       0x34 f:/programy/stm_cube_ide/stm/stm32cubeide_1.8.0/stm32cubeide/plugins/com.st.stm32cube.ide.mcu.externaltools.gnu-tools-for-stm32.9-2020-q2-update.win32_2.0.0.202105311346/tools/bin/../lib/gcc/arm-none-eabi/9.3.1/../../../../arm-none-eabi/lib/thumb/v7e-m+fp/hard\libc_nano.a(lib_a-init.o)
 .ARM.attributes
                0x0000000000000551       0x34 f:/programy/stm_cube_ide/stm/stm32cubeide_1.8.0/stm32cubeide/plugins/com.st.stm32cube.ide.mcu.externaltools.gnu-tools-for-stm32.9-2020-q2-update.win32_2.0.0.202105311346/tools/bin/../lib/gcc/arm-none-eabi/9.3.1/../../../../arm-none-eabi/lib/thumb/v7e-m+fp/hard\libc_nano.a(lib_a-itoa.o)
 .ARM.attributes
                0x0000000000000585       0x34 f:/programy/stm_cube_ide/stm/stm32cubeide_1.8.0/stm32cubeide/plugins/com.st.stm32cube.ide.mcu.externaltools.gnu-tools-for-stm32.9-2020-q2-update.win32_2.0.0.202105311346/tools/bin/../lib/gcc/arm-none-eabi/9.3.1/../../../../arm-none-eabi/lib/thumb/v7e-m+fp/hard\libc_nano.a(lib_a-malloc.o)
 .ARM.attributes
                0x00000000000005b9       0x34 f:/programy/stm_cube_ide/stm/stm32cubeide_1.8.0/stm32cubeide/plugins/com.st.stm32cube.ide.mcu.externaltools.gnu-tools-for-stm32.9-2020-q2-update.win32_2.0.0.202105311346/tools/bin/../lib/gcc/arm-none-eabi/9.3.1/../../../../arm-none-eabi/lib/thumb/v7e-m+fp/hard\libc_nano.a(lib_a-memcpy-stub.o)
 .ARM.attributes
                0x00000000000005ed       0x34 f:/programy/stm_cube_ide/stm/stm32cubeide_1.8.0/stm32cubeide/plugins/com.st.stm32cube.ide.mcu.externaltools.gnu-tools-for-stm32.9-2020-q2-update.win32_2.0.0.202105311346/tools/bin/../lib/gcc/arm-none-eabi/9.3.1/../../../../arm-none-eabi/lib/thumb/v7e-m+fp/hard\libc_nano.a(lib_a-memset.o)
 .ARM.attributes
                0x0000000000000621       0x34 f:/programy/stm_cube_ide/stm/stm32cubeide_1.8.0/stm32cubeide/plugins/com.st.stm32cube.ide.mcu.externaltools.gnu-tools-for-stm32.9-2020-q2-update.win32_2.0.0.202105311346/tools/bin/../lib/gcc/arm-none-eabi/9.3.1/../../../../arm-none-eabi/lib/thumb/v7e-m+fp/hard\libc_nano.a(lib_a-nano-mallocr.o)
 .ARM.attributes
                0x0000000000000655       0x34 f:/programy/stm_cube_ide/stm/stm32cubeide_1.8.0/stm32cubeide/plugins/com.st.stm32cube.ide.mcu.externaltools.gnu-tools-for-stm32.9-2020-q2-update.win32_2.0.0.202105311346/tools/bin/../lib/gcc/arm-none-eabi/9.3.1/../../../../arm-none-eabi/lib/thumb/v7e-m+fp/hard\libc_nano.a(lib_a-sbrkr.o)
 .ARM.attributes
                0x0000000000000689       0x34 f:/programy/stm_cube_ide/stm/stm32cubeide_1.8.0/stm32cubeide/plugins/com.st.stm32cube.ide.mcu.externaltools.gnu-tools-for-stm32.9-2020-q2-update.win32_2.0.0.202105311346/tools/bin/../lib/gcc/arm-none-eabi/9.3.1/../../../../arm-none-eabi/lib/thumb/v7e-m+fp/hard\libc_nano.a(lib_a-utoa.o)
 .ARM.attributes
                0x00000000000006bd       0x34 f:/programy/stm_cube_ide/stm/stm32cubeide_1.8.0/stm32cubeide/plugins/com.st.stm32cube.ide.mcu.externaltools.gnu-tools-for-stm32.9-2020-q2-update.win32_2.0.0.202105311346/tools/bin/../lib/gcc/arm-none-eabi/9.3.1/../../../../arm-none-eabi/lib/thumb/v7e-m+fp/hard\libc_nano.a(lib_a-mlock.o)
 .ARM.attributes
                0x00000000000006f1       0x34 f:/programy/stm_cube_ide/stm/stm32cubeide_1.8.0/stm32cubeide/plugins/com.st.stm32cube.ide.mcu.externaltools.gnu-tools-for-stm32.9-2020-q2-update.win32_2.0.0.202105311346/tools/bin/../lib/gcc/arm-none-eabi/9.3.1/../../../../arm-none-eabi/lib/thumb/v7e-m+fp/hard\libc_nano.a(lib_a-reent.o)
 .ARM.attributes
                0x0000000000000725       0x34 f:/programy/stm_cube_ide/stm/stm32cubeide_1.8.0/stm32cubeide/plugins/com.st.stm32cube.ide.mcu.externaltools.gnu-tools-for-stm32.9-2020-q2-update.win32_2.0.0.202105311346/tools/bin/../lib/gcc/arm-none-eabi/9.3.1/../../../../arm-none-eabi/lib/thumb/v7e-m+fp/hard\libc_nano.a(lib_a-lock.o)
 .ARM.attributes
                0x0000000000000759       0x1e f:/programy/stm_cube_ide/stm/stm32cubeide_1.8.0/stm32cubeide/plugins/com.st.stm32cube.ide.mcu.externaltools.gnu-tools-for-stm32.9-2020-q2-update.win32_2.0.0.202105311346/tools/bin/../lib/gcc/arm-none-eabi/9.3.1/thumb/v7e-m+fp/hard\libgcc.a(_arm_addsubdf3.o)
 .ARM.attributes
                0x0000000000000777       0x1e f:/programy/stm_cube_ide/stm/stm32cubeide_1.8.0/stm32cubeide/plugins/com.st.stm32cube.ide.mcu.externaltools.gnu-tools-for-stm32.9-2020-q2-update.win32_2.0.0.202105311346/tools/bin/../lib/gcc/arm-none-eabi/9.3.1/thumb/v7e-m+fp/hard\libgcc.a(_arm_muldivdf3.o)
 .ARM.attributes
                0x0000000000000795       0x1e f:/programy/stm_cube_ide/stm/stm32cubeide_1.8.0/stm32cubeide/plugins/com.st.stm32cube.ide.mcu.externaltools.gnu-tools-for-stm32.9-2020-q2-update.win32_2.0.0.202105311346/tools/bin/../lib/gcc/arm-none-eabi/9.3.1/thumb/v7e-m+fp/hard\libgcc.a(_arm_cmpdf2.o)
 .ARM.attributes
                0x00000000000007b3       0x1e f:/programy/stm_cube_ide/stm/stm32cubeide_1.8.0/stm32cubeide/plugins/com.st.stm32cube.ide.mcu.externaltools.gnu-tools-for-stm32.9-2020-q2-update.win32_2.0.0.202105311346/tools/bin/../lib/gcc/arm-none-eabi/9.3.1/thumb/v7e-m+fp/hard\libgcc.a(_arm_fixunsdfsi.o)
 .ARM.attributes
                0x00000000000007d1       0x1e f:/programy/stm_cube_ide/stm/stm32cubeide_1.8.0/stm32cubeide/plugins/com.st.stm32cube.ide.mcu.externaltools.gnu-tools-for-stm32.9-2020-q2-update.win32_2.0.0.202105311346/tools/bin/../lib/gcc/arm-none-eabi/9.3.1/thumb/v7e-m+fp/hard\libgcc.a(_aeabi_uldivmod.o)
 .ARM.attributes
                0x00000000000007ef       0x34 f:/programy/stm_cube_ide/stm/stm32cubeide_1.8.0/stm32cubeide/plugins/com.st.stm32cube.ide.mcu.externaltools.gnu-tools-for-stm32.9-2020-q2-update.win32_2.0.0.202105311346/tools/bin/../lib/gcc/arm-none-eabi/9.3.1/thumb/v7e-m+fp/hard\libgcc.a(_udivmoddi4.o)
 .ARM.attributes
                0x0000000000000823       0x1e f:/programy/stm_cube_ide/stm/stm32cubeide_1.8.0/stm32cubeide/plugins/com.st.stm32cube.ide.mcu.externaltools.gnu-tools-for-stm32.9-2020-q2-update.win32_2.0.0.202105311346/tools/bin/../lib/gcc/arm-none-eabi/9.3.1/thumb/v7e-m+fp/hard\libgcc.a(_dvmd_tls.o)
 .ARM.attributes
                0x0000000000000841       0x1e f:/programy/stm_cube_ide/stm/stm32cubeide_1.8.0/stm32cubeide/plugins/com.st.stm32cube.ide.mcu.externaltools.gnu-tools-for-stm32.9-2020-q2-update.win32_2.0.0.202105311346/tools/bin/../lib/gcc/arm-none-eabi/9.3.1/thumb/v7e-m+fp/hard/crtn.o
OUTPUT(KomunikacjaJavaSTM.elf elf32-littlearm)
LOAD linker stubs
LOAD f:/programy/stm_cube_ide/stm/stm32cubeide_1.8.0/stm32cubeide/plugins/com.st.stm32cube.ide.mcu.externaltools.gnu-tools-for-stm32.9-2020-q2-update.win32_2.0.0.202105311346/tools/bin/../lib/gcc/arm-none-eabi/9.3.1/../../../../arm-none-eabi/lib/thumb/v7e-m+fp/hard\libc.a
LOAD f:/programy/stm_cube_ide/stm/stm32cubeide_1.8.0/stm32cubeide/plugins/com.st.stm32cube.ide.mcu.externaltools.gnu-tools-for-stm32.9-2020-q2-update.win32_2.0.0.202105311346/tools/bin/../lib/gcc/arm-none-eabi/9.3.1/../../../../arm-none-eabi/lib/thumb/v7e-m+fp/hard\libm.a
LOAD f:/programy/stm_cube_ide/stm/stm32cubeide_1.8.0/stm32cubeide/plugins/com.st.stm32cube.ide.mcu.externaltools.gnu-tools-for-stm32.9-2020-q2-update.win32_2.0.0.202105311346/tools/bin/../lib/gcc/arm-none-eabi/9.3.1/thumb/v7e-m+fp/hard\libgcc.a

.debug_info     0x0000000000000000    0x1624c
 .debug_info    0x0000000000000000      0xb49 ./Core/Src/GFX.o
 .debug_info    0x0000000000000b49     0x155a ./Core/Src/SSD1306.o
 .debug_info    0x00000000000020a3      0x532 ./Core/Src/dma.o
 .debug_info    0x00000000000025d5      0x53e ./Core/Src/gpio.o
 .debug_info    0x0000000000002b13      0xc50 ./Core/Src/i2c.o
 .debug_info    0x0000000000003763     0x2095 ./Core/Src/main.o
 .debug_info    0x00000000000057f8      0x3c0 ./Core/Src/stm32f4xx_hal_msp.o
 .debug_info    0x0000000000005bb8      0xd95 ./Core/Src/stm32f4xx_it.o
 .debug_info    0x000000000000694d      0xa25 ./Core/Src/sysmem.o
 .debug_info    0x0000000000007372      0x5d0 ./Core/Src/system_stm32f4xx.o
 .debug_info    0x0000000000007942      0xfbc ./Core/Src/tim.o
 .debug_info    0x00000000000088fe      0xbc9 ./Core/Src/usart.o
 .debug_info    0x00000000000094c7       0x22 ./Core/Startup/startup_stm32f401retx.o
 .debug_info    0x00000000000094e9      0x93d ./Drivers/STM32F4xx_HAL_Driver/Src/stm32f4xx_hal.o
 .debug_info    0x0000000000009e26      0xe41 ./Drivers/STM32F4xx_HAL_Driver/Src/stm32f4xx_hal_cortex.o
 .debug_info    0x000000000000ac67      0x9e9 ./Drivers/STM32F4xx_HAL_Driver/Src/stm32f4xx_hal_dma.o
 .debug_info    0x000000000000b650      0x862 ./Drivers/STM32F4xx_HAL_Driver/Src/stm32f4xx_hal_gpio.o
 .debug_info    0x000000000000beb2     0x2653 ./Drivers/STM32F4xx_HAL_Driver/Src/stm32f4xx_hal_i2c.o
 .debug_info    0x000000000000e505      0x9bd ./Drivers/STM32F4xx_HAL_Driver/Src/stm32f4xx_hal_rcc.o
 .debug_info    0x000000000000eec2     0x2c1a ./Drivers/STM32F4xx_HAL_Driver/Src/stm32f4xx_hal_tim.o
 .debug_info    0x0000000000011adc     0x159a ./Drivers/STM32F4xx_HAL_Driver/Src/stm32f4xx_hal_tim_ex.o
 .debug_info    0x0000000000013076     0x31d6 ./Drivers/STM32F4xx_HAL_Driver/Src/stm32f4xx_hal_uart.o

.debug_abbrev   0x0000000000000000     0x2d6c
 .debug_abbrev  0x0000000000000000      0x206 ./Core/Src/GFX.o
 .debug_abbrev  0x0000000000000206      0x367 ./Core/Src/SSD1306.o
 .debug_abbrev  0x000000000000056d      0x11b ./Core/Src/dma.o
 .debug_abbrev  0x0000000000000688      0x14e ./Core/Src/gpio.o
 .debug_abbrev  0x00000000000007d6      0x1d7 ./Core/Src/i2c.o
 .debug_abbrev  0x00000000000009ad      0x379 ./Core/Src/main.o
 .debug_abbrev  0x0000000000000d26      0x11d ./Core/Src/stm32f4xx_hal_msp.o
 .debug_abbrev  0x0000000000000e43      0x1a1 ./Core/Src/stm32f4xx_it.o
 .debug_abbrev  0x0000000000000fe4      0x1bf ./Core/Src/sysmem.o
 .debug_abbrev  0x00000000000011a3      0x145 ./Core/Src/system_stm32f4xx.o
 .debug_abbrev  0x00000000000012e8      0x24d ./Core/Src/tim.o
 .debug_abbrev  0x0000000000001535      0x1d7 ./Core/Src/usart.o
 .debug_abbrev  0x000000000000170c       0x12 ./Core/Startup/startup_stm32f401retx.o
 .debug_abbrev  0x000000000000171e      0x21e ./Drivers/STM32F4xx_HAL_Driver/Src/stm32f4xx_hal.o
 .debug_abbrev  0x000000000000193c      0x33c ./Drivers/STM32F4xx_HAL_Driver/Src/stm32f4xx_hal_cortex.o
 .debug_abbrev  0x0000000000001c78      0x219 ./Drivers/STM32F4xx_HAL_Driver/Src/stm32f4xx_hal_dma.o
 .debug_abbrev  0x0000000000001e91      0x1f1 ./Drivers/STM32F4xx_HAL_Driver/Src/stm32f4xx_hal_gpio.o
 .debug_abbrev  0x0000000000002082      0x293 ./Drivers/STM32F4xx_HAL_Driver/Src/stm32f4xx_hal_i2c.o
 .debug_abbrev  0x0000000000002315      0x275 ./Drivers/STM32F4xx_HAL_Driver/Src/stm32f4xx_hal_rcc.o
 .debug_abbrev  0x000000000000258a      0x26f ./Drivers/STM32F4xx_HAL_Driver/Src/stm32f4xx_hal_tim.o
 .debug_abbrev  0x00000000000027f9      0x277 ./Drivers/STM32F4xx_HAL_Driver/Src/stm32f4xx_hal_tim_ex.o
 .debug_abbrev  0x0000000000002a70      0x2fc ./Drivers/STM32F4xx_HAL_Driver/Src/stm32f4xx_hal_uart.o

.debug_aranges  0x0000000000000000     0x10e0
 .debug_aranges
                0x0000000000000000       0x30 ./Core/Src/GFX.o
 .debug_aranges
                0x0000000000000030       0xc8 ./Core/Src/SSD1306.o
 .debug_aranges
                0x00000000000000f8       0x20 ./Core/Src/dma.o
 .debug_aranges
                0x0000000000000118       0x20 ./Core/Src/gpio.o
 .debug_aranges
                0x0000000000000138       0x30 ./Core/Src/i2c.o
 .debug_aranges
                0x0000000000000168       0x80 ./Core/Src/main.o
 .debug_aranges
                0x00000000000001e8       0x20 ./Core/Src/stm32f4xx_hal_msp.o
 .debug_aranges
                0x0000000000000208       0x90 ./Core/Src/stm32f4xx_it.o
 .debug_aranges
                0x0000000000000298       0x20 ./Core/Src/sysmem.o
 .debug_aranges
                0x00000000000002b8       0x28 ./Core/Src/system_stm32f4xx.o
 .debug_aranges
                0x00000000000002e0       0x58 ./Core/Src/tim.o
 .debug_aranges
                0x0000000000000338       0x30 ./Core/Src/usart.o
 .debug_aranges
                0x0000000000000368       0x28 ./Core/Startup/startup_stm32f401retx.o
 .debug_aranges
                0x0000000000000390       0xf0 ./Drivers/STM32F4xx_HAL_Driver/Src/stm32f4xx_hal.o
 .debug_aranges
                0x0000000000000480      0x118 ./Drivers/STM32F4xx_HAL_Driver/Src/stm32f4xx_hal_cortex.o
 .debug_aranges
                0x0000000000000598       0x90 ./Drivers/STM32F4xx_HAL_Driver/Src/stm32f4xx_hal_dma.o
 .debug_aranges
                0x0000000000000628       0x58 ./Drivers/STM32F4xx_HAL_Driver/Src/stm32f4xx_hal_gpio.o
 .debug_aranges
                0x0000000000000680      0x2a0 ./Drivers/STM32F4xx_HAL_Driver/Src/stm32f4xx_hal_i2c.o
 .debug_aranges
                0x0000000000000920       0x88 ./Drivers/STM32F4xx_HAL_Driver/Src/stm32f4xx_hal_rcc.o
 .debug_aranges
                0x00000000000009a8      0x3d0 ./Drivers/STM32F4xx_HAL_Driver/Src/stm32f4xx_hal_tim.o
 .debug_aranges
                0x0000000000000d78      0x168 ./Drivers/STM32F4xx_HAL_Driver/Src/stm32f4xx_hal_tim_ex.o
 .debug_aranges
                0x0000000000000ee0      0x200 ./Drivers/STM32F4xx_HAL_Driver/Src/stm32f4xx_hal_uart.o

.debug_ranges   0x0000000000000000      0xfe0
 .debug_ranges  0x0000000000000000       0x20 ./Core/Src/GFX.o
 .debug_ranges  0x0000000000000020       0xb8 ./Core/Src/SSD1306.o
 .debug_ranges  0x00000000000000d8       0x10 ./Core/Src/dma.o
 .debug_ranges  0x00000000000000e8       0x10 ./Core/Src/gpio.o
 .debug_ranges  0x00000000000000f8       0x20 ./Core/Src/i2c.o
 .debug_ranges  0x0000000000000118       0x70 ./Core/Src/main.o
 .debug_ranges  0x0000000000000188       0x10 ./Core/Src/stm32f4xx_hal_msp.o
 .debug_ranges  0x0000000000000198       0x80 ./Core/Src/stm32f4xx_it.o
 .debug_ranges  0x0000000000000218       0x10 ./Core/Src/sysmem.o
 .debug_ranges  0x0000000000000228       0x18 ./Core/Src/system_stm32f4xx.o
 .debug_ranges  0x0000000000000240       0x48 ./Core/Src/tim.o
 .debug_ranges  0x0000000000000288       0x20 ./Core/Src/usart.o
 .debug_ranges  0x00000000000002a8       0x20 ./Core/Startup/startup_stm32f401retx.o
 .debug_ranges  0x00000000000002c8       0xe0 ./Drivers/STM32F4xx_HAL_Driver/Src/stm32f4xx_hal.o
 .debug_ranges  0x00000000000003a8      0x108 ./Drivers/STM32F4xx_HAL_Driver/Src/stm32f4xx_hal_cortex.o
 .debug_ranges  0x00000000000004b0       0x80 ./Drivers/STM32F4xx_HAL_Driver/Src/stm32f4xx_hal_dma.o
 .debug_ranges  0x0000000000000530       0x48 ./Drivers/STM32F4xx_HAL_Driver/Src/stm32f4xx_hal_gpio.o
 .debug_ranges  0x0000000000000578      0x2b8 ./Drivers/STM32F4xx_HAL_Driver/Src/stm32f4xx_hal_i2c.o
 .debug_ranges  0x0000000000000830       0x78 ./Drivers/STM32F4xx_HAL_Driver/Src/stm32f4xx_hal_rcc.o
 .debug_ranges  0x00000000000008a8      0x3c0 ./Drivers/STM32F4xx_HAL_Driver/Src/stm32f4xx_hal_tim.o
 .debug_ranges  0x0000000000000c68      0x158 ./Drivers/STM32F4xx_HAL_Driver/Src/stm32f4xx_hal_tim_ex.o
 .debug_ranges  0x0000000000000dc0      0x220 ./Drivers/STM32F4xx_HAL_Driver/Src/stm32f4xx_hal_uart.o

.debug_macro    0x0000000000000000    0x17e69
 .debug_macro   0x0000000000000000      0x195 ./Core/Src/GFX.o
 .debug_macro   0x0000000000000195      0xaa8 ./Core/Src/GFX.o
 .debug_macro   0x0000000000000c3d       0x22 ./Core/Src/GFX.o
 .debug_macro   0x0000000000000c5f       0x8e ./Core/Src/GFX.o
 .debug_macro   0x0000000000000ced       0x51 ./Core/Src/GFX.o
 .debug_macro   0x0000000000000d3e      0x103 ./Core/Src/GFX.o
 .debug_macro   0x0000000000000e41       0x6a ./Core/Src/GFX.o
 .debug_macro   0x0000000000000eab      0x1df ./Core/Src/GFX.o
 .debug_macro   0x000000000000108a       0x22 ./Core/Src/GFX.o
 .debug_macro   0x00000000000010ac       0x18 ./Core/Src/GFX.o
 .debug_macro   0x00000000000010c4       0x52 ./Core/Src/GFX.o
 .debug_macro   0x0000000000001116       0x3c ./Core/Src/GFX.o
 .debug_macro   0x0000000000001152       0x34 ./Core/Src/GFX.o
 .debug_macro   0x0000000000001186       0x16 ./Core/Src/GFX.o
 .debug_macro   0x000000000000119c      0x10e ./Core/Src/GFX.o
 .debug_macro   0x00000000000012aa       0x8d ./Core/Src/GFX.o
 .debug_macro   0x0000000000001337       0x16 ./Core/Src/GFX.o
 .debug_macro   0x000000000000134d       0x43 ./Core/Src/GFX.o
 .debug_macro   0x0000000000001390       0x34 ./Core/Src/GFX.o
 .debug_macro   0x00000000000013c4       0x10 ./Core/Src/GFX.o
 .debug_macro   0x00000000000013d4       0x58 ./Core/Src/GFX.o
 .debug_macro   0x000000000000142c       0x71 ./Core/Src/GFX.o
 .debug_macro   0x000000000000149d       0x1c ./Core/Src/GFX.o
 .debug_macro   0x00000000000014b9      0x12a ./Core/Src/GFX.o
 .debug_macro   0x00000000000015e3      0x339 ./Core/Src/GFX.o
 .debug_macro   0x000000000000191c       0x16 ./Core/Src/GFX.o
 .debug_macro   0x0000000000001932       0x29 ./Core/Src/GFX.o
 .debug_macro   0x000000000000195b       0x16 ./Core/Src/GFX.o
 .debug_macro   0x0000000000001971       0x35 ./Core/Src/GFX.o
 .debug_macro   0x00000000000019a6       0x20 ./Core/Src/GFX.o
 .debug_macro   0x00000000000019c6      0x118 ./Core/Src/GFX.o
 .debug_macro   0x0000000000001ade       0x10 ./Core/Src/GFX.o
 .debug_macro   0x0000000000001aee      0x324 ./Core/Src/SSD1306.o
 .debug_macro   0x0000000000001e12      0x2a1 ./Core/Src/SSD1306.o
 .debug_macro   0x00000000000020b3       0x2e ./Core/Src/SSD1306.o
 .debug_macro   0x00000000000020e1       0x28 ./Core/Src/SSD1306.o
 .debug_macro   0x0000000000002109       0x1c ./Core/Src/SSD1306.o
 .debug_macro   0x0000000000002125       0x22 ./Core/Src/SSD1306.o
 .debug_macro   0x0000000000002147       0xd9 ./Core/Src/SSD1306.o
 .debug_macro   0x0000000000002220     0x102d ./Core/Src/SSD1306.o
 .debug_macro   0x000000000000324d      0x11f ./Core/Src/SSD1306.o
 .debug_macro   0x000000000000336c     0xb86c ./Core/Src/SSD1306.o
 .debug_macro   0x000000000000ebd8       0x6d ./Core/Src/SSD1306.o
 .debug_macro   0x000000000000ec45     0x3666 ./Core/Src/SSD1306.o
 .debug_macro   0x00000000000122ab       0x56 ./Core/Src/SSD1306.o
 .debug_macro   0x0000000000012301      0x416 ./Core/Src/SSD1306.o
 .debug_macro   0x0000000000012717      0x9fe ./Core/Src/SSD1306.o
 .debug_macro   0x0000000000013115      0x116 ./Core/Src/SSD1306.o
 .debug_macro   0x000000000001322b       0xf8 ./Core/Src/SSD1306.o
 .debug_macro   0x0000000000013323       0xa5 ./Core/Src/SSD1306.o
 .debug_macro   0x00000000000133c8      0x15f ./Core/Src/SSD1306.o
 .debug_macro   0x0000000000013527      0x287 ./Core/Src/SSD1306.o
 .debug_macro   0x00000000000137ae       0x5f ./Core/Src/SSD1306.o
 .debug_macro   0x000000000001380d      0x236 ./Core/Src/SSD1306.o
 .debug_macro   0x0000000000013a43      0x132 ./Core/Src/SSD1306.o
 .debug_macro   0x0000000000013b75      0x264 ./Core/Src/SSD1306.o
 .debug_macro   0x0000000000013dd9       0x2e ./Core/Src/SSD1306.o
 .debug_macro   0x0000000000013e07      0x1b5 ./Core/Src/SSD1306.o
 .debug_macro   0x0000000000013fbc       0x22 ./Core/Src/SSD1306.o
 .debug_macro   0x0000000000013fde       0xd6 ./Core/Src/SSD1306.o
 .debug_macro   0x00000000000140b4      0x11a ./Core/Src/SSD1306.o
 .debug_macro   0x00000000000141ce       0x85 ./Core/Src/SSD1306.o
 .debug_macro   0x0000000000014253       0x89 ./Core/Src/SSD1306.o
 .debug_macro   0x00000000000142dc      0x8d1 ./Core/Src/SSD1306.o
 .debug_macro   0x0000000000014bad       0x47 ./Core/Src/SSD1306.o
 .debug_macro   0x0000000000014bf4      0x295 ./Core/Src/SSD1306.o
 .debug_macro   0x0000000000014e89      0x126 ./Core/Src/SSD1306.o
 .debug_macro   0x0000000000014faf       0x58 ./Core/Src/SSD1306.o
 .debug_macro   0x0000000000015007      0x200 ./Core/Src/dma.o
 .debug_macro   0x0000000000015207       0xdf ./Core/Src/dma.o
 .debug_macro   0x00000000000152e6      0x174 ./Core/Src/dma.o
 .debug_macro   0x000000000001545a       0x5c ./Core/Src/dma.o
 .debug_macro   0x00000000000154b6      0x200 ./Core/Src/gpio.o
 .debug_macro   0x00000000000156b6      0x200 ./Core/Src/i2c.o
 .debug_macro   0x00000000000158b6      0x361 ./Core/Src/main.o
 .debug_macro   0x0000000000015c17      0x333 ./Core/Src/main.o
 .debug_macro   0x0000000000015f4a       0x10 ./Core/Src/main.o
 .debug_macro   0x0000000000015f5a      0x1f6 ./Core/Src/stm32f4xx_hal_msp.o
 .debug_macro   0x0000000000016150      0x200 ./Core/Src/stm32f4xx_it.o
 .debug_macro   0x0000000000016350       0xff ./Core/Src/sysmem.o
 .debug_macro   0x000000000001644f      0x23b ./Core/Src/sysmem.o
 .debug_macro   0x000000000001668a      0x1e7 ./Core/Src/system_stm32f4xx.o
 .debug_macro   0x0000000000016871      0x200 ./Core/Src/tim.o
 .debug_macro   0x0000000000016a71      0x200 ./Core/Src/usart.o
 .debug_macro   0x0000000000016c71      0x247 ./Drivers/STM32F4xx_HAL_Driver/Src/stm32f4xx_hal.o
 .debug_macro   0x0000000000016eb8      0x1e7 ./Drivers/STM32F4xx_HAL_Driver/Src/stm32f4xx_hal_cortex.o
 .debug_macro   0x000000000001709f      0x1ed ./Drivers/STM32F4xx_HAL_Driver/Src/stm32f4xx_hal_dma.o
 .debug_macro   0x000000000001728c      0x1ed ./Drivers/STM32F4xx_HAL_Driver/Src/stm32f4xx_hal_gpio.o
 .debug_macro   0x0000000000017479      0x22e ./Drivers/STM32F4xx_HAL_Driver/Src/stm32f4xx_hal_i2c.o
 .debug_macro   0x00000000000176a7      0x20b ./Drivers/STM32F4xx_HAL_Driver/Src/stm32f4xx_hal_rcc.o
 .debug_macro   0x00000000000178b2      0x1e8 ./Drivers/STM32F4xx_HAL_Driver/Src/stm32f4xx_hal_tim.o
 .debug_macro   0x0000000000017a9a      0x1e7 ./Drivers/STM32F4xx_HAL_Driver/Src/stm32f4xx_hal_tim_ex.o
 .debug_macro   0x0000000000017c81      0x1e8 ./Drivers/STM32F4xx_HAL_Driver/Src/stm32f4xx_hal_uart.o

.debug_line     0x0000000000000000    0x174a6
 .debug_line    0x0000000000000000      0x848 ./Core/Src/GFX.o
 .debug_line    0x0000000000000848      0xfec ./Core/Src/SSD1306.o
 .debug_line    0x0000000000001834      0x875 ./Core/Src/dma.o
 .debug_line    0x00000000000020a9      0x8b3 ./Core/Src/gpio.o
 .debug_line    0x000000000000295c      0x90b ./Core/Src/i2c.o
 .debug_line    0x0000000000003267      0xeb2 ./Core/Src/main.o
 .debug_line    0x0000000000004119      0x878 ./Core/Src/stm32f4xx_hal_msp.o
 .debug_line    0x0000000000004991      0x9ca ./Core/Src/stm32f4xx_it.o
 .debug_line    0x000000000000535b      0x68f ./Core/Src/sysmem.o
 .debug_line    0x00000000000059ea      0x8f9 ./Core/Src/system_stm32f4xx.o
 .debug_line    0x00000000000062e3      0xa76 ./Core/Src/tim.o
 .debug_line    0x0000000000006d59      0x90b ./Core/Src/usart.o
 .debug_line    0x0000000000007664       0x88 ./Core/Startup/startup_stm32f401retx.o