Archive member included to satisfy reference by file (symbol)

f:/programy/stm_cube_ide/stm/stm32cubeide_1.8.0/stm32cubeide/plugins/com.st.stm32cube.ide.mcu.externaltools.gnu-tools-for-stm32.9-2020-q2-update.win32_2.0.0.202105311346/tools/bin/../lib/gcc/arm-none-eabi/9.3.1/../../../../arm-none-eabi/lib/thumb/v7e-m+fp/hard\libc_nano.a(lib_a-errno.o)
                              ./Core/Src/syscalls.o (__errno)
f:/programy/stm_cube_ide/stm/stm32cubeide_1.8.0/stm32cubeide/plugins/com.st.stm32cube.ide.mcu.externaltools.gnu-tools-for-stm32.9-2020-q2-update.win32_2.0.0.202105311346/tools/bin/../lib/gcc/arm-none-eabi/9.3.1/../../../../arm-none-eabi/lib/thumb/v7e-m+fp/hard\libc_nano.a(lib_a-exit.o)
                              f:/programy/stm_cube_ide/stm/stm32cubeide_1.8.0/stm32cubeide/plugins/com.st.stm32cube.ide.mcu.externaltools.gnu-tools-for-stm32.9-2020-q2-update.win32_2.0.0.202105311346/tools/bin/../lib/gcc/arm-none-eabi/9.3.1/../../../../arm-none-eabi/lib/thumb/v7e-m+fp/hard/crt0.o (exit)
f:/programy/stm_cube_ide/stm/stm32cubeide_1.8.0/stm32cubeide/plugins/com.st.stm32cube.ide.mcu.externaltools.gnu-tools-for-stm32.9-2020-q2-update.win32_2.0.0.202105311346/tools/bin/../lib/gcc/arm-none-eabi/9.3.1/../../../../arm-none-eabi/lib/thumb/v7e-m+fp/hard\libc_nano.a(lib_a-impure.o)
                              f:/programy/stm_cube_ide/stm/stm32cubeide_1.8.0/stm32cubeide/plugins/com.st.stm32cube.ide.mcu.externaltools.gnu-tools-for-stm32.9-2020-q2-update.win32_2.0.0.202105311346/tools/bin/../lib/gcc/arm-none-eabi/9.3.1/../../../../arm-none-eabi/lib/thumb/v7e-m+fp/hard\libc_nano.a(lib_a-exit.o) (_global_impure_ptr)
f:/programy/stm_cube_ide/stm/stm32cubeide_1.8.0/stm32cubeide/plugins/com.st.stm32cube.ide.mcu.externaltools.gnu-tools-for-stm32.9-2020-q2-update.win32_2.0.0.202105311346/tools/bin/../lib/gcc/arm-none-eabi/9.3.1/../../../../arm-none-eabi/lib/thumb/v7e-m+fp/hard\libc_nano.a(lib_a-init.o)
                              f:/programy/stm_cube_ide/stm/stm32cubeide_1.8.0/stm32cubeide/plugins/com.st.stm32cube.ide.mcu.externaltools.gnu-tools-for-stm32.9-2020-q2-update.win32_2.0.0.202105311346/tools/bin/../lib/gcc/arm-none-eabi/9.3.1/../../../../arm-none-eabi/lib/thumb/v7e-m+fp/hard/crt0.o (__libc_init_array)
f:/programy/stm_cube_ide/stm/stm32cubeide_1.8.0/stm32cubeide/plugins/com.st.stm32cube.ide.mcu.externaltools.gnu-tools-for-stm32.9-2020-q2-update.win32_2.0.0.202105311346/tools/bin/../lib/gcc/arm-none-eabi/9.3.1/../../../../arm-none-eabi/lib/thumb/v7e-m+fp/hard\libc_nano.a(lib_a-itoa.o)
                              ./Core/Src/main.o (itoa)
f:/programy/stm_cube_ide/stm/stm32cubeide_1.8.0/stm32cubeide/plugins/com.st.stm32cube.ide.mcu.externaltools.gnu-tools-for-stm32.9-2020-q2-update.win32_2.0.0.202105311346/tools/bin/../lib/gcc/arm-none-eabi/9.3.1/../../../../arm-none-eabi/lib/thumb/v7e-m+fp/hard\libc_nano.a(lib_a-malloc.o)
                              ./Core/Src/SSD1306.o (malloc)
f:/programy/stm_cube_ide/stm/stm32cubeide_1.8.0/stm32cubeide/plugins/com.st.stm32cube.ide.mcu.externaltools.gnu-tools-for-stm32.9-2020-q2-update.win32_2.0.0.202105311346/tools/bin/../lib/gcc/arm-none-eabi/9.3.1/../../../../arm-none-eabi/lib/thumb/v7e-m+fp/hard\libc_nano.a(lib_a-memcpy-stub.o)
                              ./Core/Src/main.o (memcpy)
f:/programy/stm_cube_ide/stm/stm32cubeide_1.8.0/stm32cubeide/plugins/com.st.stm32cube.ide.mcu.externaltools.gnu-tools-for-stm32.9-2020-q2-update.win32_2.0.0.202105311346/tools/bin/../lib/gcc/arm-none-eabi/9.3.1/../../../../arm-none-eabi/lib/thumb/v7e-m+fp/hard\libc_nano.a(lib_a-memset.o)
                              f:/programy/stm_cube_ide/stm/stm32cubeide_1.8.0/stm32cubeide/plugins/com.st.stm32cube.ide.mcu.externaltools.gnu-tools-for-stm32.9-2020-q2-update.win32_2.0.0.202105311346/tools/bin/../lib/gcc/arm-none-eabi/9.3.1/../../../../arm-none-eabi/lib/thumb/v7e-m+fp/hard/crt0.o (memset)
f:/programy/stm_cube_ide/stm/stm32cubeide_1.8.0/stm32cubeide/plugins/com.st.stm32cube.ide.mcu.externaltools.gnu-tools-for-stm32.9-2020-q2-update.win32_2.0.0.202105311346/tools/bin/../lib/gcc/arm-none-eabi/9.3.1/../../../../arm-none-eabi/lib/thumb/v7e-m+fp/hard\libc_nano.a(lib_a-nano-freer.o)
                              f:/programy/stm_cube_ide/stm/stm32cubeide_1.8.0/stm32cubeide/plugins/com.st.stm32cube.ide.mcu.externaltools.gnu-tools-for-stm32.9-2020-q2-update.win32_2.0.0.202105311346/tools/bin/../lib/gcc/arm-none-eabi/9.3.1/../../../../arm-none-eabi/lib/thumb/v7e-m+fp/hard\libc_nano.a(lib_a-malloc.o) (_free_r)
f:/programy/stm_cube_ide/stm/stm32cubeide_1.8.0/stm32cubeide/plugins/com.st.stm32cube.ide.mcu.externaltools.gnu-tools-for-stm32.9-2020-q2-update.win32_2.0.0.202105311346/tools/bin/../lib/gcc/arm-none-eabi/9.3.1/../../../../arm-none-eabi/lib/thumb/v7e-m+fp/hard\libc_nano.a(lib_a-nano-mallocr.o)
[...]
Memory Configuration

Name             Origin             Length             Attributes
RAM              0x0000000020000000 0x0000000000018000 xrw
FLASH            0x0000000008000000 0x0000000000080000 xr
*default*        0x0000000000000000 0xffffffffffffffff

Linker script and memory map

LOAD f:/programy/stm_cube_ide/stm/stm32cubeide_1.8.0/stm32cubeide/plugins/com.st.stm32cube.ide.mcu.externaltools.gnu-tools-for-stm32.9-2020-q2-update.win32_2.0.0.202105311346/tools/bin/../lib/gcc/arm-none-eabi/9.3.1/thumb/v7e-m+fp/hard/crti.o
LOAD f:/programy/stm_cube_ide/stm/stm32cubeide_1.8.0/stm32cubeide/plugins/com.st.stm32cube.ide.mcu.externaltools.gnu-tools-for-stm32.9-2020-q2-update.win32_2.0.0.202105311346/tools/bin/../lib/gcc/arm-none-eabi/9.3.1/thumb/v7e-m+fp/hard/crtbegin.o
LOAD f:/programy/stm_cube_ide/stm/stm32cubeide_1.8.0/stm32cubeide/plugins/com.st.stm32cube.ide.mcu.externaltools.gnu-tools-for-stm32.9-2020-q2-update.win32_2.0.0.202105311346/tools/bin/../lib/gcc/arm-none-eabi/9.3.1/../../../../arm-none-eabi/lib/thumb/v7e-m+fp/hard/crt0.o
LOAD ./Core/Src/GFX.o
LOAD ./Core/Src/SSD1306.o
LOAD ./Core/Src/dma.o
LOAD ./Core/Src/gpio.o
LOAD ./Core/Src/i2c.o
LOAD ./Core/Src/main.o
LOAD ./Core/Src/stm32f4xx_hal_msp.o
LOAD ./Core/Src/stm32f4xx_it.o
LOAD ./Core/Src/syscalls.o
LOAD ./Core/Src/sysmem.o
LOAD ./Core/Src/system_stm32f4xx.o
LOAD ./Core/Src/tim.o
LOAD ./Core/Src/usart.o
LOAD ./Core/Startup/startup_stm32f401retx.o
LOAD ./Drivers/STM32F4xx_HAL_Driver/Src/stm32f4xx_hal.o
LOAD ./Drivers/STM32F4xx_HAL_Driver/Src/stm32f4xx_hal_cortex.o
LOAD ./Drivers/STM32F4xx_HAL_Driver/Src/stm32f4xx_hal_dma.o
LOAD ./Drivers/STM32F4xx_HAL_Driver/Src/stm32f4xx_hal_dma_ex.o
LOAD ./Drivers/STM32F4xx_HAL_Driver/Src/stm32f4xx_hal_exti.o
LOAD ./Drivers/STM32F4xx_HAL_Driver/Src/stm32f4xx_hal_flash.o
LOAD ./Drivers/STM32F4xx_HAL_Driver/Src/stm32f4xx_hal_flash_ex.o
LOAD ./Drivers/STM32F4xx_HAL_Driver/Src/stm32f4xx_hal_flash_ramfunc.o
LOAD ./Drivers/STM32F4xx_HAL_Driver/Src/stm32f4xx_hal_gpio.o
LOAD ./Drivers/STM32F4xx_HAL_Driver/Src/stm32f4xx_hal_i2c.o
LOAD ./Drivers/STM32F4xx_HAL_Driver/Src/stm32f4xx_hal_i2c_ex.o
LOAD ./Drivers/STM32F4xx_HAL_Driver/Src/stm32f4xx_hal_pwr.o
LOAD ./Drivers/STM32F4xx_HAL_Driver/Src/stm32f4xx_hal_pwr_ex.o
LOAD ./Drivers/STM32F4xx_HAL_Driver/Src/stm32f4xx_hal_rcc.o
LOAD ./Drivers/STM32F4xx_HAL_Driver/Src/stm32f4xx_hal_rcc_ex.o
LOAD ./Drivers/STM32F4xx_HAL_Driver/Src/stm32f4xx_hal_tim.o
LOAD ./Drivers/STM32F4xx_HAL_Driver/Src/stm32f4xx_hal_tim_ex.o
LOAD ./Drivers/STM32F4xx_HAL_Driver/Src/stm32f4xx_hal_uart.o
START GROUP
LOAD f:/programy/stm_cube_ide/stm/stm32cubeide_1.8.0/stm32cubeide/plugins/com.st.stm32cube.ide.mcu.externaltools.gnu-tools-for-stm32.9-2020-q2-update.win32_2.0.0.202105311346/tools/bin/../lib/gcc/arm-none-eabi/9.3.1/../../../../arm-none-eabi/lib/thumb/v7e-m+fp/hard\libstdc++_nano.a
LOAD f:/programy/stm_cube_ide/stm/stm32cubeide_1.8.0/stm32cubeide/plugins/com.st.stm32cube.ide.mcu.externaltools.gnu-tools-for-stm32.9-2020-q2-update.win32_2.0.0.202105311346/tools/bin/../lib/gcc/arm-none-eabi/9.3.1/../../../../arm-none-eabi/lib/thumb/v7e-m+fp/hard\libsupc++_nano.a
END GROUP
LOAD f:/programy/stm_cube_ide/stm/stm32cubeide_1.8.0/stm32cubeide/plugins/com.st.stm32cube.ide.mcu.externaltools.gnu-tools-for-stm32.9-2020-q2-update.win32_2.0.0.202105311346/tools/bin/../lib/gcc/arm-none-eabi/9.3.1/../../../../arm-none-eabi/lib/thumb/v7e-m+fp/hard\libstdc++_nano.a
LOAD f:/programy/stm_cube_ide/stm/stm32cubeide_1.8.0/stm32cubeide/plugins/com.st.stm32cube.ide.mcu.externaltools.gnu-tools-for-stm32.9-2020-q2-update.win32_2.0.0.202105311346/tools/bin/../lib/gcc/arm-none-eabi/9.3.1/../../../../arm-none-eabi/lib/thumb/v7e-m+fp/hard\libm.a
LOAD f:/programy/stm_cube_ide/stm/stm32cubeide_1.8.0/stm32cubeide/plugins/com.st.stm32cube.ide.mcu.externaltools.gnu-tools-for-stm32.9-2020-q2-update.win32_2.0.0.202105311346/tools/bin/../lib/gcc/arm-none-eabi/9.3.1/../../../../arm-none-eabi/lib/thumb/v7e-m+fp/hard\libc_nano.a
START GROUP
LOAD f:/programy/stm_cube_ide/stm/stm32cubeide_1.8.0/stm32cubeide/plugins/com.st.stm32cube.ide.mcu.externaltools.gnu-tools-for-stm32.9-2020-q2-update.win32_2.0.0.202105311346/tools/bin/../lib/gcc/arm-none-eabi/9.3.1/thumb/v7e-m+fp/hard\libgcc.a
LOAD f:/programy/stm_cube_ide/stm/stm32cubeide_1.8.0/stm32cubeide/plugins/com.st.stm32cube.ide.mcu.externaltools.gnu-tools-for-stm32.9-2020-q2-update.win32_2.0.0.202105311346/tools/bin/../lib/gcc/arm-none-eabi/9.3.1/../../../../arm-none-eabi/lib/thumb/v7e-m+fp/hard\libc_nano.a
END GROUP
START GROUP
LOAD f:/programy/stm_cube_ide/stm/stm32cubeide_1.8.0/stm32cubeide/plugins/com.st.stm32cube.ide.mcu.externaltools.gnu-tools-for-stm32.9-2020-q2-update.win32_2.0.0.202105311346/tools/bin/../lib/gcc/arm-none-eabi/9.3.1/thumb/v7e-m+fp/hard\libgcc.a
LOAD f:/programy/stm_cube_ide/stm/stm32cubeide_1.8.0/stm32cubeide/plugins/com.st.stm32cube.ide.mcu.externaltools.gnu-tools-for-stm32.9-2020-q2-update.win32_2.0.0.202105311346/tools/bin/../lib/gcc/arm-none-eabi/9.3.1/../../../../arm-none-eabi/lib/thumb/v7e-m+fp/hard\libc_nano.a
LOAD f:/programy/stm_cube_ide/stm/stm32cubeide_1.8.0/stm32cubeide/plugins/com.st.stm32cube.ide.mcu.externaltools.gnu-tools-for-stm32.9-2020-q2-update.win32_2.0.0.202105311346/tools/bin/../lib/gcc/arm-none-eabi/9.3.1/../../../../arm-none-eabi/lib/thumb/v7e-m+fp/hard\libnosys.a
END GROUP
START GROUP
LOAD f:/programy/stm_cube_ide/stm/stm32cubeide_1.8.0/stm32cubeide/plugins/com.st.stm32cube.ide.mcu.externaltools.gnu-tools-for-stm32.9-2020-q2-update.win32_2.0.0.202105311346/tools/bin/../lib/gcc/arm-none-eabi/9.3.1/thumb/v7e-m+fp/hard\libgcc.a
LOAD f:/programy/stm_cube_ide/stm/stm32cubeide_1.8.0/stm32cubeide/plugins/com.st.stm32cube.ide.mcu.externaltools.gnu-tools-for-stm32.9-2020-q2-update.win32_2.0.0.202105311346/tools/bin/../lib/gcc/arm-none-eabi/9.3.1/../../../../arm-none-eabi/lib/thumb/v7e-m+fp/hard\libc_nano.a
LOAD f:/programy/stm_cube_ide/stm/stm32cubeide_1.8.0/stm32cubeide/plugins/com.st.stm32cube.ide.mcu.externaltools.gnu-tools-for-stm32.9-2020-q2-update.win32_2.0.0.202105311346/tools/bin/../lib/gcc/arm-none-eabi/9.3.1/../../../../arm-none-eabi/lib/thumb/v7e-m+fp/hard\libnosys.a
END GROUP
LOAD f:/programy/stm_cube_ide/stm/stm32cubeide_1.8.0/stm32cubeide/plugins/com.st.stm32cube.ide.mcu.externaltools.gnu-tools-for-stm32.9-2020-q2-update.win32_2.0.0.202105311346/tools/bin/../lib/gcc/arm-none-eabi/9.3.1/thumb/v7e-m+fp/hard/crtend.o
LOAD f:/programy/stm_cube_ide/stm/stm32cubeide_1.8.0/stm32cubeide/plugins/com.st.stm32cube.ide.mcu.externaltools.gnu-tools-for-stm32.9-2020-q2-update.win32_2.0.0.202105311346/tools/bin/../lib/gcc/arm-none-eabi/9.3.1/thumb/v7e-m+fp/hard/crtn.o
                0x0000000020018000                _estack = (ORIGIN (RAM) + LENGTH (RAM))
                0x0000000000000200                _Min_Heap_Size = 0x200
                0x0000000000000400                _Min_Stack_Size = 0x400

.isr_vector     0x0000000008000000      0x194
                0x0000000008000000                . = ALIGN (0x4)
 *(.isr_vector)
 .isr_vector    0x0000000008000000      0x194 ./Core/Startup/startup_stm32f401retx.o
                0x0000000008000000                g_pfnVectors
                0x0000000008000194                . = ALIGN (0x4)

.text           0x0000000008000194     0x80a8
                0x0000000008000194                . = ALIGN (0x4)
 *(.text)
 .text          0x0000000008000194       0x40 f:/programy/stm_cube_ide/stm/stm32cubeide_1.8.0/stm32cubeide/plugins/com.st.stm32cube.ide.mcu.externaltools.gnu-tools-for-stm32.9-2020-q2-update.win32_2.0.0.202105311346/tools/bin/../lib/gcc/arm-none-eabi/9.3.1/thumb/v7e-m+fp/hard/crtbegin.o
 .text          0x00000000080001d4       0x30 f:/programy/stm_cube_ide/stm/stm32cubeide_1.8.0/stm32cubeide/plugins/com.st.stm32cube.ide.mcu.externaltools.gnu-tools-for-stm32.9-2020-q2-update.win32_2.0.0.202105311346/tools/bin/../lib/gcc/arm-none-eabi/9.3.1/thumb/v7e-m+fp/hard\libgcc.a(_aeabi_uldivmod.o)
                0x00000000080001d4                __aeabi_uldivmod
 .text          0x0000000008000204      0x2c4 f:/programy/stm_cube_ide/stm/stm32cubeide_1.8.0/stm32cubeide/plugins/com.st.stm32cube.ide.mcu.externaltools.gnu-tools-for-stm32.9-2020-q2-update.win32_2.0.0.202105311346/tools/bin/../lib/gcc/arm-none-eabi/9.3.1/thumb/v7e-m+fp/hard\libgcc.a(_udivmoddi4.o)
                0x0000000008000204                __udivmoddi4
 .text          0x00000000080004c8        0x4 f:/programy/stm_cube_ide/stm/stm32cubeide_1.8.0/stm32cubeide/plugins/com.st.stm32cube.ide.mcu.externaltools.gnu-tools-for-stm32.9-2020-q2-update.win32_2.0.0.202105311346/tools/bin/../lib/gcc/arm-none-eabi/9.3.1/thumb/v7e-m+fp/hard\libgcc.a(_dvmd_tls.o)
                0x00000000080004c8                __aeabi_idiv0
                0x00000000080004c8                __aeabi_ldiv0
 *(.text*)
 .text.GFX_draw_char
                0x00000000080004cc      0x234 ./Core/Src/GFX.o
                0x00000000080004cc                GFX_draw_char
 .text.GFX_draw_string
                0x0000000008000700       0x72 ./Core/Src/GFX.o
                0x0000000008000700                GFX_draw_string
 .text.GFX_draw_fill_rect
                0x0000000008000772       0x5e ./Core/Src/GFX.o
                0x0000000008000772                GFX_draw_fill_rect
 .text.platform_write
                0x00000000080007d0       0x38 ./Core/Src/SSD1306.o
 .text.platform_write_dma
                0x0000000008000808       0x34 ./Core/Src/SSD1306.o
 .text.SSD1306_send_com
                0x000000000800083c       0x1e ./Core/Src/SSD1306.o
 *fill*         0x000000000800085a        0x2 
 .text.SSD1306_init
                0x000000000800085c      0x118 ./Core/Src/SSD1306.o
                0x000000000800085c                SSD1306_init
 .text.SSD1306_draw_pixel
                0x0000000008000974      0x1b4 ./Core/Src/SSD1306.o
                0x0000000008000974                SSD1306_draw_pixel
 .text.SSD1306_display_clear
                0x0000000008000b28       0x1c ./Core/Src/SSD1306.o
                0x0000000008000b28                SSD1306_display_clear
 .text.SSD1306_draw_fast_hline
                0x0000000008000b44       0xf0 ./Core/Src/SSD1306.o
                0x0000000008000b44                SSD1306_draw_fast_hline
 .text.SSD1306_draw_fast_hline_internal
                0x0000000008000c34      0x124 ./Core/Src/SSD1306.o
                0x0000000008000c34                SSD1306_draw_fast_hline_internal
 .text.SSD1306_draw_fast_vline
                0x0000000008000d58       0xf0 ./Core/Src/SSD1306.o
                0x0000000008000d58                SSD1306_draw_fast_vline
 .text.SSD1306_draw_fast_vline_internal
                0x0000000008000e48      0x1f4 ./Core/Src/SSD1306.o
                0x0000000008000e48                SSD1306_draw_fast_vline_internal
 .text.SSD1306_display_repaint
                0x000000000800103c       0x4c ./Core/Src/SSD1306.o
                0x000000000800103c                SSD1306_display_repaint
 .text.SSD1306_set_rotation
                0x0000000008001088       0x20 ./Core/Src/SSD1306.o
                0x0000000008001088                SSD1306_set_rotation
 .text.SSD1306_get_rotation
                0x00000000080010a8       0x18 ./Core/Src/SSD1306.o
                0x00000000080010a8                SSD1306_get_rotation
 .text.MX_DMA_Init
                0x00000000080010c0       0x50 ./Core/Src/dma.o
                0x00000000080010c0                MX_DMA_Init
 .text.MX_GPIO_Init
                0x0000000008001110      0x138 ./Core/Src/gpio.o
                0x0000000008001110                MX_GPIO_Init
 .text.MX_I2C1_Init
                0x0000000008001248       0x5c ./Core/Src/i2c.o
                0x0000000008001248                MX_I2C1_Init
 .text.HAL_I2C_MspInit
                0x00000000080012a4      0x104 ./Core/Src/i2c.o
                0x00000000080012a4                HAL_I2C_MspInit
 .text.frameTransform
                0x00000000080013a8       0x44 ./Core/Src/main.o
                0x00000000080013a8                frameTransform
 .text.errorCheck
                0x00000000080013ec       0x48 ./Core/Src/main.o
                0x00000000080013ec                errorCheck
 .text.frameToName
                0x0000000008001434       0xec ./Core/Src/main.o
                0x0000000008001434                frameToName
 .text.calculatePID
                0x0000000008001520      0x14c ./Core/Src/main.o
                0x0000000008001520                calculatePID
 .text.initWork
                0x000000000800166c       0x34 ./Core/Src/main.o
                0x000000000800166c                initWork
 .text.HAL_UARTEx_RxEventCallback
                0x00000000080016a0       0x44 ./Core/Src/main.o
                0x00000000080016a0                HAL_UARTEx_RxEventCallback
 .text.firstScreenOled
                0x00000000080016e4      0x224 ./Core/Src/main.o
                0x00000000080016e4                firstScreenOled
 .text.engineControl
                0x0000000008001908      0x208 ./Core/Src/main.o
                0x0000000008001908                engineControl
 .text.main     0x0000000008001b10       0xa4 ./Core/Src/main.o
                0x0000000008001b10                main
 .text.SystemClock_Config
                0x0000000008001bb4       0xd8 ./Core/Src/main.o
                0x0000000008001bb4                SystemClock_Config
 .text.Error_Handler
                0x0000000008001c8c        0xa ./Core/Src/main.o
                0x0000000008001c8c                Error_Handler
 *fill*         0x0000000008001c96        0x2 
 .text.HAL_MspInit
                0x0000000008001c98       0x50 ./Core/Src/stm32f4xx_hal_msp.o
                0x0000000008001c98                HAL_MspInit
 .text.NMI_Handler
                0x0000000008001ce8        0x6 ./Core/Src/stm32f4xx_it.o
                0x0000000008001ce8                NMI_Handler
 .text.HardFault_Handler
                0x0000000008001cee        0x6 ./Core/Src/stm32f4xx_it.o
                0x0000000008001cee                HardFault_Handler
 .text.MemManage_Handler
                0x0000000008001cf4        0x6 ./Core/Src/stm32f4xx_it.o
                0x0000000008001cf4                MemManage_Handler
 .text.BusFault_Handler
                0x0000000008001cfa        0x6 ./Core/Src/stm32f4xx_it.o
                0x0000000008001cfa                BusFault_Handler
 .text.UsageFault_Handler
                0x0000000008001d00        0x6 ./Core/Src/stm32f4xx_it.o
                0x0000000008001d00                UsageFault_Handler
 .text.SVC_Handler
                0x0000000008001d06        0xe ./Core/Src/stm32f4xx_it.o
                0x0000000008001d06                SVC_Handler
 .text.DebugMon_Handler
                0x0000000008001d14        0xe ./Core/Src/stm32f4xx_it.o
                0x0000000008001d14                DebugMon_Handler
 .text.PendSV_Handler
                0x0000000008001d22        0xe ./Core/Src/stm32f4xx_it.o
                0x0000000008001d22                PendSV_Handler
 .text.SysTick_Handler
                0x0000000008001d30        0xc ./Core/Src/stm32f4xx_it.o
                0x0000000008001d30                SysTick_Handler
 .text.DMA1_Stream5_IRQHandler
                0x0000000008001d3c       0x14 ./Core/Src/stm32f4xx_it.o
                0x0000000008001d3c                DMA1_Stream5_IRQHandler
 .text.DMA1_Stream6_IRQHandler
                0x0000000008001d50       0x14 ./Core/Src/stm32f4xx_it.o
                0x0000000008001d50                DMA1_Stream6_IRQHandler
 .text.TIM3_IRQHandler
                0x0000000008001d64       0x14 ./Core/Src/stm32f4xx_it.o
                0x0000000008001d64                TIM3_IRQHandler
 .text.TIM4_IRQHandler
                0x0000000008001d78       0x14 ./Core/Src/stm32f4xx_it.o
                0x0000000008001d78                TIM4_IRQHandler
 .text.I2C1_EV_IRQHandler
                0x0000000008001d8c       0x14 ./Core/Src/stm32f4xx_it.o
                0x0000000008001d8c                I2C1_EV_IRQHandler
 .text.USART2_IRQHandler
                0x0000000008001da0       0x14 ./Core/Src/stm32f4xx_it.o
                0x0000000008001da0                USART2_IRQHandler
 .text._sbrk    0x0000000008001db4       0x6c ./Core/Src/sysmem.o
                0x0000000008001db4                _sbrk
 .text.SystemInit
                0x0000000008001e20       0x24 ./Core/Src/system_stm32f4xx.o
                0x0000000008001e20                SystemInit
 .text.MX_TIM2_Init
                0x0000000008001e44       0xdc ./Core/Src/tim.o
                0x0000000008001e44                MX_TIM2_Init
 .text.MX_TIM3_Init
                0x0000000008001f20       0xa8 ./Core/Src/tim.o
                0x0000000008001f20                MX_TIM3_Init
 .text.MX_TIM4_Init
                0x0000000008001fc8       0xa8 ./Core/Src/tim.o
                0x0000000008001fc8                MX_TIM4_Init
 .text.HAL_TIM_PWM_MspInit
                0x0000000008002070       0x40 ./Core/Src/tim.o
                0x0000000008002070                HAL_TIM_PWM_MspInit
 .text.HAL_TIM_Encoder_MspInit
                0x00000000080020b0      0x11c ./Core/Src/tim.o
                0x00000000080020b0                HAL_TIM_Encoder_MspInit
 .text.HAL_TIM_MspPostInit
                0x00000000080021cc       0xb0 ./Core/Src/tim.o
                0x00000000080021cc                HAL_TIM_MspPostInit
 .text.MX_USART2_UART_Init
                0x000000000800227c       0x54 ./Core/Src/usart.o
                0x000000000800227c                MX_USART2_UART_Init
 .text.HAL_UART_MspInit
                0x00000000080022d0      0x104 ./Core/Src/usart.o
                0x00000000080022d0                HAL_UART_MspInit
 .text.Reset_Handler
                0x00000000080023d4       0x50 ./Core/Startup/startup_stm32f401retx.o
                0x00000000080023d4                Reset_Handler
 .text.Default_Handler
                0x0000000008002424        0x2 ./Core/Startup/startup_stm32f401retx.o
                0x0000000008002424                RTC_Alarm_IRQHandler
                0x0000000008002424                EXTI2_IRQHandler
                0x0000000008002424                SPI4_IRQHandler
                0x0000000008002424                TIM1_CC_IRQHandler
                0x0000000008002424                DMA2_Stream5_IRQHandler
                0x0000000008002424                PVD_IRQHandler
                0x0000000008002424                SDIO_IRQHandler
                0x0000000008002424                TAMP_STAMP_IRQHandler
                0x0000000008002424                EXTI3_IRQHandler
                0x0000000008002424                TIM1_UP_TIM10_IRQHandler
                0x0000000008002424                I2C3_ER_IRQHandler
                0x0000000008002424                EXTI0_IRQHandler
                0x0000000008002424                I2C2_EV_IRQHandler
                0x0000000008002424                DMA1_Stream2_IRQHandler
                0x0000000008002424                FPU_IRQHandler
                0x0000000008002424                DMA2_Stream2_IRQHandler
                0x0000000008002424                SPI1_IRQHandler
                0x0000000008002424                TIM1_BRK_TIM9_IRQHandler
                0x0000000008002424                DMA2_Stream3_IRQHandler
                0x0000000008002424                USART6_IRQHandler
                0x0000000008002424                DMA2_Stream0_IRQHandler
                0x0000000008002424                DMA1_Stream1_IRQHandler
                0x0000000008002424                RCC_IRQHandler
                0x0000000008002424                Default_Handler
                0x0000000008002424                EXTI15_10_IRQHandler
                0x0000000008002424                ADC_IRQHandler
                0x0000000008002424                DMA1_Stream7_IRQHandler
                0x0000000008002424                TIM5_IRQHandler
                0x0000000008002424                DMA2_Stream7_IRQHandler
                0x0000000008002424                I2C3_EV_IRQHandler
                0x0000000008002424                EXTI9_5_IRQHandler
                0x0000000008002424                RTC_WKUP_IRQHandler
                0x0000000008002424                SPI2_IRQHandler
                0x0000000008002424                DMA1_Stream0_IRQHandler
                0x0000000008002424                EXTI4_IRQHandler
                0x0000000008002424                WWDG_IRQHandler
                0x0000000008002424                TIM2_IRQHandler
                0x0000000008002424                OTG_FS_WKUP_IRQHandler
                0x0000000008002424                TIM1_TRG_COM_TIM11_IRQHandler
                0x0000000008002424                EXTI1_IRQHandler
                0x0000000008002424                I2C2_ER_IRQHandler
                0x0000000008002424                DMA2_Stream1_IRQHandler
                0x0000000008002424                FLASH_IRQHandler
                0x0000000008002424                DMA2_Stream4_IRQHandler
                0x0000000008002424                USART1_IRQHandler
                0x0000000008002424                OTG_FS_IRQHandler
                0x0000000008002424                SPI3_IRQHandler
                0x0000000008002424                DMA1_Stream4_IRQHandler
                0x0000000008002424                I2C1_ER_IRQHandler
                0x0000000008002424                DMA2_Stream6_IRQHandler
                0x0000000008002424                DMA1_Stream3_IRQHandler
 *fill*         0x0000000008002426        0x2 
 .text.HAL_Init
                0x0000000008002428       0x44 ./Drivers/STM32F4xx_HAL_Driver/Src/stm32f4xx_hal.o
                0x0000000008002428                HAL_Init
 .text.HAL_InitTick
                0x000000000800246c       0x60 ./Drivers/STM32F4xx_HAL_Driver/Src/stm32f4xx_hal.o
                0x000000000800246c                HAL_InitTick
 .text.HAL_IncTick
                0x00000000080024cc       0x28 ./Drivers/STM32F4xx_HAL_Driver/Src/stm32f4xx_hal.o
                0x00000000080024cc                HAL_IncTick
 .text.HAL_GetTick
                0x00000000080024f4       0x18 ./Drivers/STM32F4xx_HAL_Driver/Src/stm32f4xx_hal.o
                0x00000000080024f4                HAL_GetTick
 .text.HAL_Delay
                0x000000000800250c       0x48 ./Drivers/STM32F4xx_HAL_Driver/Src/stm32f4xx_hal.o
                0x000000000800250c                HAL_Delay
 .text.__NVIC_SetPriorityGrouping
                0x0000000008002554       0x48 ./Drivers/STM32F4xx_HAL_Driver/Src/stm32f4xx_hal_cortex.o
 .text.__NVIC_GetPriorityGrouping
                0x000000000800259c       0x1c ./Drivers/STM32F4xx_HAL_Driver/Src/stm32f4xx_hal_cortex.o
 .text.__NVIC_EnableIRQ
                0x00000000080025b8       0x3c ./Drivers/STM32F4xx_HAL_Driver/Src/stm32f4xx_hal_cortex.o
 .text.__NVIC_SetPriority
                0x00000000080025f4       0x54 ./Drivers/STM32F4xx_HAL_Driver/Src/stm32f4xx_hal_cortex.o
 .text.NVIC_EncodePriority
                0x0000000008002648       0x66 ./Drivers/STM32F4xx_HAL_Driver/Src/stm32f4xx_hal_cortex.o
 *fill*         0x00000000080026ae        0x2 
 .text.SysTick_Config
                0x00000000080026b0       0x44 ./Drivers/STM32F4xx_HAL_Driver/Src/stm32f4xx_hal_cortex.o
 .text.HAL_NVIC_SetPriorityGrouping
                0x00000000080026f4       0x16 ./Drivers/STM32F4xx_HAL_Driver/Src/stm32f4xx_hal_cortex.o
                0x00000000080026f4                HAL_NVIC_SetPriorityGrouping
 .text.HAL_NVIC_SetPriority
                0x000000000800270a       0x38 ./Drivers/STM32F4xx_HAL_Driver/Src/stm32f4xx_hal_cortex.o
                0x000000000800270a                HAL_NVIC_SetPriority
 .text.HAL_NVIC_EnableIRQ
                0x0000000008002742       0x1c ./Drivers/STM32F4xx_HAL_Driver/Src/stm32f4xx_hal_cortex.o
                0x0000000008002742                HAL_NVIC_EnableIRQ
 .text.HAL_SYSTICK_Config
                0x000000000800275e       0x18 ./Drivers/STM32F4xx_HAL_Driver/Src/stm32f4xx_hal_cortex.o
                0x000000000800275e                HAL_SYSTICK_Config
 *fill*         0x0000000008002776        0x2 
 .text.HAL_DMA_Init
                0x0000000008002778      0x15c ./Drivers/STM32F4xx_HAL_Driver/Src/stm32f4xx_hal_dma.o
                0x0000000008002778                HAL_DMA_Init
 .text.HAL_DMA_Start_IT
                0x00000000080028d4       0xb0 ./Drivers/STM32F4xx_HAL_Driver/Src/stm32f4xx_hal_dma.o
                0x00000000080028d4                HAL_DMA_Start_IT
 .text.HAL_DMA_Abort
                0x0000000008002984       0xe0 ./Drivers/STM32F4xx_HAL_Driver/Src/stm32f4xx_hal_dma.o
                0x0000000008002984                HAL_DMA_Abort
 .text.HAL_DMA_Abort_IT
                0x0000000008002a64       0x44 ./Drivers/STM32F4xx_HAL_Driver/Src/stm32f4xx_hal_dma.o
                0x0000000008002a64                HAL_DMA_Abort_IT
 .text.HAL_DMA_IRQHandler
                0x0000000008002aa8      0x314 ./Drivers/STM32F4xx_HAL_Driver/Src/stm32f4xx_hal_dma.o
                0x0000000008002aa8                HAL_DMA_IRQHandler
 .text.HAL_DMA_GetState
                0x0000000008002dbc       0x1c ./Drivers/STM32F4xx_HAL_Driver/Src/stm32f4xx_hal_dma.o
                0x0000000008002dbc                HAL_DMA_GetState
 .text.HAL_DMA_GetError
                0x0000000008002dd8       0x18 ./Drivers/STM32F4xx_HAL_Driver/Src/stm32f4xx_hal_dma.o
                0x0000000008002dd8                HAL_DMA_GetError
 .text.DMA_SetConfig
                0x0000000008002df0       0x5c ./Drivers/STM32F4xx_HAL_Driver/Src/stm32f4xx_hal_dma.o
 .text.DMA_CalcBaseAndBitshift
                0x0000000008002e4c       0x6c ./Drivers/STM32F4xx_HAL_Driver/Src/stm32f4xx_hal_dma.o
 .text.DMA_CheckFifoParam
                0x0000000008002eb8       0xf8 ./Drivers/STM32F4xx_HAL_Driver/Src/stm32f4xx_hal_dma.o
 .text.HAL_GPIO_Init
                0x0000000008002fb0      0x308 ./Drivers/STM32F4xx_HAL_Driver/Src/stm32f4xx_hal_gpio.o
                0x0000000008002fb0                HAL_GPIO_Init
 .text.HAL_GPIO_WritePin
                0x00000000080032b8       0x32 ./Drivers/STM32F4xx_HAL_Driver/Src/stm32f4xx_hal_gpio.o
                0x00000000080032b8                HAL_GPIO_WritePin
 .text.HAL_GPIO_TogglePin
                0x00000000080032ea       0x34 ./Drivers/STM32F4xx_HAL_Driver/Src/stm32f4xx_hal_gpio.o
                0x00000000080032ea                HAL_GPIO_TogglePin
 *fill*         0x000000000800331e        0x2 
 .text.HAL_I2C_Init
                0x0000000008003320      0x288 ./Drivers/STM32F4xx_HAL_Driver/Src/stm32f4xx_hal_i2c.o
                0x0000000008003320                HAL_I2C_Init
 .text.HAL_I2C_Mem_Write
                0x00000000080035a8      0x1f4 ./Drivers/STM32F4xx_HAL_Driver/Src/stm32f4xx_hal_i2c.o
                0x00000000080035a8                HAL_I2C_Mem_Write
 .text.HAL_I2C_Mem_Write_DMA
                0x000000000800379c      0x2c4 ./Drivers/STM32F4xx_HAL_Driver/Src/stm32f4xx_hal_i2c.o
                0x000000000800379c                HAL_I2C_Mem_Write_DMA
 .text.HAL_I2C_EV_IRQHandler
                0x0000000008003a60      0x2e2 ./Drivers/STM32F4xx_HAL_Driver/Src/stm32f4xx_hal_i2c.o
                0x0000000008003a60                HAL_I2C_EV_IRQHandler
 .text.HAL_I2C_MasterTxCpltCallback
                0x0000000008003d42       0x14 ./Drivers/STM32F4xx_HAL_Driver/Src/stm32f4xx_hal_i2c.o
                0x0000000008003d42                HAL_I2C_MasterTxCpltCallback
 .text.HAL_I2C_MasterRxCpltCallback
                0x0000000008003d56       0x14 ./Drivers/STM32F4xx_HAL_Driver/Src/stm32f4xx_hal_i2c.o
                0x0000000008003d56                HAL_I2C_MasterRxCpltCallback
 .text.HAL_I2C_SlaveTxCpltCallback
                0x0000000008003d6a       0x14 ./Drivers/STM32F4xx_HAL_Driver/Src/stm32f4xx_hal_i2c.o
                0x0000000008003d6a                HAL_I2C_SlaveTxCpltCallback
 .text.HAL_I2C_SlaveRxCpltCallback
                0x0000000008003d7e       0x14 ./Drivers/STM32F4xx_HAL_Driver/Src/stm32f4xx_hal_i2c.o
                0x0000000008003d7e                HAL_I2C_SlaveRxCpltCallback
 .text.HAL_I2C_AddrCallback
                0x0000000008003d92       0x1c ./Drivers/STM32F4xx_HAL_Driver/Src/stm32f4xx_hal_i2c.o
                0x0000000008003d92                HAL_I2C_AddrCallback
 .text.HAL_I2C_ListenCpltCallback
                0x0000000008003dae       0x14 ./Drivers/STM32F4xx_HAL_Driver/Src/stm32f4xx_hal_i2c.o
                0x0000000008003dae                HAL_I2C_ListenCpltCallback
 .text.HAL_I2C_MemTxCpltCallback
                0x0000000008003dc2       0x14 ./Drivers/STM32F4xx_HAL_Driver/Src/stm32f4xx_hal_i2c.o
                0x0000000008003dc2                HAL_I2C_MemTxCpltCallback
 .text.HAL_I2C_MemRxCpltCallback
                0x0000000008003dd6       0x14 ./Drivers/STM32F4xx_HAL_Driver/Src/stm32f4xx_hal_i2c.o
                0x0000000008003dd6                HAL_I2C_MemRxCpltCallback
 .text.HAL_I2C_ErrorCallback
                0x0000000008003dea       0x14 ./Drivers/STM32F4xx_HAL_Driver/Src/stm32f4xx_hal_i2c.o
                0x0000000008003dea                HAL_I2C_ErrorCallback
 .text.HAL_I2C_AbortCpltCallback
                0x0000000008003dfe       0x14 ./Drivers/STM32F4xx_HAL_Driver/Src/stm32f4xx_hal_i2c.o
                0x0000000008003dfe                HAL_I2C_AbortCpltCallback
 .text.I2C_MasterTransmit_TXE
                0x0000000008003e12      0x138 ./Drivers/STM32F4xx_HAL_Driver/Src/stm32f4xx_hal_i2c.o
 .text.I2C_MasterTransmit_BTF
                0x0000000008003f4a       0xec ./Drivers/STM32F4xx_HAL_Driver/Src/stm32f4xx_hal_i2c.o
 .text.I2C_MemoryTransmit_TXE_BTF
                0x0000000008004036      0x128 ./Drivers/STM32F4xx_HAL_Driver/Src/stm32f4xx_hal_i2c.o
 .text.I2C_MasterReceive_RXNE
                0x000000000800415e      0x162 ./Drivers/STM32F4xx_HAL_Driver/Src/stm32f4xx_hal_i2c.o
 .text.I2C_MasterReceive_BTF
                0x00000000080042c0      0x1d4 ./Drivers/STM32F4xx_HAL_Driver/Src/stm32f4xx_hal_i2c.o
 .text.I2C_Master_SB
                0x0000000008004494      0x10c ./Drivers/STM32F4xx_HAL_Driver/Src/stm32f4xx_hal_i2c.o
 .text.I2C_Master_ADD10
                0x00000000080045a0       0x54 ./Drivers/STM32F4xx_HAL_Driver/Src/stm32f4xx_hal_i2c.o
 .text.I2C_Master_ADDR
                0x00000000080045f4      0x322 ./Drivers/STM32F4xx_HAL_Driver/Src/stm32f4xx_hal_i2c.o
 .text.I2C_SlaveTransmit_TXE
                0x0000000008004916       0x7a ./Drivers/STM32F4xx_HAL_Driver/Src/stm32f4xx_hal_i2c.o
 .text.I2C_SlaveTransmit_BTF
                0x0000000008004990       0x42 ./Drivers/STM32F4xx_HAL_Driver/Src/stm32f4xx_hal_i2c.o
 .text.I2C_SlaveReceive_RXNE
                0x00000000080049d2       0x7c ./Drivers/STM32F4xx_HAL_Driver/Src/stm32f4xx_hal_i2c.o
 .text.I2C_SlaveReceive_BTF
                0x0000000008004a4e       0x44 ./Drivers/STM32F4xx_HAL_Driver/Src/stm32f4xx_hal_i2c.o
 .text.I2C_Slave_ADDR
                0x0000000008004a92       0x94 ./Drivers/STM32F4xx_HAL_Driver/Src/stm32f4xx_hal_i2c.o
 *fill*         0x0000000008004b26        0x2 
 .text.I2C_Slave_STOPF
                0x0000000008004b28      0x260 ./Drivers/STM32F4xx_HAL_Driver/Src/stm32f4xx_hal_i2c.o
 .text.I2C_ITError
                0x0000000008004d88      0x264 ./Drivers/STM32F4xx_HAL_Driver/Src/stm32f4xx_hal_i2c.o
 .text.I2C_RequestMemoryWrite
                0x0000000008004fec      0x12c ./Drivers/STM32F4xx_HAL_Driver/Src/stm32f4xx_hal_i2c.o
 .text.I2C_DMAXferCplt
                0x0000000008005118      0x1aa ./Drivers/STM32F4xx_HAL_Driver/Src/stm32f4xx_hal_i2c.o
 .text.I2C_DMAError
                0x00000000080052c2       0x7a ./Drivers/STM32F4xx_HAL_Driver/Src/stm32f4xx_hal_i2c.o
 .text.I2C_DMAAbort
                0x000000000800533c      0x150 ./Drivers/STM32F4xx_HAL_Driver/Src/stm32f4xx_hal_i2c.o
 .text.I2C_WaitOnFlagUntilTimeout
                0x000000000800548c       0xae ./Drivers/STM32F4xx_HAL_Driver/Src/stm32f4xx_hal_i2c.o
 .text.I2C_WaitOnMasterAddressFlagUntilTimeout
                0x000000000800553a       0xfe ./Drivers/STM32F4xx_HAL_Driver/Src/stm32f4xx_hal_i2c.o
 .text.I2C_WaitOnTXEFlagUntilTimeout
                0x0000000008005638       0x82 ./Drivers/STM32F4xx_HAL_Driver/Src/stm32f4xx_hal_i2c.o
 .text.I2C_WaitOnBTFFlagUntilTimeout
                0x00000000080056ba       0x82 ./Drivers/STM32F4xx_HAL_Driver/Src/stm32f4xx_hal_i2c.o
 .text.I2C_WaitOnSTOPRequestThroughIT
                0x000000000800573c       0x64 ./Drivers/STM32F4xx_HAL_Driver/Src/stm32f4xx_hal_i2c.o
 .text.I2C_IsAcknowledgeFailed
                0x00000000080057a0       0x5e ./Drivers/STM32F4xx_HAL_Driver/Src/stm32f4xx_hal_i2c.o
 .text.I2C_ConvertOtherXferOptions
                0x00000000080057fe       0x36 ./Drivers/STM32F4xx_HAL_Driver/Src/stm32f4xx_hal_i2c.o
 .text.HAL_RCC_OscConfig
                0x0000000008005834      0x4f0 ./Drivers/STM32F4xx_HAL_Driver/Src/stm32f4xx_hal_rcc.o
                0x0000000008005834                HAL_RCC_OscConfig
 .text.HAL_RCC_ClockConfig
                0x0000000008005d24      0x1cc ./Drivers/STM32F4xx_HAL_Driver/Src/stm32f4xx_hal_rcc.o
                0x0000000008005d24                HAL_RCC_ClockConfig
 .text.HAL_RCC_GetSysClockFreq
                0x0000000008005ef0      0x1c4 ./Drivers/STM32F4xx_HAL_Driver/Src/stm32f4xx_hal_rcc.o
                0x0000000008005ef0                HAL_RCC_GetSysClockFreq
 .text.HAL_RCC_GetHCLKFreq
                0x00000000080060b4       0x18 ./Drivers/STM32F4xx_HAL_Driver/Src/stm32f4xx_hal_rcc.o
                0x00000000080060b4                HAL_RCC_GetHCLKFreq
 .text.HAL_RCC_GetPCLK1Freq
                0x00000000080060cc       0x28 ./Drivers/STM32F4xx_HAL_Driver/Src/stm32f4xx_hal_rcc.o
                0x00000000080060cc                HAL_RCC_GetPCLK1Freq
 .text.HAL_RCC_GetPCLK2Freq
                0x00000000080060f4       0x28 ./Drivers/STM32F4xx_HAL_Driver/Src/stm32f4xx_hal_rcc.o
                0x00000000080060f4                HAL_RCC_GetPCLK2Freq
 .text.HAL_TIM_PWM_Init
                0x000000000800611c       0x9e ./Drivers/STM32F4xx_HAL_Driver/Src/stm32f4xx_hal_tim.o
                0x000000000800611c                HAL_TIM_PWM_Init
 *fill*         0x00000000080061ba        0x2 
 .text.HAL_TIM_PWM_Start
                0x00000000080061bc      0x160 ./Drivers/STM32F4xx_HAL_Driver/Src/stm32f4xx_hal_tim.o
                0x00000000080061bc                HAL_TIM_PWM_Start
 .text.HAL_TIM_Encoder_Init
                0x000000000800631c      0x14c ./Drivers/STM32F4xx_HAL_Driver/Src/stm32f4xx_hal_tim.o
                0x000000000800631c                HAL_TIM_Encoder_Init
 .text.HAL_TIM_Encoder_Start
                0x0000000008006468      0x11c ./Drivers/STM32F4xx_HAL_Driver/Src/stm32f4xx_hal_tim.o
                0x0000000008006468                HAL_TIM_Encoder_Start
 .text.HAL_TIM_IRQHandler
                0x0000000008006584      0x210 ./Drivers/STM32F4xx_HAL_Driver/Src/stm32f4xx_hal_tim.o
                0x0000000008006584                HAL_TIM_IRQHandler
 .text.HAL_TIM_PWM_ConfigChannel
                0x0000000008006794      0x184 ./Drivers/STM32F4xx_HAL_Driver/Src/stm32f4xx_hal_tim.o
                0x0000000008006794                HAL_TIM_PWM_ConfigChannel
 .text.HAL_TIM_PeriodElapsedCallback
                0x0000000008006918       0x14 ./Drivers/STM32F4xx_HAL_Driver/Src/stm32f4xx_hal_tim.o
                0x0000000008006918                HAL_TIM_PeriodElapsedCallback
 .text.HAL_TIM_OC_DelayElapsedCallback
                0x000000000800692c       0x14 ./Drivers/STM32F4xx_HAL_Driver/Src/stm32f4xx_hal_tim.o
                0x000000000800692c                HAL_TIM_OC_DelayElapsedCallback
 .text.HAL_TIM_IC_CaptureCallback
                0x0000000008006940       0x14 ./Drivers/STM32F4xx_HAL_Driver/Src/stm32f4xx_hal_tim.o
                0x0000000008006940                HAL_TIM_IC_CaptureCallback
 .text.HAL_TIM_PWM_PulseFinishedCallback
                0x0000000008006954       0x14 ./Drivers/STM32F4xx_HAL_Driver/Src/stm32f4xx_hal_tim.o
                0x0000000008006954                HAL_TIM_PWM_PulseFinishedCallback
 .text.HAL_TIM_TriggerCallback
                0x0000000008006968       0x14 ./Drivers/STM32F4xx_HAL_Driver/Src/stm32f4xx_hal_tim.o
                0x0000000008006968                HAL_TIM_TriggerCallback
 .text.TIM_Base_SetConfig
                0x000000000800697c      0x100 ./Drivers/STM32F4xx_HAL_Driver/Src/stm32f4xx_hal_tim.o
                0x000000000800697c                TIM_Base_SetConfig
 .text.TIM_OC1_SetConfig
                0x0000000008006a7c       0xcc ./Drivers/STM32F4xx_HAL_Driver/Src/stm32f4xx_hal_tim.o
 .text.TIM_OC2_SetConfig
                0x0000000008006b48       0xd8 ./Drivers/STM32F4xx_HAL_Driver/Src/stm32f4xx_hal_tim.o
                0x0000000008006b48                TIM_OC2_SetConfig
 .text.TIM_OC3_SetConfig
                0x0000000008006c20       0xd4 ./Drivers/STM32F4xx_HAL_Driver/Src/stm32f4xx_hal_tim.o
 .text.TIM_OC4_SetConfig
                0x0000000008006cf4       0xa0 ./Drivers/STM32F4xx_HAL_Driver/Src/stm32f4xx_hal_tim.o
 .text.TIM_CCxChannelCmd
                0x0000000008006d94       0x4a ./Drivers/STM32F4xx_HAL_Driver/Src/stm32f4xx_hal_tim.o
                0x0000000008006d94                TIM_CCxChannelCmd
 *fill*         0x0000000008006dde        0x2 
 .text.HAL_TIMEx_MasterConfigSynchronization
                0x0000000008006de0       0xdc ./Drivers/STM32F4xx_HAL_Driver/Src/stm32f4xx_hal_tim_ex.o
                0x0000000008006de0                HAL_TIMEx_MasterConfigSynchronization
 .text.HAL_TIMEx_CommutCallback
                0x0000000008006ebc       0x14 ./Drivers/STM32F4xx_HAL_Driver/Src/stm32f4xx_hal_tim_ex.o
                0x0000000008006ebc                HAL_TIMEx_CommutCallback
 .text.HAL_TIMEx_BreakCallback
                0x0000000008006ed0       0x14 ./Drivers/STM32F4xx_HAL_Driver/Src/stm32f4xx_hal_tim_ex.o
                0x0000000008006ed0                HAL_TIMEx_BreakCallback
 .text.HAL_UART_Init
                0x0000000008006ee4       0x9a ./Drivers/STM32F4xx_HAL_Driver/Src/stm32f4xx_hal_uart.o
                0x0000000008006ee4                HAL_UART_Init
 .text.HAL_UARTEx_ReceiveToIdle_DMA
                0x0000000008006f7e       0xca ./Drivers/STM32F4xx_HAL_Driver/Src/stm32f4xx_hal_uart.o
                0x0000000008006f7e                HAL_UARTEx_ReceiveToIdle_DMA
 .text.HAL_UART_IRQHandler
                0x0000000008007048      0x51c ./Drivers/STM32F4xx_HAL_Driver/Src/stm32f4xx_hal_uart.o
                0x0000000008007048                HAL_UART_IRQHandler
 .text.HAL_UART_TxCpltCallback
                0x0000000008007564       0x14 ./Drivers/STM32F4xx_HAL_Driver/Src/stm32f4xx_hal_uart.o
                0x0000000008007564                HAL_UART_TxCpltCallback
 .text.HAL_UART_RxCpltCallback
                0x0000000008007578       0x14 ./Drivers/STM32F4xx_HAL_Driver/Src/stm32f4xx_hal_uart.o
                0x0000000008007578                HAL_UART_RxCpltCallback
 .text.HAL_UART_RxHalfCpltCallback
                0x000000000800758c       0x14 ./Drivers/STM32F4xx_HAL_Driver/Src/stm32f4xx_hal_uart.o
                0x000000000800758c                HAL_UART_RxHalfCpltCallback
 .text.HAL_UART_ErrorCallback
                0x00000000080075a0       0x14 ./Drivers/STM32F4xx_HAL_Driver/Src/stm32f4xx_hal_uart.o
                0x00000000080075a0                HAL_UART_ErrorCallback
 .text.UART_DMAReceiveCplt
                0x00000000080075b4      0x126 ./Drivers/STM32F4xx_HAL_Driver/Src/stm32f4xx_hal_uart.o
 .text.UART_DMARxHalfCplt
                0x00000000080076da       0x36 ./Drivers/STM32F4xx_HAL_Driver/Src/stm32f4xx_hal_uart.o
 .text.UART_DMAError
                0x0000000008007710       0x94 ./Drivers/STM32F4xx_HAL_Driver/Src/stm32f4xx_hal_uart.o
 .text.UART_Start_Receive_DMA
                0x00000000080077a4      0x134 ./Drivers/STM32F4xx_HAL_Driver/Src/stm32f4xx_hal_uart.o
                0x00000000080077a4                UART_Start_Receive_DMA
 .text.UART_EndTxTransfer
                0x00000000080078d8       0x50 ./Drivers/STM32F4xx_HAL_Driver/Src/stm32f4xx_hal_uart.o
 .text.UART_EndRxTransfer
                0x0000000008007928       0xc6 ./Drivers/STM32F4xx_HAL_Driver/Src/stm32f4xx_hal_uart.o
 .text.UART_DMAAbortOnError
                0x00000000080079ee       0x28 ./Drivers/STM32F4xx_HAL_Driver/Src/stm32f4xx_hal_uart.o
 .text.UART_Transmit_IT
                0x0000000008007a16       0xa0 ./Drivers/STM32F4xx_HAL_Driver/Src/stm32f4xx_hal_uart.o
 .text.UART_EndTransmit_IT
                0x0000000008007ab6       0x30 ./Drivers/STM32F4xx_HAL_Driver/Src/stm32f4xx_hal_uart.o
 .text.UART_Receive_IT
                0x0000000008007ae6      0x176 ./Drivers/STM32F4xx_HAL_Driver/Src/stm32f4xx_hal_uart.o
 .text.UART_SetConfig
                0x0000000008007c5c      0x390 ./Drivers/STM32F4xx_HAL_Driver/Src/stm32f4xx_hal_uart.o
 .text.__errno  0x0000000008007fec        0xc f:/programy/stm_cube_ide/stm/stm32cubeide_1.8.0/stm32cubeide/plugins/com.st.stm32cube.ide.mcu.externaltools.gnu-tools-for-stm32.9-2020-q2-update.win32_2.0.0.202105311346/tools/bin/../lib/gcc/arm-none-eabi/9.3.1/../../../../arm-none-eabi/lib/thumb/v7e-m+fp/hard\libc_nano.a(lib_a-errno.o)
                0x0000000008007fec                __errno
 .text.__libc_init_array
                0x0000000008007ff8       0x48 f:/programy/stm_cube_ide/stm/stm32cubeide_1.8.0/stm32cubeide/plugins/com.st.stm32cube.ide.mcu.externaltools.gnu-tools-for-stm32.9-2020-q2-update.win32_2.0.0.202105311346/tools/bin/../lib/gcc/arm-none-eabi/9.3.1/../../../../arm-none-eabi/lib/thumb/v7e-m+fp/hard\libc_nano.a(lib_a-init.o)
                0x0000000008007ff8                __libc_init_array
 .text.__itoa   0x0000000008008040       0x30 f:/programy/stm_cube_ide/stm/stm32cubeide_1.8.0/stm32cubeide/plugins/com.st.stm32cube.ide.mcu.externaltools.gnu-tools-for-stm32.9-2020-q2-update.win32_2.0.0.202105311346/tools/bin/../lib/gcc/arm-none-eabi/9.3.1/../../../../arm-none-eabi/lib/thumb/v7e-m+fp/hard\libc_nano.a(lib_a-itoa.o)
                0x0000000008008040                __itoa
 .text.itoa     0x0000000008008070        0x4 f:/programy/stm_cube_ide/stm/stm32cubeide_1.8.0/stm32cubeide/plugins/com.st.stm32cube.ide.mcu.externaltools.gnu-tools-for-stm32.9-2020-q2-update.win32_2.0.0.202105311346/tools/bin/../lib/gcc/arm-none-eabi/9.3.1/../../../../arm-none-eabi/lib/thumb/v7e-m+fp/hard\libc_nano.a(lib_a-itoa.o)
                0x0000000008008070                itoa
 .text.malloc   0x0000000008008074       0x10 f:/programy/stm_cube_ide/stm/stm32cubeide_1.8.0/stm32cubeide/plugins/com.st.stm32cube.ide.mcu.externaltools.gnu-tools-for-stm32.9-2020-q2-update.win32_2.0.0.202105311346/tools/bin/../lib/gcc/arm-none-eabi/9.3.1/../../../../arm-none-eabi/lib/thumb/v7e-m+fp/hard\libc_nano.a(lib_a-malloc.o)
                0x0000000008008074                malloc
 .text.memcpy   0x0000000008008084       0x1c f:/programy/stm_cube_ide/stm/stm32cubeide_1.8.0/stm32cubeide/plugins/com.st.stm32cube.ide.mcu.externaltools.gnu-tools-for-stm32.9-2020-q2-update.win32_2.0.0.202105311346/tools/bin/../lib/gcc/arm-none-eabi/9.3.1/../../../../arm-none-eabi/lib/thumb/v7e-m+fp/hard\libc_nano.a(lib_a-memcpy-stub.o)
                0x0000000008008084                memcpy
 .text.memset   0x00000000080080a0       0x10 f:/programy/stm_cube_ide/stm/stm32cubeide_1.8.0/stm32cubeide/plugins/com.st.stm32cube.ide.mcu.externaltools.gnu-tools-for-stm32.9-2020-q2-update.win32_2.0.0.202105311346/tools/bin/../lib/gcc/arm-none-eabi/9.3.1/../../../../arm-none-eabi/lib/thumb/v7e-m+fp/hard\libc_nano.a(lib_a-memset.o)
                0x00000000080080a0                memset
 .text._malloc_r
                0x00000000080080b0       0xb4 f:/programy/stm_cube_ide/stm/stm32cubeide_1.8.0/stm32cubeide/plugins/com.st.stm32cube.ide.mcu.externaltools.gnu-tools-for-stm32.9-2020-q2-update.win32_2.0.0.202105311346/tools/bin/../lib/gcc/arm-none-eabi/9.3.1/../../../../arm-none-eabi/lib/thumb/v7e-m+fp/hard\libc_nano.a(lib_a-nano-mallocr.o)
                0x00000000080080b0                _malloc_r
 .text._sbrk_r  0x0000000008008164       0x20 f:/programy/stm_cube_ide/stm/stm32cubeide_1.8.0/stm32cubeide/plugins/com.st.stm32cube.ide.mcu.externaltools.gnu-tools-for-stm32.9-2020-q2-update.win32_2.0.0.202105311346/tools/bin/../lib/gcc/arm-none-eabi/9.3.1/../../../../arm-none-eabi/lib/thumb/v7e-m+fp/hard\libc_nano.a(lib_a-sbrkr.o)
                0x0000000008008164                _sbrk_r
 .text.__utoa   0x0000000008008184       0x84 f:/programy/stm_cube_ide/stm/stm32cubeide_1.8.0/stm32cubeide/plugins/com.st.stm32cube.ide.mcu.externaltools.gnu-tools-for-stm32.9-2020-q2-update.win32_2.0.0.202105311346/tools/bin/../lib/gcc/arm-none-eabi/9.3.1/../../../../arm-none-eabi/lib/thumb/v7e-m+fp/hard\libc_nano.a(lib_a-utoa.o)
                0x0000000008008184                __utoa
 .text.__malloc_lock
                0x0000000008008208        0xc f:/programy/stm_cube_ide/stm/stm32cubeide_1.8.0/stm32cubeide/plugins/com.st.stm32cube.ide.mcu.externaltools.gnu-tools-for-stm32.9-2020-q2-update.win32_2.0.0.202105311346/tools/bin/../lib/gcc/arm-none-eabi/9.3.1/../../../../arm-none-eabi/lib/thumb/v7e-m+fp/hard\libc_nano.a(lib_a-mlock.o)
                0x0000000008008208                __malloc_lock
 .text.__malloc_unlock
                0x0000000008008214        0xc f:/programy/stm_cube_ide/stm/stm32cubeide_1.8.0/stm32cubeide/plugins/com.st.stm32cube.ide.mcu.externaltools.gnu-tools-for-stm32.9-2020-q2-update.win32_2.0.0.202105311346/tools/bin/../lib/gcc/arm-none-eabi/9.3.1/../../../../arm-none-eabi/lib/thumb/v7e-m+fp/hard\libc_nano.a(lib_a-mlock.o)
                0x0000000008008214                __malloc_unlock
 .text.__retarget_lock_acquire_recursive
                0x0000000008008220        0x2 f:/programy/stm_cube_ide/stm/stm32cubeide_1.8.0/stm32cubeide/plugins/com.st.stm32cube.ide.mcu.externaltools.gnu-tools-for-stm32.9-2020-q2-update.win32_2.0.0.202105311346/tools/bin/../lib/gcc/arm-none-eabi/9.3.1/../../../../arm-none-eabi/lib/thumb/v7e-m+fp/hard\libc_nano.a(lib_a-lock.o)
                0x0000000008008220                __retarget_lock_acquire_recursive
 .text.__retarget_lock_release_recursive
                0x0000000008008222        0x2 f:/programy/stm_cube_ide/stm/stm32cubeide_1.8.0/stm32cubeide/plugins/com.st.stm32cube.ide.mcu.externaltools.gnu-tools-for-stm32.9-2020-q2-update.win32_2.0.0.202105311346/tools/bin/../lib/gcc/arm-none-eabi/9.3.1/../../../../arm-none-eabi/lib/thumb/v7e-m+fp/hard\libc_nano.a(lib_a-lock.o)
                0x0000000008008222                __retarget_lock_release_recursive
 *(.glue_7)
 .glue_7        0x0000000008008224        0x0 linker stubs
 *(.glue_7t)
 .glue_7t       0x0000000008008224        0x0 linker stubs
 *(.eh_frame)
 .eh_frame      0x0000000008008224        0x0 f:/programy/stm_cube_ide/stm/stm32cubeide_1.8.0/stm32cubeide/plugins/com.st.stm32cube.ide.mcu.externaltools.gnu-tools-for-stm32.9-2020-q2-update.win32_2.0.0.202105311346/tools/bin/../lib/gcc/arm-none-eabi/9.3.1/thumb/v7e-m+fp/hard/crtbegin.o
 *(.init)
 .init          0x0000000008008224        0x4 f:/programy/stm_cube_ide/stm/stm32cubeide_1.8.0/stm32cubeide/plugins/com.st.stm32cube.ide.mcu.externaltools.gnu-tools-for-stm32.9-2020-q2-update.win32_2.0.0.202105311346/tools/bin/../lib/gcc/arm-none-eabi/9.3.1/thumb/v7e-m+fp/hard/crti.o
                0x0000000008008224                _init
 .init          0x0000000008008228        0x8 f:/programy/stm_cube_ide/stm/stm32cubeide_1.8.0/stm32cubeide/plugins/com.st.stm32cube.ide.mcu.externaltools.gnu-tools-for-stm32.9-2020-q2-update.win32_2.0.0.202105311346/tools/bin/../lib/gcc/arm-none-eabi/9.3.1/thumb/v7e-m+fp/hard/crtn.o
 *(.fini)
 .fini          0x0000000008008230        0x4 f:/programy/stm_cube_ide/stm/stm32cubeide_1.8.0/stm32cubeide/plugins/com.st.stm32cube.ide.mcu.externaltools.gnu-tools-for-stm32.9-2020-q2-update.win32_2.0.0.202105311346/tools/bin/../lib/gcc/arm-none-eabi/9.3.1/thumb/v7e-m+fp/hard/crti.o
                0x0000000008008230                _fini
 .fini          0x0000000008008234        0x8 f:/programy/stm_cube_ide/stm/stm32cubeide_1.8.0/stm32cubeide/plugins/com.st.stm32cube.ide.mcu.externaltools.gnu-tools-for-stm32.9-2020-q2-update.win32_2.0.0.202105311346/tools/bin/../lib/gcc/arm-none-eabi/9.3.1/thumb/v7e-m+fp/hard/crtn.o
                0x000000000800823c                . = ALIGN (0x4)
                0x000000000800823c                _etext = .

.vfp11_veneer   0x000000000800823c        0x0
 .vfp11_veneer  0x000000000800823c        0x0 linker stubs

.v4_bx          0x000000000800823c        0x0
 .v4_bx         0x000000000800823c        0x0 linker stubs

.iplt           0x000000000800823c        0x0
 .iplt          0x000000000800823c        0x0 f:/programy/stm_cube_ide/stm/stm32cubeide_1.8.0/stm32cubeide/plugins/com.st.stm32cube.ide.mcu.externaltools.gnu-tools-for-stm32.9-2020-q2-update.win32_2.0.0.202105311346/tools/bin/../lib/gcc/arm-none-eabi/9.3.1/thumb/v7e-m+fp/hard/crtbegin.o

.rodata         0x000000000800823c      0x574
                0x000000000800823c                . = ALIGN (0x4)
 *(.rodata)
 .rodata        0x000000000800823c       0x1b ./Core/Src/main.o
 *(.rodata*)
 *fill*         0x0000000008008257        0x1 
 .rodata.font   0x0000000008008258      0x500 ./Core/Src/GFX.o
 .rodata.premask.9267
                0x0000000008008758        0x8 ./Core/Src/SSD1306.o
 .rodata.postmask.9278
                0x0000000008008760        0x8 ./Core/Src/SSD1306.o
 .rodata.AHBPrescTable
                0x0000000008008768       0x10 ./Core/Src/system_stm32f4xx.o
                0x0000000008008768                AHBPrescTable
 .rodata.APBPrescTable
                0x0000000008008778        0x8 ./Core/Src/system_stm32f4xx.o
                0x0000000008008778                APBPrescTable
 .rodata.flagBitshiftOffset.8391
                0x0000000008008780        0x8 ./Drivers/STM32F4xx_HAL_Driver/Src/stm32f4xx_hal_dma.o
 .rodata.__utoa.str1.1
                0x0000000008008788       0x25 f:/programy/stm_cube_ide/stm/stm32cubeide_1.8.0/stm32cubeide/plugins/com.st.stm32cube.ide.mcu.externaltools.gnu-tools-for-stm32.9-2020-q2-update.win32_2.0.0.202105311346/tools/bin/../lib/gcc/arm-none-eabi/9.3.1/../../../../arm-none-eabi/lib/thumb/v7e-m+fp/hard\libc_nano.a(lib_a-utoa.o)
                0x00000000080087b0                . = ALIGN (0x4)
 *fill*         0x00000000080087ad        0x3 

.ARM.extab      0x00000000080087b0        0x0
                0x00000000080087b0                . = ALIGN (0x4)
 *(.ARM.extab* .gnu.linkonce.armextab.*)
                0x00000000080087b0                . = ALIGN (0x4)

.ARM            0x00000000080087b0        0x8
                0x00000000080087b0                . = ALIGN (0x4)
                0x00000000080087b0                __exidx_start = .
 *(.ARM.exidx*)
 .ARM.exidx     0x00000000080087b0        0x8 f:/programy/stm_cube_ide/stm/stm32cubeide_1.8.0/stm32cubeide/plugins/com.st.stm32cube.ide.mcu.externaltools.gnu-tools-for-stm32.9-2020-q2-update.win32_2.0.0.202105311346/tools/bin/../lib/gcc/arm-none-eabi/9.3.1/thumb/v7e-m+fp/hard\libgcc.a(_udivmoddi4.o)
                0x00000000080087b8                __exidx_end = .
                0x00000000080087b8                . = ALIGN (0x4)

.rel.dyn        0x00000000080087b8        0x0
 .rel.iplt      0x00000000080087b8        0x0 f:/programy/stm_cube_ide/stm/stm32cubeide_1.8.0/stm32cubeide/plugins/com.st.stm32cube.ide.mcu.externaltools.gnu-tools-for-stm32.9-2020-q2-update.win32_2.0.0.202105311346/tools/bin/../lib/gcc/arm-none-eabi/9.3.1/thumb/v7e-m+fp/hard/crtbegin.o

.preinit_array  0x00000000080087b8        0x0
                0x00000000080087b8                . = ALIGN (0x4)
                0x00000000080087b8                PROVIDE (__preinit_array_start = .)
 *(.preinit_array*)
                0x00000000080087b8                PROVIDE (__preinit_array_end = .)
                0x00000000080087b8                . = ALIGN (0x4)

.init_array     0x00000000080087b8        0x4
                0x00000000080087b8                . = ALIGN (0x4)
                0x00000000080087b8                PROVIDE (__init_array_start = .)
 *(SORT_BY_NAME(.init_array.*))
 *(.init_array*)
 .init_array    0x00000000080087b8        0x4 f:/programy/stm_cube_ide/stm/stm32cubeide_1.8.0/stm32cubeide/plugins/com.st.stm32cube.ide.mcu.externaltools.gnu-tools-for-stm32.9-2020-q2-update.win32_2.0.0.202105311346/tools/bin/../lib/gcc/arm-none-eabi/9.3.1/thumb/v7e-m+fp/hard/crtbegin.o
                0x00000000080087bc                PROVIDE (__init_array_end = .)
                0x00000000080087bc                . = ALIGN (0x4)

.fini_array     0x00000000080087bc        0x4
                0x00000000080087bc                . = ALIGN (0x4)
                [!provide]                        PROVIDE (__fini_array_start = .)
 *(SORT_BY_NAME(.fini_array.*))
 *(.fini_array*)
 .fini_array    0x00000000080087bc        0x4 f:/programy/stm_cube_ide/stm/stm32cubeide_1.8.0/stm32cubeide/plugins/com.st.stm32cube.ide.mcu.externaltools.gnu-tools-for-stm32.9-2020-q2-update.win32_2.0.0.202105311346/tools/bin/../lib/gcc/arm-none-eabi/9.3.1/thumb/v7e-m+fp/hard/crtbegin.o
                [!provide]                        PROVIDE (__fini_array_end = .)
                0x00000000080087c0                . = ALIGN (0x4)
                0x00000000080087c0                _sidata = LOADADDR (.data)

.data           0x0000000020000000      0x10c load address 0x00000000080087c0
                0x0000000020000000                . = ALIGN (0x4)
                0x0000000020000000                _sdata = .
 *(.data)
 *(.data*)
 .data.PWM      0x0000000020000000        0x1 ./Core/Src/main.o
                0x0000000020000000                PWM
 *fill*         0x0000000020000001        0x3 
 .data.stopMessage
                0x0000000020000004       0x13 ./Core/Src/main.o
                0x0000000020000004                stopMessage
 *fill*         0x0000000020000017        0x1 
 .data.messageManualRight
                0x0000000020000018       0x19 ./Core/Src/main.o
                0x0000000020000018                messageManualRight
 *fill*         0x0000000020000031        0x3 
 .data.messageManualLeft
                0x0000000020000034       0x18 ./Core/Src/main.o
                0x0000000020000034                messageManualLeft
 .data.messageStart
                0x000000002000004c       0x13 ./Core/Src/main.o
                0x000000002000004c                messageStart
 *fill*         0x000000002000005f        0x1 
 .data.EncDownMessage
                0x0000000020000060        0xa ./Core/Src/main.o
                0x0000000020000060                EncDownMessage
 *fill*         0x000000002000006a        0x2 
 .data.EncUpMessage
                0x000000002000006c        0xa ./Core/Src/main.o
                0x000000002000006c                EncUpMessage
 *fill*         0x0000000020000076        0x2 
 .data.PWMMessage
                0x0000000020000078        0x7 ./Core/Src/main.o
                0x0000000020000078                PWMMessage
 *fill*         0x000000002000007f        0x1 
 .data.MODEMessage
                0x0000000020000080        0x7 ./Core/Src/main.o
                0x0000000020000080                MODEMessage
 *fill*         0x0000000020000087        0x1 
 .data.communicationFrame
                0x0000000020000088        0xd ./Core/Src/main.o
                0x0000000020000088                communicationFrame
 *fill*         0x0000000020000095        0x3 
 .data.setTime  0x0000000020000098        0x4 ./Core/Src/main.o
                0x0000000020000098                setTime
 .data.SystemCoreClock
                0x000000002000009c        0x4 ./Core/Src/system_stm32f4xx.o
                0x000000002000009c                SystemCoreClock
 .data.uwTickPrio
                0x00000000200000a0        0x4 ./Drivers/STM32F4xx_HAL_Driver/Src/stm32f4xx_hal.o
                0x00000000200000a0                uwTickPrio
 .data.uwTickFreq
                0x00000000200000a4        0x1 ./Drivers/STM32F4xx_HAL_Driver/Src/stm32f4xx_hal.o
                0x00000000200000a4                uwTickFreq
 *fill*         0x00000000200000a5        0x3 
 .data._impure_ptr
                0x00000000200000a8        0x4 f:/programy/stm_cube_ide/stm/stm32cubeide_1.8.0/stm32cubeide/plugins/com.st.stm32cube.ide.mcu.externaltools.gnu-tools-for-stm32.9-2020-q2-update.win32_2.0.0.202105311346/tools/bin/../lib/gcc/arm-none-eabi/9.3.1/../../../../arm-none-eabi/lib/thumb/v7e-m+fp/hard\libc_nano.a(lib_a-impure.o)
                0x00000000200000a8                _impure_ptr
 .data.impure_data
                0x00000000200000ac       0x60 f:/programy/stm_cube_ide/stm/stm32cubeide_1.8.0/stm32cubeide/plugins/com.st.stm32cube.ide.mcu.externaltools.gnu-tools-for-stm32.9-2020-q2-update.win32_2.0.0.202105311346/tools/bin/../lib/gcc/arm-none-eabi/9.3.1/../../../../arm-none-eabi/lib/thumb/v7e-m+fp/hard\libc_nano.a(lib_a-impure.o)
 *(.RamFunc)
 *(.RamFunc*)
                0x000000002000010c                . = ALIGN (0x4)
                0x000000002000010c                _edata = .

.igot.plt       0x000000002000010c        0x0 load address 0x00000000080088cc
 .igot.plt      0x000000002000010c        0x0 f:/programy/stm_cube_ide/stm/stm32cubeide_1.8.0/stm32cubeide/plugins/com.st.stm32cube.ide.mcu.externaltools.gnu-tools-for-stm32.9-2020-q2-update.win32_2.0.0.202105311346/tools/bin/../lib/gcc/arm-none-eabi/9.3.1/thumb/v7e-m+fp/hard/crtbegin.o
                0x000000002000010c                . = ALIGN (0x4)

.bss            0x000000002000010c      0x33c load address 0x00000000080088cc
                0x000000002000010c                _sbss = .
                0x000000002000010c                __bss_start__ = _sbss
 *(.bss)
 .bss           0x000000002000010c       0x1c f:/programy/stm_cube_ide/stm/stm32cubeide_1.8.0/stm32cubeide/plugins/com.st.stm32cube.ide.mcu.externaltools.gnu-tools-for-stm32.9-2020-q2-update.win32_2.0.0.202105311346/tools/bin/../lib/gcc/arm-none-eabi/9.3.1/thumb/v7e-m+fp/hard/crtbegin.o
 *(.bss*)
 .bss.buffer    0x0000000020000128        0x4 ./Core/Src/SSD1306.o
 .bss.rotation  0x000000002000012c        0x1 ./Core/Src/SSD1306.o
 .bss.encoderUp
                0x000000002000012d        0x1 ./Core/Src/main.o
                0x000000002000012d                encoderUp
 .bss.encoderDown
                0x000000002000012e        0x1 ./Core/Src/main.o
                0x000000002000012e                encoderDown
 .bss.counter   0x000000002000012f        0x1 ./Core/Src/main.o
                0x000000002000012f                counter
 .bss.kierunek  0x0000000020000130        0x1 ./Core/Src/main.o
                0x0000000020000130                kierunek
 *fill*         0x0000000020000131        0x3 
 .bss.encoderCounterUp
                0x0000000020000134        0x4 ./Core/Src/main.o
                0x0000000020000134                encoderCounterUp
 .bss.encoderCounterDown
                0x0000000020000138        0x4 ./Core/Src/main.o
                0x0000000020000138                encoderCounterDown
 .bss.lasttime  0x000000002000013c        0x4 ./Core/Src/main.o
                0x000000002000013c                lasttime
 .bss.errorSum  0x0000000020000140        0x4 ./Core/Src/main.o
                0x0000000020000140                errorSum
 .bss.__sbrk_heap_end
                0x0000000020000144        0x4 ./Core/Src/sysmem.o
 .bss.__malloc_free_list
                0x0000000020000148        0x4 f:/programy/stm_cube_ide/stm/stm32cubeide_1.8.0/stm32cubeide/plugins/com.st.stm32cube.ide.mcu.externaltools.gnu-tools-for-stm32.9-2020-q2-update.win32_2.0.0.202105311346/tools/bin/../lib/gcc/arm-none-eabi/9.3.1/../../../../arm-none-eabi/lib/thumb/v7e-m+fp/hard\libc_nano.a(lib_a-nano-mallocr.o)
                0x0000000020000148                __malloc_free_list
 .bss.__malloc_sbrk_start
                0x000000002000014c        0x4 f:/programy/stm_cube_ide/stm/stm32cubeide_1.8.0/stm32cubeide/plugins/com.st.stm32cube.ide.mcu.externaltools.gnu-tools-for-stm32.9-2020-q2-update.win32_2.0.0.202105311346/tools/bin/../lib/gcc/arm-none-eabi/9.3.1/../../../../arm-none-eabi/lib/thumb/v7e-m+fp/hard\libc_nano.a(lib_a-nano-mallocr.o)
                0x000000002000014c                __malloc_sbrk_start
 *(COMMON)
 COMMON         0x0000000020000150       0xb4 ./Core/Src/i2c.o
                0x0000000020000150                hdma_i2c1_tx
                0x00000000200001b0                hi2c1
 COMMON         0x0000000020000204      0x157 ./Core/Src/main.o
                0x0000000020000204                D
                0x0000000020000208                Dout
                0x000000002000020c                oledFrame
                0x000000002000021c                hdma_usart2_rx
                0x000000002000027c                now
                0x0000000020000280                Iout
                0x0000000020000284                rightButton
                0x0000000020000288                Pout
                0x000000002000028c                lasterror
                0x0000000020000290                timechange
                0x0000000020000294                outPWM
                0x0000000020000298                itoaBuffer
                0x00000000200002ac                sendFrame
                0x00000000200002b9                STOP
                0x00000000200002bc                error
                0x00000000200002c0                leftButton
                0x00000000200002c4                RxBuf
                0x00000000200002d4                MainBuf
                0x00000000200002e1                I
                0x00000000200002e4                huart2
                0x0000000020000328                bufer
                0x0000000020000354                Derror
                0x0000000020000358                manual
                0x0000000020000359                P
                0x000000002000035a                START
 *fill*         0x000000002000035b        0x1 
 COMMON         0x000000002000035c       0xd8 ./Core/Src/tim.o
                0x000000002000035c                htim4
                0x00000000200003a4                htim3
                0x00000000200003ec                htim2
 COMMON         0x0000000020000434        0x4 ./Drivers/STM32F4xx_HAL_Driver/Src/stm32f4xx_hal.o
                0x0000000020000434                uwTick
 COMMON         0x0000000020000438        0x4 f:/programy/stm_cube_ide/stm/stm32cubeide_1.8.0/stm32cubeide/plugins/com.st.stm32cube.ide.mcu.externaltools.gnu-tools-for-stm32.9-2020-q2-update.win32_2.0.0.202105311346/tools/bin/../lib/gcc/arm-none-eabi/9.3.1/../../../../arm-none-eabi/lib/thumb/v7e-m+fp/hard\libc_nano.a(lib_a-reent.o)
                0x0000000020000438                errno
 COMMON         0x000000002000043c        0x9 f:/programy/stm_cube_ide/stm/stm32cubeide_1.8.0/stm32cubeide/plugins/com.st.stm32cube.ide.mcu.externaltools.gnu-tools-for-stm32.9-2020-q2-update.win32_2.0.0.202105311346/tools/bin/../lib/gcc/arm-none-eabi/9.3.1/../../../../arm-none-eabi/lib/thumb/v7e-m+fp/hard\libc_nano.a(lib_a-lock.o)
                0x000000002000043c                __lock___atexit_recursive_mutex
                0x000000002000043d                __lock___arc4random_mutex
                0x000000002000043e                __lock___env_recursive_mutex
                0x000000002000043f                __lock___sinit_recursive_mutex
                0x0000000020000440                __lock___malloc_recursive_mutex
                0x0000000020000441                __lock___at_quick_exit_mutex
                0x0000000020000442                __lock___dd_hash_mutex
                0x0000000020000443                __lock___tz_mutex
                0x0000000020000444                __lock___sfp_recursive_mutex
                0x0000000020000448                . = ALIGN (0x4)
 *fill*         0x0000000020000445        0x3 
                0x0000000020000448                _ebss = .
                0x0000000020000448                __bss_end__ = _ebss

._user_heap_stack
                0x0000000020000448      0x600 load address 0x00000000080088cc
                0x0000000020000448                . = ALIGN (0x8)
                [!provide]                        PROVIDE (end = .)
                0x0000000020000448                PROVIDE (_end = .)
                0x0000000020000648                . = (. + _Min_Heap_Size)
 *fill*         0x0000000020000448      0x200 
                0x0000000020000a48                . = (. + _Min_Stack_Size)
 *fill*         0x0000000020000648      0x400 
                0x0000000020000a48                . = ALIGN (0x8)

/DISCARD/
 libc.a(*)
 libm.a(*)
 libgcc.a(*)

.ARM.attributes
                0x0000000000000000       0x30
 *(.ARM.attributes)
 .ARM.attributes
                0x0000000000000000       0x1e f:/programy/stm_cube_ide/stm/stm32cubeide_1.8.0/stm32cubeide/plugins/com.st.stm32cube.ide.mcu.externaltools.gnu-tools-for-stm32.9-2020-q2-update.win32_2.0.0.202105311346/tools/bin/../lib/gcc/arm-none-eabi/9.3.1/thumb/v7e-m+fp/hard/crti.o
 .ARM.attributes
                0x000000000000001e       0x34 f:/programy/stm_cube_ide/stm/stm32cubeide_1.8.0/stm32cubeide/plugins/com.st.stm32cube.ide.mcu.externaltools.gnu-tools-for-stm32.9-2020-q2-update.win32_2.0.0.202105311346/tools/bin/../lib/gcc/arm-none-eabi/9.3.1/thumb/v7e-m+fp/hard/crtbegin.o
 .ARM.attributes
                0x0000000000000052       0x34 ./Core/Src/GFX.o
 .ARM.attributes
                0x0000000000000086       0x34 ./Core/Src/SSD1306.o
 .ARM.attributes
                0x00000000000000ba       0x34 ./Core/Src/dma.o
 .ARM.attributes
                0x00000000000000ee       0x34 ./Core/Src/gpio.o
 .ARM.attributes
                0x0000000000000122       0x34 ./Core/Src/i2c.o
 .ARM.attributes
                0x0000000000000156       0x34 ./Core/Src/main.o
 .ARM.attributes
                0x000000000000018a       0x34 ./Core/Src/stm32f4xx_hal_msp.o
 .ARM.attributes
                0x00000000000001be       0x34 ./Core/Src/stm32f4xx_it.o
 .ARM.attributes
                0x00000000000001f2       0x34 ./Core/Src/sysmem.o
 .ARM.attributes
                0x0000000000000226       0x34 ./Core/Src/system_stm32f4xx.o
 .ARM.attributes
                0x000000000000025a       0x34 ./Core/Src/tim.o
 .ARM.attributes
                0x000000000000028e       0x34 ./Core/Src/usart.o
 .ARM.attributes
                0x00000000000002c2       0x21 ./Core/Startup/startup_stm32f401retx.o
 .ARM.attributes
                0x00000000000002e3       0x34 ./Drivers/STM32F4xx_HAL_Driver/Src/stm32f4xx_hal.o
 .ARM.attributes
                0x0000000000000317       0x34 ./Drivers/STM32F4xx_HAL_Driver/Src/stm32f4xx_hal_cortex.o
 .ARM.attributes
                0x000000000000034b       0x34 ./Drivers/STM32F4xx_HAL_Driver/Src/stm32f4xx_hal_dma.o
 .ARM.attributes
                0x000000000000037f       0x34 ./Drivers/STM32F4xx_HAL_Driver/Src/stm32f4xx_hal_gpio.o
 .ARM.attributes
                0x00000000000003b3       0x34 ./Drivers/STM32F4xx_HAL_Driver/Src/stm32f4xx_hal_i2c.o
 .ARM.attributes
                0x00000000000003e7       0x34 ./Drivers/STM32F4xx_HAL_Driver/Src/stm32f4xx_hal_rcc.o
 .ARM.attributes
                0x000000000000041b       0x34 ./Drivers/STM32F4xx_HAL_Driver/Src/stm32f4xx_hal_tim.o
 .ARM.attributes
                0x000000000000044f       0x34 ./Drivers/STM32F4xx_HAL_Driver/Src/stm32f4xx_hal_tim_ex.o
 .ARM.attributes
                0x0000000000000483       0x34 ./Drivers/STM32F4xx_HAL_Driver/Src/stm32f4xx_hal_uart.o
 .ARM.attributes
                0x00000000000004b7       0x34 f:/programy/stm_cube_ide/stm/stm32cubeide_1.8.0/stm32cubeide/plugins/com.st.stm32cube.ide.mcu.externaltools.gnu-tools-for-stm32.9-2020-q2-update.win32_2.0.0.202105311346/tools/bin/../lib/gcc/arm-none-eabi/9.3.1/../../../../arm-none-eabi/lib/thumb/v7e-m+fp/hard\libc_nano.a(lib_a-errno.o)
 .ARM.attributes
                0x00000000000004eb       0x32 f:/programy/stm_cube_ide/stm/stm32cubeide_1.8.0/stm32cubeide/plugins/com.st.stm32cube.ide.mcu.externaltools.gnu-tools-for-stm32.9-2020-q2-update.win32_2.0.0.202105311346/tools/bin/../lib/gcc/arm-none-eabi/9.3.1/../../../../arm-none-eabi/lib/thumb/v7e-m+fp/hard\libc_nano.a(lib_a-impure.o)
 .ARM.attributes
                0x000000000000051d       0x34 f:/programy/stm_cube_ide/stm/stm32cubeide_1.8.0/stm32cubeide/plugins/com.st.stm32cube.ide.mcu.externaltools.gnu-tools-for-stm32.9-2020-q2-update.win32_2.0.0.202105311346/tools/bin/../lib/gcc/arm-none-eabi/9.3.1/../../../../arm-none-eabi/lib/thumb/v7e-m+fp/hard\libc_nano.a(lib_a-init.o)
 .ARM.attributes
                0x0000000000000551       0x34 f:/programy/stm_cube_ide/stm/stm32cubeide_1.8.0/stm32cubeide/plugins/com.st.stm32cube.ide.mcu.externaltools.gnu-tools-for-stm32.9-2020-q2-update.win32_2.0.0.202105311346/tools/bin/../lib/gcc/arm-none-eabi/9.3.1/../../../../arm-none-eabi/lib/thumb/v7e-m+fp/hard\libc_nano.a(lib_a-itoa.o)
 .ARM.attributes
                0x0000000000000585       0x34 f:/programy/stm_cube_ide/stm/stm32cubeide_1.8.0/stm32cubeide/plugins/com.st.stm32cube.ide.mcu.externaltools.gnu-tools-for-stm32.9-2020-q2-update.win32_2.0.0.202105311346/tools/bin/../lib/gcc/arm-none-eabi/9.3.1/../../../../arm-none-eabi/lib/thumb/v7e-m+fp/hard\libc_nano.a(lib_a-malloc.o)
 .ARM.attributes
                0x00000000000005b9       0x34 f:/programy/stm_cube_ide/stm/stm32cubeide_1.8.0/stm32cubeide/plugins/com.st.stm32cube.ide.mcu.externaltools.gnu-tools-for-stm32.9-2020-q2-update.win32_2.0.0.202105311346/tools/bin/../lib/gcc/arm-none-eabi/9.3.1/../../../../arm-none-eabi/lib/thumb/v7e-m+fp/hard\libc_nano.a(lib_a-memcpy-stub.o)
 .ARM.attributes
                0x00000000000005ed       0x34 f:/programy/stm_cube_ide/stm/stm32cubeide_1.8.0/stm32cubeide/plugins/com.st.stm32cube.ide.mcu.externaltools.gnu-tools-for-stm32.9-2020-q2-update.win32_2.0.0.202105311346/tools/bin/../lib/gcc/arm-none-eabi/9.3.1/../../../../arm-none-eabi/lib/thumb/v7e-m+fp/hard\libc_nano.a(lib_a-memset.o)
 .ARM.attributes
                0x0000000000000621       0x34 f:/programy/stm_cube_ide/stm/stm32cubeide_1.8.0/stm32cubeide/plugins/com.st.stm32cube.ide.mcu.externaltools.gnu-tools-for-stm32.9-2020-q2-update.win32_2.0.0.202105311346/tools/bin/../lib/gcc/arm-none-eabi/9.3.1/../../../../arm-none-eabi/lib/thumb/v7e-m+fp/hard\libc_nano.a(lib_a-nano-mallocr.o)
 .ARM.attributes
                0x0000000000000655       0x34 f:/programy/stm_cube_ide/stm/stm32cubeide_1.8.0/stm32cubeide/plugins/com.st.stm32cube.ide.mcu.externaltools.gnu-tools-for-stm32.9-2020-q2-update.win32_2.0.0.202105311346/tools/bin/../lib/gcc/arm-none-eabi/9.3.1/../../../../arm-none-eabi/lib/thumb/v7e-m+fp/hard\libc_nano.a(lib_a-sbrkr.o)
 .ARM.attributes
                0x0000000000000689       0x34 f:/programy/stm_cube_ide/stm/stm32cubeide_1.8.0/stm32cubeide/plugins/com.st.stm32cube.ide.mcu.externaltools.gnu-tools-for-stm32.9-2020-q2-update.win32_2.0.0.202105311346/tools/bin/../lib/gcc/arm-none-eabi/9.3.1/../../../../arm-none-eabi/lib/thumb/v7e-m+fp/hard\libc_nano.a(lib_a-utoa.o)
 .ARM.attributes
                0x00000000000006bd       0x34 f:/programy/stm_cube_ide/stm/stm32cubeide_1.8.0/stm32cubeide/plugins/com.st.stm32cube.ide.mcu.externaltools.gnu-tools-for-stm32.9-2020-q2-update.win32_2.0.0.202105311346/tools/bin/../lib/gcc/arm-none-eabi/9.3.1/../../../../arm-none-eabi/lib/thumb/v7e-m+fp/hard\libc_nano.a(lib_a-mlock.o)
 .ARM.attributes
                0x00000000000006f1       0x34 f:/programy/stm_cube_ide/stm/stm32cubeide_1.8.0/stm32cubeide/plugins/com.st.stm32cube.ide.mcu.externaltools.gnu-tools-for-stm32.9-2020-q2-update.win32_2.0.0.202105311346/tools/bin/../lib/gcc/arm-none-eabi/9.3.1/../../../../arm-none-eabi/lib/thumb/v7e-m+fp/hard\libc_nano.a(lib_a-reent.o)
 .ARM.attributes
                0x0000000000000725       0x34 f:/programy/stm_cube_ide/stm/stm32cubeide_1.8.0/stm32cubeide/plugins/com.st.stm32cube.ide.mcu.externaltools.gnu-tools-for-stm32.9-2020-q2-update.win32_2.0.0.202105311346/tools/bin/../lib/gcc/arm-none-eabi/9.3.1/../../../../arm-none-eabi/lib/thumb/v7e-m+fp/hard\libc_nano.a(lib_a-lock.o)
 .ARM.attributes
                0x0000000000000759       0x1e f:/programy/stm_cube_ide/stm/stm32cubeide_1.8.0/stm32cubeide/plugins/com.st.stm32cube.ide.mcu.externaltools.gnu-tools-for-stm32.9-2020-q2-update.win32_2.0.0.202105311346/tools/bin/../lib/gcc/arm-none-eabi/9.3.1/thumb/v7e-m+fp/hard\libgcc.a(_aeabi_uldivmod.o)
 .ARM.attributes
                0x0000000000000777       0x34 f:/programy/stm_cube_ide/stm/stm32cubeide_1.8.0/stm32cubeide/plugins/com.st.stm32cube.ide.mcu.externaltools.gnu-tools-for-stm32.9-2020-q2-update.win32_2.0.0.202105311346/tools/bin/../lib/gcc/arm-none-eabi/9.3.1/thumb/v7e-m+fp/hard\libgcc.a(_udivmoddi4.o)
 .ARM.attributes
                0x00000000000007ab       0x1e f:/programy/stm_cube_ide/stm/stm32cubeide_1.8.0/stm32cubeide/plugins/com.st.stm32cube.ide.mcu.externaltools.gnu-tools-for-stm32.9-2020-q2-update.win32_2.0.0.202105311346/tools/bin/../lib/gcc/arm-none-eabi/9.3.1/thumb/v7e-m+fp/hard\libgcc.a(_dvmd_tls.o)
 .ARM.attributes
                0x00000000000007c9       0x1e f:/programy/stm_cube_ide/stm/stm32cubeide_1.8.0/stm32cubeide/plugins/com.st.stm32cube.ide.mcu.externaltools.gnu-tools-for-stm32.9-2020-q2-update.win32_2.0.0.202105311346/tools/bin/../lib/gcc/arm-none-eabi/9.3.1/thumb/v7e-m+fp/hard/crtn.o
OUTPUT(KomunikacjaJavaSTM.elf elf32-littlearm)
LOAD linker stubs
LOAD f:/programy/stm_cube_ide/stm/stm32cubeide_1.8.0/stm32cubeide/plugins/com.st.stm32cube.ide.mcu.externaltools.gnu-tools-for-stm32.9-2020-q2-update.win32_2.0.0.202105311346/tools/bin/../lib/gcc/arm-none-eabi/9.3.1/../../../../arm-none-eabi/lib/thumb/v7e-m+fp/hard\libc.a
LOAD f:/programy/stm_cube_ide/stm/stm32cubeide_1.8.0/stm32cubeide/plugins/com.st.stm32cube.ide.mcu.externaltools.gnu-tools-for-stm32.9-2020-q2-update.win32_2.0.0.202105311346/tools/bin/../lib/gcc/arm-none-eabi/9.3.1/../../../../arm-none-eabi/lib/thumb/v7e-m+fp/hard\libm.a
LOAD f:/programy/stm_cube_ide/stm/stm32cubeide_1.8.0/stm32cubeide/plugins/com.st.stm32cube.ide.mcu.externaltools.gnu-tools-for-stm32.9-2020-q2-update.win32_2.0.0.202105311346/tools/bin/../lib/gcc/arm-none-eabi/9.3.1/thumb/v7e-m+fp/hard\libgcc.a

.debug_info     0x0000000000000000    0x1616d
 .debug_info    0x0000000000000000      0xb49 ./Core/Src/GFX.o
 .debug_info    0x0000000000000b49     0x155a ./Core/Src/SSD1306.o
 .debug_info    0x00000000000020a3      0x532 ./Core/Src/dma.o
 .debug_info    0x00000000000025d5      0x53e ./Core/Src/gpio.o
 .debug_info    0x0000000000002b13      0xc50 ./Core/Src/i2c.o
 .debug_info    0x0000000000003763     0x1fb6 ./Core/Src/main.o
 .debug_info    0x0000000000005719      0x3c0 ./Core/Src/stm32f4xx_hal_msp.o
 .debug_info    0x0000000000005ad9      0xd95 ./Core/Src/stm32f4xx_it.o
 .debug_info    0x000000000000686e      0xa25 ./Core/Src/sysmem.o
 .debug_info    0x0000000000007293      0x5d0 ./Core/Src/system_stm32f4xx.o
 .debug_info    0x0000000000007863      0xfbc ./Core/Src/tim.o
 .debug_info    0x000000000000881f      0xbc9 ./Core/Src/usart.o
 .debug_info    0x00000000000093e8       0x22 ./Core/Startup/startup_stm32f401retx.o
 .debug_info    0x000000000000940a      0x93d ./Drivers/STM32F4xx_HAL_Driver/Src/stm32f4xx_hal.o
 .debug_info    0x0000000000009d47      0xe41 ./Drivers/STM32F4xx_HAL_Driver/Src/stm32f4xx_hal_cortex.o
 .debug_info    0x000000000000ab88      0x9e9 ./Drivers/STM32F4xx_HAL_Driver/Src/stm32f4xx_hal_dma.o
 .debug_info    0x000000000000b571      0x862 ./Drivers/STM32F4xx_HAL_Driver/Src/stm32f4xx_hal_gpio.o
 .debug_info    0x000000000000bdd3     0x2653 ./Drivers/STM32F4xx_HAL_Driver/Src/stm32f4xx_hal_i2c.o
 .debug_info    0x000000000000e426      0x9bd ./Drivers/STM32F4xx_HAL_Driver/Src/stm32f4xx_hal_rcc.o
 .debug_info    0x000000000000ede3     0x2c1a ./Drivers/STM32F4xx_HAL_Driver/Src/stm32f4xx_hal_tim.o
 .debug_info    0x00000000000119fd     0x159a ./Drivers/STM32F4xx_HAL_Driver/Src/stm32f4xx_hal_tim_ex.o
 .debug_info    0x0000000000012f97     0x31d6 ./Drivers/STM32F4xx_HAL_Driver/Src/stm32f4xx_hal_uart.o

.debug_abbrev   0x0000000000000000     0x2d5b
 .debug_abbrev  0x0000000000000000      0x206 ./Core/Src/GFX.o
 .debug_abbrev  0x0000000000000206      0x367 ./Core/Src/SSD1306.o
 .debug_abbrev  0x000000000000056d      0x11b ./Core/Src/dma.o
 .debug_abbrev  0x0000000000000688      0x14e ./Core/Src/gpio.o
 .debug_abbrev  0x00000000000007d6      0x1d7 ./Core/Src/i2c.o
 .debug_abbrev  0x00000000000009ad      0x368 ./Core/Src/main.o
 .debug_abbrev  0x0000000000000d15      0x11d ./Core/Src/stm32f4xx_hal_msp.o
 .debug_abbrev  0x0000000000000e32      0x1a1 ./Core/Src/stm32f4xx_it.o
 .debug_abbrev  0x0000000000000fd3      0x1bf ./Core/Src/sysmem.o
 .debug_abbrev  0x0000000000001192      0x145 ./Core/Src/system_stm32f4xx.o
 .debug_abbrev  0x00000000000012d7      0x24d ./Core/Src/tim.o
 .debug_abbrev  0x0000000000001524      0x1d7 ./Core/Src/usart.o
 .debug_abbrev  0x00000000000016fb       0x12 ./Core/Startup/startup_stm32f401retx.o
 .debug_abbrev  0x000000000000170d      0x21e ./Drivers/STM32F4xx_HAL_Driver/Src/stm32f4xx_hal.o
 .debug_abbrev  0x000000000000192b      0x33c ./Drivers/STM32F4xx_HAL_Driver/Src/stm32f4xx_hal_cortex.o
 .debug_abbrev  0x0000000000001c67      0x219 ./Drivers/STM32F4xx_HAL_Driver/Src/stm32f4xx_hal_dma.o
 .debug_abbrev  0x0000000000001e80      0x1f1 ./Drivers/STM32F4xx_HAL_Driver/Src/stm32f4xx_hal_gpio.o
 .debug_abbrev  0x0000000000002071      0x293 ./Drivers/STM32F4xx_HAL_Driver/Src/stm32f4xx_hal_i2c.o
 .debug_abbrev  0x0000000000002304      0x275 ./Drivers/STM32F4xx_HAL_Driver/Src/stm32f4xx_hal_rcc.o
 .debug_abbrev  0x0000000000002579      0x26f ./Drivers/STM32F4xx_HAL_Driver/Src/stm32f4xx_hal_tim.o
 .debug_abbrev  0x00000000000027e8      0x277 ./Drivers/STM32F4xx_HAL_Driver/Src/stm32f4xx_hal_tim_ex.o
 .debug_abbrev  0x0000000000002a5f      0x2fc ./Drivers/STM32F4xx_HAL_Driver/Src/stm32f4xx_hal_uart.o

.debug_aranges  0x0000000000000000     0x10e0
 .debug_aranges
                0x0000000000000000       0x30 ./Core/Src/GFX.o
 .debug_aranges
                0x0000000000000030       0xc8 ./Core/Src/SSD1306.o
 .debug_aranges
                0x00000000000000f8       0x20 ./Core/Src/dma.o
 .debug_aranges
                0x0000000000000118       0x20 ./Core/Src/gpio.o
 .debug_aranges
                0x0000000000000138       0x30 ./Core/Src/i2c.o
 .debug_aranges
                0x0000000000000168       0x80 ./Core/Src/main.o
 .debug_aranges
                0x00000000000001e8       0x20 ./Core/Src/stm32f4xx_hal_msp.o
 .debug_aranges
                0x0000000000000208       0x90 ./Core/Src/stm32f4xx_it.o
 .debug_aranges
                0x0000000000000298       0x20 ./Core/Src/sysmem.o
 .debug_aranges
                0x00000000000002b8       0x28 ./Core/Src/system_stm32f4xx.o
 .debug_aranges
                0x00000000000002e0       0x58 ./Core/Src/tim.o
 .debug_aranges
                0x0000000000000338       0x30 ./Core/Src/usart.o
 .debug_aranges
                0x0000000000000368       0x28 ./Core/Startup/startup_stm32f401retx.o
 .debug_aranges
                0x0000000000000390       0xf0 ./Drivers/STM32F4xx_HAL_Driver/Src/stm32f4xx_hal.o
 .debug_aranges
                0x0000000000000480      0x118 ./Drivers/STM32F4xx_HAL_Driver/Src/stm32f4xx_hal_cortex.o
 .debug_aranges
                0x0000000000000598       0x90 ./Drivers/STM32F4xx_HAL_Driver/Src/stm32f4xx_hal_dma.o
 .debug_aranges
                0x0000000000000628       0x58 ./Drivers/STM32F4xx_HAL_Driver/Src/stm32f4xx_hal_gpio.o
 .debug_aranges
                0x0000000000000680      0x2a0 ./Drivers/STM32F4xx_HAL_Driver/Src/stm32f4xx_hal_i2c.o
 .debug_aranges
                0x0000000000000920       0x88 ./Drivers/STM32F4xx_HAL_Driver/Src/stm32f4xx_hal_rcc.o
 .debug_aranges
                0x00000000000009a8      0x3d0 ./Drivers/STM32F4xx_HAL_Driver/Src/stm32f4xx_hal_tim.o
 .debug_aranges
                0x0000000000000d78      0x168 ./Drivers/STM32F4xx_HAL_Driver/Src/stm32f4xx_hal_tim_ex.o
 .debug_aranges
                0x0000000000000ee0      0x200 ./Drivers/STM32F4xx_HAL_Driver/Src/stm32f4xx_hal_uart.o

.debug_ranges   0x0000000000000000      0xfe0
 .debug_ranges  0x0000000000000000       0x20 ./Core/Src/GFX.o
 .debug_ranges  0x0000000000000020       0xb8 ./Core/Src/SSD1306.o
 .debug_ranges  0x00000000000000d8       0x10 ./Core/Src/dma.o
 .debug_ranges  0x00000000000000e8       0x10 ./Core/Src/gpio.o
 .debug_ranges  0x00000000000000f8       0x20 ./Core/Src/i2c.o
 .debug_ranges  0x0000000000000118       0x70 ./Core/Src/main.o
 .debug_ranges  0x0000000000000188       0x10 ./Core/Src/stm32f4xx_hal_msp.o
 .debug_ranges  0x0000000000000198       0x80 ./Core/Src/stm32f4xx_it.o
 .debug_ranges  0x0000000000000218       0x10 ./Core/Src/sysmem.o
 .debug_ranges  0x0000000000000228       0x18 ./Core/Src/system_stm32f4xx.o
 .debug_ranges  0x0000000000000240       0x48 ./Core/Src/tim.o
 .debug_ranges  0x0000000000000288       0x20 ./Core/Src/usart.o
 .debug_ranges  0x00000000000002a8       0x20 ./Core/Startup/startup_stm32f401retx.o
 .debug_ranges  0x00000000000002c8       0xe0 ./Drivers/STM32F4xx_HAL_Driver/Src/stm32f4xx_hal.o
 .debug_ranges  0x00000000000003a8      0x108 ./Drivers/STM32F4xx_HAL_Driver/Src/stm32f4xx_hal_cortex.o
 .debug_ranges  0x00000000000004b0       0x80 ./Drivers/STM32F4xx_HAL_Driver/Src/stm32f4xx_hal_dma.o
 .debug_ranges  0x0000000000000530       0x48 ./Drivers/STM32F4xx_HAL_Driver/Src/stm32f4xx_hal_gpio.o
 .debug_ranges  0x0000000000000578      0x2b8 ./Drivers/STM32F4xx_HAL_Driver/Src/stm32f4xx_hal_i2c.o
 .debug_ranges  0x0000000000000830       0x78 ./Drivers/STM32F4xx_HAL_Driver/Src/stm32f4xx_hal_rcc.o
 .debug_ranges  0x00000000000008a8      0x3c0 ./Drivers/STM32F4xx_HAL_Driver/Src/stm32f4xx_hal_tim.o
 .debug_ranges  0x0000000000000c68      0x158 ./Drivers/STM32F4xx_HAL_Driver/Src/stm32f4xx_hal_tim_ex.o
 .debug_ranges  0x0000000000000dc0      0x220 ./Drivers/STM32F4xx_HAL_Driver/Src/stm32f4xx_hal_uart.o

.debug_macro    0x0000000000000000    0x17e69
 .debug_macro   0x0000000000000000      0x195 ./Core/Src/GFX.o
 .debug_macro   0x0000000000000195      0xaa8 ./Core/Src/GFX.o
 .debug_macro   0x0000000000000c3d       0x22 ./Core/Src/GFX.o
 .debug_macro   0x0000000000000c5f       0x8e ./Core/Src/GFX.o
 .debug_macro   0x0000000000000ced       0x51 ./Core/Src/GFX.o
 .debug_macro   0x0000000000000d3e      0x103 ./Core/Src/GFX.o
 .debug_macro   0x0000000000000e41       0x6a ./Core/Src/GFX.o
 .debug_macro   0x0000000000000eab      0x1df ./Core/Src/GFX.o
 .debug_macro   0x000000000000108a       0x22 ./Core/Src/GFX.o
 .debug_macro   0x00000000000010ac       0x18 ./Core/Src/GFX.o
 .debug_macro   0x00000000000010c4       0x52 ./Core/Src/GFX.o
 .debug_macro   0x0000000000001116       0x3c ./Core/Src/GFX.o
 .debug_macro   0x0000000000001152       0x34 ./Core/Src/GFX.o
 .debug_macro   0x0000000000001186       0x16 ./Core/Src/GFX.o
 .debug_macro   0x000000000000119c      0x10e ./Core/Src/GFX.o
 .debug_macro   0x00000000000012aa       0x8d ./Core/Src/GFX.o
 .debug_macro   0x0000000000001337       0x16 ./Core/Src/GFX.o
 .debug_macro   0x000000000000134d       0x43 ./Core/Src/GFX.o
 .debug_macro   0x0000000000001390       0x34 ./Core/Src/GFX.o
 .debug_macro   0x00000000000013c4       0x10 ./Core/Src/GFX.o
 .debug_macro   0x00000000000013d4       0x58 ./Core/Src/GFX.o
 .debug_macro   0x000000000000142c       0x71 ./Core/Src/GFX.o
 .debug_macro   0x000000000000149d       0x1c ./Core/Src/GFX.o
 .debug_macro   0x00000000000014b9      0x12a ./Core/Src/GFX.o
 .debug_macro   0x00000000000015e3      0x339 ./Core/Src/GFX.o
 .debug_macro   0x000000000000191c       0x16 ./Core/Src/GFX.o
 .debug_macro   0x0000000000001932       0x29 ./Core/Src/GFX.o
 .debug_macro   0x000000000000195b       0x16 ./Core/Src/GFX.o
 .debug_macro   0x0000000000001971       0x35 ./Core/Src/GFX.o
 .debug_macro   0x00000000000019a6       0x20 ./Core/Src/GFX.o
 .debug_macro   0x00000000000019c6      0x118 ./Core/Src/GFX.o
 .debug_macro   0x0000000000001ade       0x10 ./Core/Src/GFX.o
 .debug_macro   0x0000000000001aee      0x324 ./Core/Src/SSD1306.o
 .debug_macro   0x0000000000001e12      0x2a1 ./Core/Src/SSD1306.o
 .debug_macro   0x00000000000020b3       0x2e ./Core/Src/SSD1306.o
 .debug_macro   0x00000000000020e1       0x28 ./Core/Src/SSD1306.o
 .debug_macro   0x0000000000002109       0x1c ./Core/Src/SSD1306.o
 .debug_macro   0x0000000000002125       0x22 ./Core/Src/SSD1306.o
 .debug_macro   0x0000000000002147       0xd9 ./Core/Src/SSD1306.o
 .debug_macro   0x0000000000002220     0x102d ./Core/Src/SSD1306.o
 .debug_macro   0x000000000000324d      0x11f ./Core/Src/SSD1306.o
 .debug_macro   0x000000000000336c     0xb86c ./Core/Src/SSD1306.o
 .debug_macro   0x000000000000ebd8       0x6d ./Core/Src/SSD1306.o
 .debug_macro   0x000000000000ec45     0x3666 ./Core/Src/SSD1306.o
 .debug_macro   0x00000000000122ab       0x56 ./Core/Src/SSD1306.o
 .debug_macro   0x0000000000012301      0x416 ./Core/Src/SSD1306.o
 .debug_macro   0x0000000000012717      0x9fe ./Core/Src/SSD1306.o
 .debug_macro   0x0000000000013115      0x116 ./Core/Src/SSD1306.o
 .debug_macro   0x000000000001322b       0xf8 ./Core/Src/SSD1306.o
 .debug_macro   0x0000000000013323       0xa5 ./Core/Src/SSD1306.o
 .debug_macro   0x00000000000133c8      0x15f ./Core/Src/SSD1306.o
 .debug_macro   0x0000000000013527      0x287 ./Core/Src/SSD1306.o
 .debug_macro   0x00000000000137ae       0x5f ./Core/Src/SSD1306.o
 .debug_macro   0x000000000001380d      0x236 ./Core/Src/SSD1306.o
 .debug_macro   0x0000000000013a43      0x132 ./Core/Src/SSD1306.o
 .debug_macro   0x0000000000013b75      0x264 ./Core/Src/SSD1306.o
 .debug_macro   0x0000000000013dd9       0x2e ./Core/Src/SSD1306.o
 .debug_macro   0x0000000000013e07      0x1b5 ./Core/Src/SSD1306.o
 .debug_macro   0x0000000000013fbc       0x22 ./Core/Src/SSD1306.o
 .debug_macro   0x0000000000013fde       0xd6 ./Core/Src/SSD1306.o
 .debug_macro   0x00000000000140b4      0x11a ./Core/Src/SSD1306.o
 .debug_macro   0x00000000000141ce       0x85 ./Core/Src/SSD1306.o
 .debug_macro   0x0000000000014253       0x89 ./Core/Src/SSD1306.o
 .debug_macro   0x00000000000142dc      0x8d1 ./Core/Src/SSD1306.o
 .debug_macro   0x0000000000014bad       0x47 ./Core/Src/SSD1306.o
 .debug_macro   0x0000000000014bf4      0x295 ./Core/Src/SSD1306.o
 .debug_macro   0x0000000000014e89      0x126 ./Core/Src/SSD1306.o
 .debug_macro   0x0000000000014faf       0x58 ./Core/Src/SSD1306.o
 .debug_macro   0x0000000000015007      0x200 ./Core/Src/dma.o
 .debug_macro   0x0000000000015207       0xdf ./Core/Src/dma.o
 .debug_macro   0x00000000000152e6      0x174 ./Core/Src/dma.o
 .debug_macro   0x000000000001545a       0x5c ./Core/Src/dma.o
 .debug_macro   0x00000000000154b6      0x200 ./Core/Src/gpio.o
 .debug_macro   0x00000000000156b6      0x200 ./Core/Src/i2c.o
 .debug_macro   0x00000000000158b6      0x361 ./Core/Src/main.o
 .debug_macro   0x0000000000015c17      0x333 ./Core/Src/main.o
 .debug_macro   0x0000000000015f4a       0x10 ./Core/Src/main.o
 .debug_macro   0x0000000000015f5a      0x1f6 ./Core/Src/stm32f4xx_hal_msp.o
 .debug_macro   0x0000000000016150      0x200 ./Core/Src/stm32f4xx_it.o
 .debug_macro   0x0000000000016350       0xff ./Core/Src/sysmem.o
 .debug_macro   0x000000000001644f      0x23b ./Core/Src/sysmem.o
 .debug_macro   0x000000000001668a      0x1e7 ./Core/Src/system_stm32f4xx.o
 .debug_macro   0x0000000000016871      0x200 ./Core/Src/tim.o
 .debug_macro   0x0000000000016a71      0x200 ./Core/Src/usart.o
 .debug_macro   0x0000000000016c71      0x247 ./Drivers/STM32F4xx_HAL_Driver/Src/stm32f4xx_hal.o
 .debug_macro   0x0000000000016eb8      0x1e7 ./Drivers/STM32F4xx_HAL_Driver/Src/stm32f4xx_hal_cortex.o
 .debug_macro   0x000000000001709f      0x1ed ./Drivers/STM32F4xx_HAL_Driver/Src/stm32f4xx_hal_dma.o
 .debug_macro   0x000000000001728c      0x1ed ./Drivers/STM32F4xx_HAL_Driver/Src/stm32f4xx_hal_gpio.o
 .debug_macro   0x0000000000017479      0x22e ./Drivers/STM32F4xx_HAL_Driver/Src/stm32f4xx_hal_i2c.o
 .debug_macro   0x00000000000176a7      0x20b ./Drivers/STM32F4xx_HAL_Driver/Src/stm32f4xx_hal_rcc.o
 .debug_macro   0x00000000000178b2      0x1e8 ./Drivers/STM32F4xx_HAL_Driver/Src/stm32f4xx_hal_tim.o
 .debug_macro   0x0000000000017a9a      0x1e7 ./Drivers/STM32F4xx_HAL_Driver/Src/stm32f4xx_hal_tim_ex.o
 .debug_macro   0x0000000000017c81      0x1e8 ./Drivers/STM32F4xx_HAL_Driver/Src/stm32f4xx_hal_uart.o

.debug_line     0x0000000000000000    0x17471
 .debug_line    0x0000000000000000      0x848 ./Core/Src/GFX.o
 .debug_line    0x0000000000000848      0xfec ./Core/Src/SSD1306.o
 .debug_line    0x0000000000001834      0x875 ./Core/Src/dma.o
 .debug_line    0x00000000000020a9      0x8b3 ./Core/Src/gpio.o
 .debug_line    0x000000000000295c      0x90b ./Core/Src/i2c.o
 .debug_line    0x0000000000003267      0xe80 ./Core/Src/main.o
 .debug_line    0x00000000000040e7      0x878 ./Core/Src/stm32f4xx_hal_msp.o
 .debug_line    0x000000000000495f      0x9ca ./Core/Src/stm32f4xx_it.o
 .debug_line    0x0000000000005329      0x68f ./Core/Src/sysmem.o
 .debug_line    0x00000000000059b8      0x8f9 ./Core/Src/system_stm32f4xx.o
 .debug_line    0x00000000000062b1      0xa73 ./Core/Src/tim.o
 .debug_line    0x0000000000006d24      0x90b ./Core/Src/usart.o
 .debug_line    0x000000000000762f       0x88 ./Core/Startup/startup_stm32f401retx.o
 .debug_line    0x00000000000076b7      0xb5f ./Drivers/STM32F4xx_HAL_Driver/Src/stm32f4xx_hal.o
 .debug_line    0x0000000000008216      0xe0e ./Drivers/STM32F4xx_HAL_Driver/Src/stm32f4xx_hal_cortex.o
 .debug_line    0x0000000000009024     0x10c4 ./Drivers/STM32F4xx_HAL_Driver/Src/stm32f4xx_hal_dma.o
 .debug_line    0x000000000000a0e8      0xc99 ./Drivers/STM32F4xx_HAL_Driver/Src/stm32f4xx_hal_gpio.o
 .debug_line    0x000000000000ad81     0x3b0b ./Drivers/STM32F4xx_HAL_Driver/Src/stm32f4xx_hal_i2c.o
 .debug_line    0x000000000000e88c      0xedb ./Drivers/STM32F4xx_HAL_Driver/Src/stm32f4xx_hal_rcc.o
 .debug_line    0x000000000000f767     0x362d ./Drivers/STM32F4xx_HAL_Driver/Src/stm32f4xx_hal_tim.o
 .debug_line    0x0000000000012d94     0x1af7 ./Drivers/STM32F4xx_HAL_Driver/Src/stm32f4xx_hal_tim_ex.o
 .debug_line    0x000000000001488b     0x2be6 ./Drivers/STM32F4xx_HAL_Driver/Src/stm32f4xx_hal_uart.o

.debug_str      0x0000000000000000    0x8ff6a
 .debug_str     0x0000000000000000     0x7685 ./Core/Src/GFX.o
                                       0x791a (size before relaxing)
 .debug_str     0x0000000000007685    0x83ede ./Core/Src/SSD1306.o
                                      0x8b868 (size before relaxing)
 .debug_str     0x000000000008b563      0x4d0 ./Core/Src/dma.o
                                      0x87d66 (size before relaxing)
 .debug_str     0x000000000008ba33       0x9e ./Core/Src/gpio.o
                                      0x87a7a (size before relaxing)
 .debug_str     0x000000000008bad1       0x7e ./Core/Src/i2c.o
                                      0x88318 (size before relaxing)
 .debug_str     0x000000000008bb4f      0x7f9 ./Core/Src/main.o
                                      0x8c005 (size before relaxing)
 .debug_str     0x000000000008c348       0x2c ./Core/Src/stm32f4xx_hal_msp.o
                                      0x879dd (size before relaxing)
 .debug_str     0x000000000008c374      0x132 ./Core/Src/stm32f4xx_it.o
                                      0x88383 (size before relaxing)
 .debug_str     0x000000000008c4a6      0x4e9 ./Core/Src/sysmem.o
                                       0x62af (size before relaxing)
 .debug_str     0x000000000008c98f       0xaf ./Core/Src/system_stm32f4xx.o
                                      0x87929 (size before relaxing)
 .debug_str     0x000000000008ca3e      0x20e ./Core/Src/tim.o
                                      0x8852b (size before relaxing)
 .debug_str     0x000000000008cc4c       0x57 ./Core/Src/usart.o
                                      0x8827a (size before relaxing)
 .debug_str     0x000000000008cca3       0x36 ./Core/Startup/startup_stm32f401retx.o
                                         0x80 (size before relaxing)
 .debug_str     0x000000000008ccd9      0x58d ./Drivers/STM32F4xx_HAL_Driver/Src/stm32f4xx_hal.o
                                      0x882a9 (size before relaxing)
 .debug_str     0x000000000008d266      0x399 ./Drivers/STM32F4xx_HAL_Driver/Src/stm32f4xx_hal_cortex.o
                                      0x88086 (size before relaxing)
 .debug_str     0x000000000008d5ff      0x31d ./Drivers/STM32F4xx_HAL_Driver/Src/stm32f4xx_hal_dma.o
                                      0x87d41 (size before relaxing)
 .debug_str     0x000000000008d91c      0x15f ./Drivers/STM32F4xx_HAL_Driver/Src/stm32f4xx_hal_gpio.o
                                      0x87ad0 (size before relaxing)
 .debug_str     0x000000000008da7b      0xabd ./Drivers/STM32F4xx_HAL_Driver/Src/stm32f4xx_hal_i2c.o
                                      0x8889e (size before relaxing)
 .debug_str     0x000000000008e538      0x24e ./Drivers/STM32F4xx_HAL_Driver/Src/stm32f4xx_hal_rcc.o
                                      0x87d2b (size before relaxing)
 .debug_str     0x000000000008e786      0xd1c ./Drivers/STM32F4xx_HAL_Driver/Src/stm32f4xx_hal_tim.o
                                      0x88c46 (size before relaxing)
 .debug_str     0x000000000008f4a2      0x4ee ./Drivers/STM32F4xx_HAL_Driver/Src/stm32f4xx_hal_tim_ex.o
                                      0x883f7 (size before relaxing)
 .debug_str     0x000000000008f990      0x5da ./Drivers/STM32F4xx_HAL_Driver/Src/stm32f4xx_hal_uart.o
                                      0x8829f (size before relaxing)

.comment        0x0000000000000000       0x53
 .comment       0x0000000000000000       0x53 ./Core/Src/GFX.o
                                         0x54 (size before relaxing)
 .comment       0x0000000000000053       0x54 ./Core/Src/SSD1306.o
 .comment       0x0000000000000053       0x54 ./Core/Src/dma.o
 .comment       0x0000000000000053       0x54 ./Core/Src/gpio.o
 .comment       0x0000000000000053       0x54 ./Core/Src/i2c.o
 .comment       0x0000000000000053       0x54 ./Core/Src/main.o
 .comment       0x0000000000000053       0x54 ./Core/Src/stm32f4xx_hal_msp.o
 .comment       0x0000000000000053       0x54 ./Core/Src/stm32f4xx_it.o
 .comment       0x0000000000000053       0x54 ./Core/Src/sysmem.o
 .comment       0x0000000000000053       0x54 ./Core/Src/system_stm32f4xx.o
 .comment       0x0000000000000053       0x54 ./Core/Src/tim.o
 .comment       0x0000000000000053       0x54 ./Core/Src/usart.o
 .comment       0x0000000000000053       0x54 ./Drivers/STM32F4xx_HAL_Driver/Src/stm32f4xx_hal.o
 .comment       0x0000000000000053       0x54 ./Drivers/STM32F4xx_HAL_Driver/Src/stm32f4xx_hal_cortex.o
 .comment       0x0000000000000053       0x54 ./Drivers/STM32F4xx_HAL_Driver/Src/stm32f4xx_hal_dma.o